Component: ARM Compiler 5.05 update 1 (build 106) Tool: armlink [4d0efa]

==============================================================================

Section Cross References

    main.o(i.BSP_init) refers to led.o(i.led_configuration) for led_configuration
    main.o(i.BSP_init) refers to main.o(i.user_key_init) for user_key_init
    main.o(i.BSP_init) refers to laser.o(i.laser_configuration) for laser_configuration
    main.o(i.BSP_init) refers to remote_control.o(i.remote_control_init) for remote_control_init
    main.o(i.BSP_init) refers to power_ctrl.o(i.power_ctrl_configuration) for power_ctrl_configuration
    main.o(i.BSP_init) refers to power_ctrl.o(i.power_ctrl_on) for power_ctrl_on
    main.o(i.BSP_init) refers to delay.o(i.delay_us) for delay_us
    main.o(i.BSP_init) refers to can.o(i.CAN1_mode_init) for CAN1_mode_init
    main.o(i.BSP_init) refers to can.o(i.CAN2_mode_init) for CAN2_mode_init
    main.o(i.BSP_init) refers to timer.o(i.TIM8_Init) for TIM8_Init
    main.o(i.BSP_init) refers to stm32f4xx_tim.o(i.TIM_SetCompare4) for TIM_SetCompare4
    main.o(i.BSP_init) refers to snail_motor.o(i.snail_init) for snail_init
    main.o(i.BSP_init) refers to spi.o(i.SPI1Init) for SPI1Init
    main.o(i.BSP_init) refers to oled.o(i.oled_init) for oled_init
    main.o(i.BSP_init) refers to oled.o(i.button_AD_init) for button_AD_init
    main.o(i.main) refers to misc.o(i.NVIC_PriorityGroupConfig) for NVIC_PriorityGroupConfig
    main.o(i.main) refers to delay.o(i.delay_init) for delay_init
    main.o(i.main) refers to ambition_data_rule.o(i.get_flash_union_data_point) for get_flash_union_data_point
    main.o(i.main) refers to flash.o(i.STMFLASH_Read) for STMFLASH_Read
    main.o(i.main) refers to ins_task.o(i.write_flash_to_data) for write_flash_to_data
    main.o(i.main) refers to main.o(i.BSP_init) for BSP_init
    main.o(i.main) refers to start_task.o(i.StartTask) for StartTask
    main.o(i.main) refers to tasks.o(i.vTaskStartScheduler) for vTaskStartScheduler
    main.o(i.main) refers to main.o(.data) for flash_read_buffer
    main.o(i.user_key_init) refers to stm32f4xx_rcc.o(i.RCC_AHB1PeriphClockCmd) for RCC_AHB1PeriphClockCmd
    main.o(i.user_key_init) refers to stm32f4xx_gpio.o(i.GPIO_Init) for GPIO_Init
    system_stm32f4xx.o(i.SystemCoreClockUpdate) refers to system_stm32f4xx.o(.data) for SystemCoreClock
    system_stm32f4xx.o(i.SystemInit) refers to system_stm32f4xx.o(i.SetSysClock) for SetSysClock
    ambition_data_rule.o(i.get_flash_data_buffer_point) refers to ambition_data_rule.o(.bss) for flash_data_u
    ambition_data_rule.o(i.get_flash_data_list_point) refers to ambition_data_rule.o(.bss) for flash_data_u
    ambition_data_rule.o(i.get_flash_union_data_point) refers to ambition_data_rule.o(.bss) for flash_data_u
    stm32f4xx_adc.o(i.ADC_DeInit) refers to stm32f4xx_rcc.o(i.RCC_APB2PeriphResetCmd) for RCC_APB2PeriphResetCmd
    stm32f4xx_can.o(i.CAN_DeInit) refers to stm32f4xx_rcc.o(i.RCC_APB1PeriphResetCmd) for RCC_APB1PeriphResetCmd
    stm32f4xx_can.o(i.CAN_GetITStatus) refers to stm32f4xx_can.o(i.CheckITStatus) for CheckITStatus
    stm32f4xx_cryp.o(i.CRYP_DeInit) refers to stm32f4xx_rcc.o(i.RCC_AHB2PeriphResetCmd) for RCC_AHB2PeriphResetCmd
    stm32f4xx_cryp_aes.o(i.CRYP_AES_CBC) refers to stm32f4xx_cryp.o(i.CRYP_KeyStructInit) for CRYP_KeyStructInit
    stm32f4xx_cryp_aes.o(i.CRYP_AES_CBC) refers to stm32f4xx_cryp.o(i.CRYP_FIFOFlush) for CRYP_FIFOFlush
    stm32f4xx_cryp_aes.o(i.CRYP_AES_CBC) refers to stm32f4xx_cryp.o(i.CRYP_Init) for CRYP_Init
    stm32f4xx_cryp_aes.o(i.CRYP_AES_CBC) refers to stm32f4xx_cryp.o(i.CRYP_KeyInit) for CRYP_KeyInit
    stm32f4xx_cryp_aes.o(i.CRYP_AES_CBC) refers to stm32f4xx_cryp.o(i.CRYP_Cmd) for CRYP_Cmd
    stm32f4xx_cryp_aes.o(i.CRYP_AES_CBC) refers to stm32f4xx_cryp.o(i.CRYP_GetFlagStatus) for CRYP_GetFlagStatus
    stm32f4xx_cryp_aes.o(i.CRYP_AES_CBC) refers to stm32f4xx_cryp.o(i.CRYP_IVInit) for CRYP_IVInit
    stm32f4xx_cryp_aes.o(i.CRYP_AES_CBC) refers to stm32f4xx_cryp.o(i.CRYP_GetCmdStatus) for CRYP_GetCmdStatus
    stm32f4xx_cryp_aes.o(i.CRYP_AES_CBC) refers to stm32f4xx_cryp.o(i.CRYP_DataIn) for CRYP_DataIn
    stm32f4xx_cryp_aes.o(i.CRYP_AES_CBC) refers to stm32f4xx_cryp.o(i.CRYP_DataOut) for CRYP_DataOut
    stm32f4xx_cryp_aes.o(i.CRYP_AES_CCM) refers to stm32f4xx_cryp.o(i.CRYP_KeyStructInit) for CRYP_KeyStructInit
    stm32f4xx_cryp_aes.o(i.CRYP_AES_CCM) refers to stm32f4xx_cryp.o(i.CRYP_FIFOFlush) for CRYP_FIFOFlush
    stm32f4xx_cryp_aes.o(i.CRYP_AES_CCM) refers to stm32f4xx_cryp.o(i.CRYP_KeyInit) for CRYP_KeyInit
    stm32f4xx_cryp_aes.o(i.CRYP_AES_CCM) refers to stm32f4xx_cryp.o(i.CRYP_IVInit) for CRYP_IVInit
    stm32f4xx_cryp_aes.o(i.CRYP_AES_CCM) refers to stm32f4xx_cryp.o(i.CRYP_Init) for CRYP_Init
    stm32f4xx_cryp_aes.o(i.CRYP_AES_CCM) refers to stm32f4xx_cryp.o(i.CRYP_PhaseConfig) for CRYP_PhaseConfig
[...]
    SHOOTTask_Handler                        0x200000b4   Data           4  start_task.o(.data)
    flash_union_data_point                   0x200000b8   Data           4  led_task.o(.data)
    flash_data_len                           0x200000bc   Data           4  led_task.o(.data)
    mpu_offset_cail_is_ok                    0x200000c0   Data           1  led_task.o(.data)
    angle                                    0x200000c4   Data           4  led_task.o(.data)
    zero_offset                              0x200000c8   Data           4  led_task.o(.data)
    shoot_data                               0x200000cc   Data           4  led_task.o(.data)
    judg_data_oled                           0x200000d0   Data           4  led_task.o(.data)
    shoot_L                                  0x200000d4   Data           4  led_task.o(.data)
    shoot_R                                  0x200000d8   Data           4  led_task.o(.data)
    rc_oled                                  0x200000dc   Data           4  led_task.o(.data)
    pitch_oled                               0x200000e0   Data           4  led_task.o(.data)
    yaw_oled                                 0x200000e4   Data           4  led_task.o(.data)
    butten_ad                                0x200000e8   Data           2  led_task.o(.data)
    page                                     0x200000ea   Data           1  led_task.o(.data)
    flash_data                               0x20000160   Data           4  ins_task.o(.data)
    i_block_f                                0x20000170   Data           8  chassis_task.o(.data)
    press_q                                  0x20000178   Data           1  chassis_task.o(.data)
    last_press_q                             0x20000179   Data           1  chassis_task.o(.data)
    open_whip                                0x2000017a   Data           1  chassis_task.o(.data)
    yaw_ecd_direct                           0x20000188   Data           1  gimbal_task.o(.data)
    p_speed_i_block                          0x2000018c   Data           8  gimbal_task.o(.data)
    p_angle_i_block                          0x20000194   Data           8  gimbal_task.o(.data)
    y_speed_i_block                          0x2000019c   Data           8  gimbal_task.o(.data)
    y_angle_i_block                          0x200001a4   Data           8  gimbal_task.o(.data)
    judg_data_shoot                          0x200001b8   Data           4  shoot_task.o(.data)
    visual_control_shoot                     0x200001bc   Data           4  shoot_task.o(.data)
    look_l                                   0x200001d4   Data           4  shoot_task.o(.data)
    look_r                                   0x200001d8   Data           4  shoot_task.o(.data)
    Buffer_point                             0x200001e4   Data           2  fpv_control.o(.data)
    Segment_len                              0x200001e6   Data           2  fpv_control.o(.data)
    farme_mode                               0x200001e8   Data           1  fpv_control.o(.data)
    farme_mode_q                             0x200001e9   Data           1  fpv_control.o(.data)
    farme_header_data                        0x200001ea   Data           6  fpv_control.o(.data)
    d_cmd_id                                 0x200001f0   Data           2  fpv_control.o(.data)
    d_CRC16                                  0x200001f2   Data           2  fpv_control.o(.data)
    judg_rx_data                             0x20000217   Data           8  can_receive.o(.data)
    yaw_angle                                0x20000220   Data           4  visual_recognition.o(.data)
    pitch_angle                              0x20000224   Data           4  visual_recognition.o(.data)
    distance                                 0x20000228   Data           4  visual_recognition.o(.data)
    judg_data_visual_p                       0x2000022c   Data           4  visual_recognition.o(.data)
    flash_data_u                             0x20000240   Data         256  ambition_data_rule.o(.bss)
    xQueueRegistry                           0x20000340   Data          64  queue.o(.bss)
    gyro_cali_temp_40_20                     0x200130dc   Data         252  ins_task.o(.bss)
    follow_pid                               0x20013380   Data         136  chassis_task.o(.bss)
    AMB_pitch_s_pid                          0x200134b0   Data         136  gimbal_task.o(.bss)
    AMB_pitch_encode_pid                     0x20013538   Data         136  gimbal_task.o(.bss)
    AMB_pitch_tuoluo_pid                     0x200135c0   Data         136  gimbal_task.o(.bss)
    AMB_yaw_s_pid                            0x20013648   Data         136  gimbal_task.o(.bss)
    AMB_yaw_encode_pid                       0x200136d0   Data         136  gimbal_task.o(.bss)
    AMB_yaw_tuoluo_pid                       0x20013758   Data         136  gimbal_task.o(.bss)
    shoot_sys_data                           0x200137e0   Data         748  shoot_task.o(.bss)
    RX_buffer                                0x20013f2a   Data          32  fpv_control.o(.bss)
    fpv_control_u                            0x20013f4a   Data          12  fpv_control.o(.bss)
    visual_data_buffer                       0x20013fe4   Data          20  visual_recognition.o(.bss)
    visual_data                              0x20013ff8   Data          24  visual_recognition.o(.bss)
    tx_buffer                                0x20014010   Data          10  visual_recognition.o(.bss)
    __libspace_start                         0x2001401c   Data          96  libspace.o(.bss)
    __temporary_stack_top$libspace           0x2001407c   Data           0  libspace.o(.bss)



==============================================================================

Memory Map of the image

  Image Entry point : 0x080001ad

  Load Region LR_IROM1 (Base: 0x08000000, Size: 0x00010a50, Max: 0x00200000, ABSOLUTE, COMPRESSED[0x00010874])

    Execution Region ER_IROM1 (Exec base: 0x08000000, Load base: 0x08000000, Size: 0x00010810, Max: 0x00200000, ABSOLUTE)

    Exec Addr    Load Addr    Size         Type   Attr      Idx    E Section Name        Object

    0x08000000   0x08000000   0x000001ac   Data   RO         5233    RESET               startup_stm32f427xx.o
    0x080001ac   0x080001ac   0x00000008   Code   RO         9576  * !!!main             c_w.l(__main.o)
    0x080001b4   0x080001b4   0x00000034   Code   RO        10096    !!!scatter          c_w.l(__scatter.o)
    0x080001e8   0x080001e8   0x0000005a   Code   RO        10094    !!dczerorl2         c_w.l(__dczerorl2.o)
    0x08000242   0x08000242   0x00000002   PAD
    0x08000244   0x08000244   0x0000001c   Code   RO        10098    !!handler_zi        c_w.l(__scatter_zi.o)
    0x08000260   0x08000260   0x00000000   Code   RO         9742    .ARM.Collect$$_printf_percent$$00000000  c_w.l(_printf_percent.o)
    0x08000260   0x08000260   0x00000006   Code   RO         9731    .ARM.Collect$$_printf_percent$$00000001  c_w.l(_printf_n.o)
    0x08000266   0x08000266   0x00000006   Code   RO         9733    .ARM.Collect$$_printf_percent$$00000002  c_w.l(_printf_p.o)
    0x0800026c   0x0800026c   0x00000006   Code   RO         9738    .ARM.Collect$$_printf_percent$$00000003  c_w.l(_printf_f.o)
    0x08000272   0x08000272   0x00000006   Code   RO         9739    .ARM.Collect$$_printf_percent$$00000004  c_w.l(_printf_e.o)
    0x08000278   0x08000278   0x00000006   Code   RO         9740    .ARM.Collect$$_printf_percent$$00000005  c_w.l(_printf_g.o)
    0x0800027e   0x0800027e   0x00000006   Code   RO         9741    .ARM.Collect$$_printf_percent$$00000006  c_w.l(_printf_a.o)
    0x08000284   0x08000284   0x0000000a   Code   RO         9746    .ARM.Collect$$_printf_percent$$00000007  c_w.l(_printf_ll.o)
    0x0800028e   0x0800028e   0x00000006   Code   RO         9735    .ARM.Collect$$_printf_percent$$00000008  c_w.l(_printf_i.o)
    0x08000294   0x08000294   0x00000006   Code   RO         9736    .ARM.Collect$$_printf_percent$$00000009  c_w.l(_printf_d.o)
    0x0800029a   0x0800029a   0x00000006   Code   RO         9737    .ARM.Collect$$_printf_percent$$0000000A  c_w.l(_printf_u.o)
    0x080002a0   0x080002a0   0x00000006   Code   RO         9734    .ARM.Collect$$_printf_percent$$0000000B  c_w.l(_printf_o.o)
    0x080002a6   0x080002a6   0x00000006   Code   RO         9732    .ARM.Collect$$_printf_percent$$0000000C  c_w.l(_printf_x.o)
    0x080002ac   0x080002ac   0x00000006   Code   RO         9743    .ARM.Collect$$_printf_percent$$0000000D  c_w.l(_printf_lli.o)
    0x080002b2   0x080002b2   0x00000006   Code   RO         9744    .ARM.Collect$$_printf_percent$$0000000E  c_w.l(_printf_lld.o)
    0x080002b8   0x080002b8   0x00000006   Code   RO         9745    .ARM.Collect$$_printf_percent$$0000000F  c_w.l(_printf_llu.o)
    0x080002be   0x080002be   0x00000006   Code   RO         9750    .ARM.Collect$$_printf_percent$$00000010  c_w.l(_printf_llo.o)
    0x080002c4   0x080002c4   0x00000006   Code   RO         9751    .ARM.Collect$$_printf_percent$$00000011  c_w.l(_printf_llx.o)
    0x080002ca   0x080002ca   0x0000000a   Code   RO         9747    .ARM.Collect$$_printf_percent$$00000012  c_w.l(_printf_l.o)
    0x080002d4   0x080002d4   0x00000006   Code   RO         9729    .ARM.Collect$$_printf_percent$$00000013  c_w.l(_printf_c.o)
    0x080002da   0x080002da   0x00000006   Code   RO         9730    .ARM.Collect$$_printf_percent$$00000014  c_w.l(_printf_s.o)
    0x080002e0   0x080002e0   0x00000006   Code   RO         9748    .ARM.Collect$$_printf_percent$$00000015  c_w.l(_printf_lc.o)
    0x080002e6   0x080002e6   0x00000006   Code   RO         9749    .ARM.Collect$$_printf_percent$$00000016  c_w.l(_printf_ls.o)
    0x080002ec   0x080002ec   0x00000004   Code   RO         9887    .ARM.Collect$$_printf_percent$$00000017  c_w.l(_printf_percent_end.o)
    0x080002f0   0x080002f0   0x00000002   Code   RO         9961    .ARM.Collect$$libinit$$00000000  c_w.l(libinit.o)
    0x080002f2   0x080002f2   0x00000004   Code   RO         9977    .ARM.Collect$$libinit$$00000001  c_w.l(libinit2.o)
    0x080002f6   0x080002f6   0x00000000   Code   RO         9980    .ARM.Collect$$libinit$$00000004  c_w.l(libinit2.o)
    0x080002f6   0x080002f6   0x00000000   Code   RO         9983    .ARM.Collect$$libinit$$0000000A  c_w.l(libinit2.o)
    0x080002f6   0x080002f6   0x00000000   Code   RO         9985    .ARM.Collect$$libinit$$0000000C  c_w.l(libinit2.o)
    0x080002f6   0x080002f6   0x00000000   Code   RO         9987    .ARM.Collect$$libinit$$0000000E  c_w.l(libinit2.o)
    0x080002f6   0x080002f6   0x00000006   Code   RO         9988    .ARM.Collect$$libinit$$0000000F  c_w.l(libinit2.o)
    0x080002fc   0x080002fc   0x00000000   Code   RO         9990    .ARM.Collect$$libinit$$00000011  c_w.l(libinit2.o)
    0x080002fc   0x080002fc   0x0000000c   Code   RO         9991    .ARM.Collect$$libinit$$00000012  c_w.l(libinit2.o)
    0x08000308   0x08000308   0x00000000   Code   RO         9992    .ARM.Collect$$libinit$$00000013  c_w.l(libinit2.o)
    0x08000308   0x08000308   0x00000000   Code   RO         9994    .ARM.Collect$$libinit$$00000015  c_w.l(libinit2.o)
    0x08000308   0x08000308   0x0000000a   Code   RO         9995    .ARM.Collect$$libinit$$00000016  c_w.l(libinit2.o)
    0x08000312   0x08000312   0x00000000   Code   RO         9996    .ARM.Collect$$libinit$$00000017  c_w.l(libinit2.o)
    0x08000312   0x08000312   0x00000000   Code   RO         9998    .ARM.Collect$$libinit$$00000019  c_w.l(libinit2.o)
    0x08000312   0x08000312   0x00000000   Code   RO        10000    .ARM.Collect$$libinit$$0000001B  c_w.l(libinit2.o)
    0x08000312   0x08000312   0x00000000   Code   RO        10002    .ARM.Collect$$libinit$$0000001D  c_w.l(libinit2.o)
    0x08000312   0x08000312   0x00000000   Code   RO        10004    .ARM.Collect$$libinit$$0000001F  c_w.l(libinit2.o)
    0x08000312   0x08000312   0x00000000   Code   RO        10006    .ARM.Collect$$libinit$$00000021  c_w.l(libinit2.o)
    0x08000312   0x08000312   0x00000000   Code   RO        10008    .ARM.Collect$$libinit$$00000023  c_w.l(libinit2.o)
    0x08000312   0x08000312   0x00000000   Code   RO        10010    .ARM.Collect$$libinit$$00000025  c_w.l(libinit2.o)
    0x08000312   0x08000312   0x00000000   Code   RO        10014    .ARM.Collect$$libinit$$0000002C  c_w.l(libinit2.o)
    0x08000312   0x08000312   0x00000000   Code   RO        10016    .ARM.Collect$$libinit$$0000002E  c_w.l(libinit2.o)
    0x08000312   0x08000312   0x00000000   Code   RO        10018    .ARM.Collect$$libinit$$00000030  c_w.l(libinit2.o)
    0x08000312   0x08000312   0x00000000   Code   RO        10020    .ARM.Collect$$libinit$$00000032  c_w.l(libinit2.o)
    0x08000312   0x08000312   0x00000002   Code   RO        10021    .ARM.Collect$$libinit$$00000033  c_w.l(libinit2.o)
    0x08000314   0x08000314   0x00000002   Code   RO        10052    .ARM.Collect$$libshutdown$$00000000  c_w.l(libshutdown.o)
    0x08000316   0x08000316   0x00000000   Code   RO        10079    .ARM.Collect$$libshutdown$$00000003  c_w.l(libshutdown2.o)
    0x08000316   0x08000316   0x00000000   Code   RO        10082    .ARM.Collect$$libshutdown$$00000006  c_w.l(libshutdown2.o)
    0x08000316   0x08000316   0x00000000   Code   RO        10085    .ARM.Collect$$libshutdown$$00000009  c_w.l(libshutdown2.o)
    0x08000316   0x08000316   0x00000000   Code   RO        10087    .ARM.Collect$$libshutdown$$0000000B  c_w.l(libshutdown2.o)
    0x08000316   0x08000316   0x00000000   Code   RO        10090    .ARM.Collect$$libshutdown$$0000000E  c_w.l(libshutdown2.o)
    0x08000316   0x08000316   0x00000002   Code   RO        10091    .ARM.Collect$$libshutdown$$0000000F  c_w.l(libshutdown2.o)
    0x08000318   0x08000318   0x00000000   Code   RO         9658    .ARM.Collect$$rtentry$$00000000  c_w.l(__rtentry.o)
    0x08000318   0x08000318   0x00000000   Code   RO         9851    .ARM.Collect$$rtentry$$00000002  c_w.l(__rtentry2.o)
    0x08000318   0x08000318   0x00000006   Code   RO         9863    .ARM.Collect$$rtentry$$00000004  c_w.l(__rtentry4.o)
    0x0800031e   0x0800031e   0x00000000   Code   RO         9853    .ARM.Collect$$rtentry$$00000009  c_w.l(__rtentry2.o)
    0x0800031e   0x0800031e   0x00000004   Code   RO         9854    .ARM.Collect$$rtentry$$0000000A  c_w.l(__rtentry2.o)
    0x08000322   0x08000322   0x00000000   Code   RO         9856    .ARM.Collect$$rtentry$$0000000C  c_w.l(__rtentry2.o)
    0x08000322   0x08000322   0x00000008   Code   RO         9857    .ARM.Collect$$rtentry$$0000000D  c_w.l(__rtentry2.o)
    0x0800032a   0x0800032a   0x00000002   Code   RO         9964    .ARM.Collect$$rtexit$$00000000  c_w.l(rtexit.o)
    0x0800032c   0x0800032c   0x00000000   Code   RO        10025    .ARM.Collect$$rtexit$$00000002  c_w.l(rtexit2.o)
    0x0800032c   0x0800032c   0x00000004   Code   RO        10026    .ARM.Collect$$rtexit$$00000003  c_w.l(rtexit2.o)
    0x08000330   0x08000330   0x00000006   Code   RO        10027    .ARM.Collect$$rtexit$$00000004  c_w.l(rtexit2.o)
    0x08000336   0x08000336   0x00000002   PAD
    0x08000338   0x08000338   0x000000be   Code   RO         6361    .emb_text           port.o
    0x080003f6   0x080003f6   0x00000002   PAD
    0x080003f8   0x080003f8   0x0000004c   Code   RO         5234    .text               startup_stm32f427xx.o
    0x08000444   0x08000444   0x00000078   Code   RO         9173    .text               arm_cortexM4lf_math.lib(arm_cos_f32.o)
    0x080004bc   0x080004bc   0x00000074   Code   RO         9226    .text               arm_cortexM4lf_math.lib(arm_sin_f32.o)
    0x08000530   0x08000530   0x00000024   Code   RO         9562    .text               c_w.l(vsprintf.o)
    0x08000554   0x08000554   0x0000003e   Code   RO         9564    .text               c_w.l(strlen.o)
    0x08000592   0x08000592   0x0000008a   Code   RO         9566    .text               c_w.l(rt_memcpy_v6.o)
    0x0800061c   0x0800061c   0x00000010   Code   RO         9570    .text               c_w.l(aeabi_memset.o)
    0x0800062c   0x0800062c   0x0000004e   Code   RO         9572    .text               c_w.l(rt_memclr_w.o)
    0x0800067a   0x0800067a   0x00000006   Code   RO         9574    .text               c_w.l(heapauxi.o)
    0x08000680   0x08000680   0x00000016   Code   RO         9659    .text               c_w.l(_rserrno.o)
    0x08000696   0x08000696   0x0000004e   Code   RO         9663    .text               c_w.l(_printf_pad.o)
    0x080006e4   0x080006e4   0x00000024   Code   RO         9665    .text               c_w.l(_printf_truncate.o)
    0x08000708   0x08000708   0x00000052   Code   RO         9667    .text               c_w.l(_printf_str.o)
    0x0800075a   0x0800075a   0x00000002   PAD
    0x0800075c   0x0800075c   0x00000078   Code   RO         9669    .text               c_w.l(_printf_dec.o)
    0x080007d4   0x080007d4   0x00000028   Code   RO         9671    .text               c_w.l(_printf_charcount.o)
    0x080007fc   0x080007fc   0x00000030   Code   RO         9673    .text               c_w.l(_printf_char_common.o)
    0x0800082c   0x0800082c   0x0000000a   Code   RO         9675    .text               c_w.l(_sputc.o)
    0x08000836   0x08000836   0x00000002   PAD
    0x08000838   0x08000838   0x000000bc   Code   RO         9677    .text               c_w.l(_printf_wctomb.o)
    0x080008f4   0x080008f4   0x0000007c   Code   RO         9680    .text               c_w.l(_printf_longlong_dec.o)
    0x08000970   0x08000970   0x00000070   Code   RO         9686    .text               c_w.l(_printf_oct_int_ll.o)
    0x080009e0   0x080009e0   0x00000094   Code   RO         9706    .text               c_w.l(_printf_hex_int_ll_ptr.o)
    0x08000a74   0x08000a74   0x00000188   Code   RO         9726    .text               c_w.l(__printf_flags_ss_wp.o)
    0x08000bfc   0x08000bfc   0x00000064   Code   RO         9752    .text               c_w.l(rt_memcpy_w.o)
    0x08000c60   0x08000c60   0x00000044   Code   RO         9754    .text               c_w.l(rt_memclr.o)
    0x08000ca4   0x08000ca4   0x00000008   Code   RO         9868    .text               c_w.l(rt_errno_addr_intlibspace.o)
    0x08000cac   0x08000cac   0x0000008a   Code   RO         9870    .text               c_w.l(lludiv10.o)
    0x08000d36   0x08000d36   0x00000002   PAD
    0x08000d38   0x08000d38   0x00000030   Code   RO         9872    .text               c_w.l(_fptrap.o)
    0x08000d68   0x08000d68   0x000000b2   Code   RO         9874    .text               c_w.l(_printf_intcommon.o)
    0x08000e1a   0x08000e1a   0x0000041a   Code   RO         9876    .text               c_w.l(_printf_fp_dec.o)
    0x08001234   0x08001234   0x000002fc   Code   RO         9878    .text               c_w.l(_printf_fp_hex.o)
    0x08001530   0x08001530   0x0000002c   Code   RO         9883    .text               c_w.l(_printf_char.o)
    0x0800155c   0x0800155c   0x0000002c   Code   RO         9885    .text               c_w.l(_printf_wchar.o)
    0x08001588   0x08001588   0x00000040   Code   RO         9888    .text               c_w.l(_wcrtomb.o)
    0x080015c8   0x080015c8   0x00000008   Code   RO         9908    .text               c_w.l(libspace.o)
    0x080015d0   0x080015d0   0x0000004a   Code   RO         9911    .text               c_w.l(sys_stackheap_outer.o)
    0x0800161a   0x0800161a   0x00000002   PAD
    0x0800161c   0x0800161c   0x00000010   Code   RO         9913    .text               c_w.l(rt_ctype_table.o)
    0x0800162c   0x0800162c   0x00000008   Code   RO         9918    .text               c_w.l(rt_locale_intlibspace.o)
    0x08001634   0x08001634   0x00000080   Code   RO         9920    .text               c_w.l(_printf_fp_infnan.o)
    0x080016b4   0x080016b4   0x000000dc   Code   RO         9922    .text               c_w.l(bigflt0.o)
    0x08001790   0x08001790   0x0000000c   Code   RO         9950    .text               c_w.l(exit.o)
    0x0800179c   0x0800179c   0x0000000e   Code   RO         9952    .text               c_w.l(defsig_fpe_outer.o)
    0x080017aa   0x080017aa   0x0000000a   Code   RO         9971    .text               c_w.l(defsig_exit.o)
    0x080017b4   0x080017b4   0x000000ac   Code   RO         9973    .text               c_w.l(defsig_fpe_inner.o)
    0x08001860   0x08001860   0x00000080   Code   RO         9975    .text               c_w.l(strcmpv7m.o)
    0x080018e0   0x080018e0   0x0000000c   Code   RO        10022    .text               c_w.l(sys_exit.o)
    0x080018ec   0x080018ec   0x00000032   Code   RO        10033    .text               c_w.l(defsig_general.o)
    0x0800191e   0x0800191e   0x0000000e   Code   RO        10039    .text               c_w.l(sys_wrch.o)
    0x0800192c   0x0800192c   0x00000002   Code   RO        10041    .text               c_w.l(use_no_semi.o)
    0x0800192e   0x0800192e   0x00000000   Code   RO        10043    .text               c_w.l(indicate_semi.o)
    0x0800192e   0x0800192e   0x0000003e   Code   RO         9925    CL$$btod_d2e        c_w.l(btod.o)
    0x0800196c   0x0800196c   0x00000046   Code   RO         9927    CL$$btod_d2e_denorm_low  c_w.l(btod.o)
    0x080019b2   0x080019b2   0x00000060   Code   RO         9926    CL$$btod_d2e_norm_op1  c_w.l(btod.o)
    0x08001a12   0x08001a12   0x00000338   Code   RO         9935    CL$$btod_div_common  c_w.l(btod.o)
    0x08001d4a   0x08001d4a   0x000000c6   Code   RO         9932    CL$$btod_e2e        c_w.l(btod.o)
    0x08001e10   0x08001e10   0x00000028   Code   RO         9929    CL$$btod_ediv       c_w.l(btod.o)
    0x08001e38   0x08001e38   0x00000028   Code   RO         9928    CL$$btod_emul       c_w.l(btod.o)
    0x08001e60   0x08001e60   0x00000244   Code   RO         9934    CL$$btod_mult_common  c_w.l(btod.o)
    0x080020a4   0x080020a4   0x00000006   Code   RO          551    i.ADC_ClearFlag     stm32f4xx_adc.o
    0x080020aa   0x080020aa   0x00000016   Code   RO          553    i.ADC_Cmd           stm32f4xx_adc.o
    0x080020c0   0x080020c0   0x00000030   Code   RO          554    i.ADC_CommonInit    stm32f4xx_adc.o
    0x080020f0   0x080020f0   0x00000008   Code   RO          565    i.ADC_GetConversionValue  stm32f4xx_adc.o
    0x080020f8   0x080020f8   0x00000012   Code   RO          566    i.ADC_GetFlagStatus  stm32f4xx_adc.o
    0x0800210a   0x0800210a   0x00000002   PAD
    0x0800210c   0x0800210c   0x00000054   Code   RO          573    i.ADC_Init          stm32f4xx_adc.o
    0x08002160   0x08002160   0x000000b8   Code   RO          578    i.ADC_RegularChannelConfig  stm32f4xx_adc.o
    0x08002218   0x08002218   0x0000000a   Code   RO          580    i.ADC_SoftwareStartConv  stm32f4xx_adc.o
    0x08002222   0x08002222   0x00000018   Code   RO         8118    i.AHRS_asinf        ahrs_middleware.o
    0x0800223a   0x0800223a   0x00000020   Code   RO         8119    i.AHRS_atan2f       ahrs_middleware.o
    0x0800225a   0x0800225a   0x00000018   Code   RO         8120    i.AHRS_cosf         ahrs_middleware.o
    0x08002272   0x08002272   0x0000001a   Code   RO         9391    i.AHRS_fabs         AHRS.lib(ahrs.o)
    0x0800228c   0x0800228c   0x00000010   Code   RO         8121    i.AHRS_get_height   ahrs_middleware.o
    0x0800229c   0x0800229c   0x00000010   Code   RO         8122    i.AHRS_get_latitude  ahrs_middleware.o
    0x080022ac   0x080022ac   0x0000029c   Code   RO         9392    i.AHRS_init         AHRS.lib(ahrs.o)
    0x08002548   0x08002548   0x0000003c   Code   RO         8123    i.AHRS_invSqrt      ahrs_middleware.o
    0x08002584   0x08002584   0x00000018   Code   RO         8124    i.AHRS_sinf         ahrs_middleware.o
    0x0800259c   0x0800259c   0x0000013a   Code   RO         9393    i.AHRS_update       AHRS.lib(ahrs.o)
    0x080026d6   0x080026d6   0x00000002   PAD
    0x080026d8   0x080026d8   0x000000dc   Code   RO         8493    i.Abm_PID_init      ambition_pid.o
    0x080027b4   0x080027b4   0x000001f4   Code   RO         8494    i.Amb_PID_cail      ambition_pid.o
    0x080029a8   0x080029a8   0x00000078   Code   RO            4    i.BSP_init          main.o
    0x08002a20   0x08002a20   0x00000004   Code   RO          247    i.BusFault_Handler  stm32f4xx_it.o
    0x08002a24   0x08002a24   0x00000030   Code   RO         8957    i.CAN1_RX0_IRQHandler  can_receive.o
    0x08002a54   0x08002a54   0x00000110   Code   RO         7468    i.CAN1_mode_init    can.o
    0x08002b64   0x08002b64   0x00000030   Code   RO         8958    i.CAN2_RX0_IRQHandler  can_receive.o
    0x08002b94   0x08002b94   0x00000114   Code   RO         7469    i.CAN2_mode_init    can.o
    0x08002ca8   0x08002ca8   0x00000064   Code   RO         8959    i.CAN_CMD_CH        can_receive.o
    0x08002d0c   0x08002d0c   0x00000064   Code   RO         8960    i.CAN_CMD_CHASSIS   can_receive.o
    0x08002d70   0x08002d70   0x0000004c   Code   RO         8961    i.CAN_CMD_GIMBAL    can_receive.o
    0x08002dbc   0x08002dbc   0x000000a8   Code   RO          795    i.CAN_ClearITPendingBit  stm32f4xx_can.o
    0x08002e64   0x08002e64   0x00000108   Code   RO          799    i.CAN_FilterInit    stm32f4xx_can.o
    0x08002f6c   0x08002f6c   0x00000120   Code   RO          801    i.CAN_GetITStatus   stm32f4xx_can.o
    0x0800308c   0x0800308c   0x00000012   Code   RO          805    i.CAN_ITConfig      stm32f4xx_can.o
    0x0800309e   0x0800309e   0x00000114   Code   RO          806    i.CAN_Init          stm32f4xx_can.o
    0x080031b2   0x080031b2   0x000000f0   Code   RO          809    i.CAN_Receive       stm32f4xx_can.o
    0x080032a2   0x080032a2   0x00000126   Code   RO          814    i.CAN_Transmit      stm32f4xx_can.o
    0x080033c8   0x080033c8   0x00000240   Code   RO         8962    i.CAN_hook          can_receive.o
    0x08003608   0x08003608   0x00000012   Code   RO          817    i.CheckITStatus     stm32f4xx_can.o
    0x0800361a   0x0800361a   0x00000002   PAD
    0x0800361c   0x0800361c   0x00000044   Code   RO         9056    i.DMA2_Stream1_IRQHandler  visual_recognition.o
    0x08003660   0x08003660   0x00000058   Code   RO         6715    i.DMA2_Stream5_IRQHandler  ins_task.o
    0x080036b8   0x080036b8   0x00000034   Code   RO         1530    i.DMA_ClearFlag     stm32f4xx_dma.o
    0x080036ec   0x080036ec   0x00000034   Code   RO         1531    i.DMA_ClearITPendingBit  stm32f4xx_dma.o
    0x08003720   0x08003720   0x00000016   Code   RO         1532    i.DMA_Cmd           stm32f4xx_dma.o
    0x08003736   0x08003736   0x00000002   PAD
    0x08003738   0x08003738   0x00000158   Code   RO         1533    i.DMA_DeInit        stm32f4xx_dma.o
    0x08003890   0x08003890   0x00000016   Code   RO         1534    i.DMA_DoubleBufferModeCmd  stm32f4xx_dma.o
    0x080038a6   0x080038a6   0x00000018   Code   RO         1535    i.DMA_DoubleBufferModeConfig  stm32f4xx_dma.o
    0x080038be   0x080038be   0x00000014   Code   RO         1537    i.DMA_GetCmdStatus  stm32f4xx_dma.o
    0x080038d2   0x080038d2   0x00000008   Code   RO         1538    i.DMA_GetCurrDataCounter  stm32f4xx_dma.o
    0x080038da   0x080038da   0x00000014   Code   RO         1539    i.DMA_GetCurrentMemoryTarget  stm32f4xx_dma.o
    0x080038ee   0x080038ee   0x00000002   PAD
    0x080038f0   0x080038f0   0x00000044   Code   RO         1541    i.DMA_GetFlagStatus  stm32f4xx_dma.o
    0x08003934   0x08003934   0x0000003a   Code   RO         1543    i.DMA_ITConfig      stm32f4xx_dma.o
    0x0800396e   0x0800396e   0x00000002   PAD
    0x08003970   0x08003970   0x00000058   Code   RO         1544    i.DMA_Init          stm32f4xx_dma.o
    0x080039c8   0x080039c8   0x00000004   Code   RO         1547    i.DMA_SetCurrDataCounter  stm32f4xx_dma.o
    0x080039cc   0x080039cc   0x00000002   Code   RO          248    i.DebugMon_Handler  stm32f4xx_it.o
    0x080039ce   0x080039ce   0x00000020   Code   RO         6716    i.EXTI9_5_IRQHandler  ins_task.o
    0x080039ee   0x080039ee   0x00000002   PAD
    0x080039f0   0x080039f0   0x0000000c   Code   RO         1795    i.EXTI_ClearITPendingBit  stm32f4xx_exti.o
    0x080039fc   0x080039fc   0x00000018   Code   RO         1799    i.EXTI_GetITStatus  stm32f4xx_exti.o
    0x08003a14   0x08003a14   0x00000094   Code   RO         1800    i.EXTI_Init         stm32f4xx_exti.o
    0x08003aa8   0x08003aa8   0x00000024   Code   RO         1861    i.FLASH_DataCacheCmd  stm32f4xx_flash.o
    0x08003acc   0x08003acc   0x00000088   Code   RO         1866    i.FLASH_EraseSector  stm32f4xx_flash.o
    0x08003b54   0x08003b54   0x00000054   Code   RO         1868    i.FLASH_GetStatus   stm32f4xx_flash.o
    0x08003ba8   0x08003ba8   0x00000014   Code   RO         1872    i.FLASH_Lock        stm32f4xx_flash.o
    0x08003bbc   0x08003bbc   0x00000050   Code   RO         1896    i.FLASH_ProgramWord  stm32f4xx_flash.o
    0x08003c0c   0x08003c0c   0x00000024   Code   RO         1898    i.FLASH_Unlock      stm32f4xx_flash.o
    0x08003c30   0x08003c30   0x00000022   Code   RO         1899    i.FLASH_WaitForLastOperation  stm32f4xx_flash.o
    0x08003c52   0x08003c52   0x00000002   PAD
    0x08003c54   0x08003c54   0x0000018c   Code   RO         7096    i.GIMBAL_Control_loop  gimbal_task.o
    0x08003de0   0x08003de0   0x000001e8   Code   RO         7097    i.GIMBAL_Feedback_Update  gimbal_task.o
    0x08003fc8   0x08003fc8   0x000001f0   Code   RO         7098    i.GIMBAL_Init       gimbal_task.o
    0x080041b8   0x080041b8   0x000000b0   Code   RO         7099    i.GIMBAL_Mode_Change_Control_Transit  gimbal_task.o
    0x08004268   0x08004268   0x00000150   Code   RO         7100    i.GIMBAL_Set_Contorl  gimbal_task.o
    0x080043b8   0x080043b8   0x00000012   Code   RO         7101    i.GIMBAL_Set_Mode   gimbal_task.o
    0x080043ca   0x080043ca   0x00000002   PAD
    0x080043cc   0x080043cc   0x0000003c   Code   RO         7102    i.GIMBAL_absolute_angle_limit  gimbal_task.o
    0x08004408   0x08004408   0x0000003c   Code   RO         7103    i.GIMBAL_relative_angle_limit  gimbal_task.o
    0x08004444   0x08004444   0x00000094   Code   RO         7104    i.GIMBAL_task       gimbal_task.o
    0x080044d8   0x080044d8   0x00000088   Code   RO         7498    i.GPIOB_Exti8_GPIO_Init  exit_init.o
    0x08004560   0x08004560   0x00000090   Code   RO         2152    i.GPIO_Init         stm32f4xx_gpio.o
    0x080045f0   0x080045f0   0x00000046   Code   RO         2153    i.GPIO_PinAFConfig  stm32f4xx_gpio.o
    0x08004636   0x08004636   0x00000012   Code   RO         2156    i.GPIO_ReadInputDataBit  stm32f4xx_gpio.o
    0x08004648   0x08004648   0x00000004   Code   RO         2159    i.GPIO_ResetBits    stm32f4xx_gpio.o
    0x0800464c   0x0800464c   0x00000004   Code   RO         2160    i.GPIO_SetBits      stm32f4xx_gpio.o
    0x08004650   0x08004650   0x00000008   Code   RO         2162    i.GPIO_ToggleBits   stm32f4xx_gpio.o
    0x08004658   0x08004658   0x000001d0   Code   RO         7526    i.GetSector         flash.o
    0x08004828   0x08004828   0x00000004   Code   RO          249    i.HardFault_Handler  stm32f4xx_it.o
    0x0800482c   0x0800482c   0x0000012c   Code   RO         6717    i.IMU_Cali_Slove    ins_task.o
    0x08004958   0x08004958   0x000000ac   Code   RO         6718    i.IMU_temp_Control  ins_task.o
    0x08004a04   0x08004a04   0x00000324   Code   RO         6719    i.INSTask           ins_task.o
    0x08004d28   0x08004d28   0x000000e0   Code   RO         6720    i.INS_set_cali_gyro  ins_task.o
    0x08004e08   0x08004e08   0x00000450   Code   RO         6657    i.LEDTask           led_task.o
    0x08005258   0x08005258   0x00000004   Code   RO          250    i.MemManage_Handler  stm32f4xx_it.o
    0x0800525c   0x0800525c   0x00000002   Code   RO          251    i.NMI_Handler       stm32f4xx_it.o
    0x0800525e   0x0800525e   0x00000002   PAD
    0x08005260   0x08005260   0x00000078   Code   RO          476    i.NVIC_Init         misc.o
    0x080052d8   0x080052d8   0x00000014   Code   RO          477    i.NVIC_PriorityGroupConfig  misc.o
    0x080052ec   0x080052ec   0x000001f0   Code   RO         8466    i.PID_Calc          pid.o
    0x080054dc   0x080054dc   0x00000060   Code   RO         8467    i.PID_Init          pid.o
    0x0800553c   0x0800553c   0x00000020   Code   RO         3048    i.RCC_AHB1PeriphClockCmd  stm32f4xx_rcc.o
    0x0800555c   0x0800555c   0x00000020   Code   RO         3057    i.RCC_APB1PeriphClockCmd  stm32f4xx_rcc.o
    0x0800557c   0x0800557c   0x00000020   Code   RO         3059    i.RCC_APB1PeriphResetCmd  stm32f4xx_rcc.o
    0x0800559c   0x0800559c   0x00000020   Code   RO         3060    i.RCC_APB2PeriphClockCmd  stm32f4xx_rcc.o
    0x080055bc   0x080055bc   0x00000020   Code   RO         3062    i.RCC_APB2PeriphResetCmd  stm32f4xx_rcc.o
    0x080055dc   0x080055dc   0x000000e8   Code   RO         3069    i.RCC_GetClocksFreq  stm32f4xx_rcc.o
    0x080056c4   0x080056c4   0x0000014c   Code   RO         7765    i.RC_Init           rc.o
    0x08005810   0x08005810   0x000000da   Code   RO         8641    i.SBUS_TO_RC        remote_control.o
    0x080058ea   0x080058ea   0x00000002   PAD
    0x080058ec   0x080058ec   0x000000ec   Code   RO         7840    i.SPI1Init          spi.o
    0x080059d8   0x080059d8   0x000000c0   Code   RO         7841    i.SPI5Init          spi.o
    0x08005a98   0x08005a98   0x00000030   Code   RO         7842    i.SPI5SetSpeedAndDataSize  spi.o
    0x08005ac8   0x08005ac8   0x00000074   Code   RO         7843    i.SPI5_DMA_Enable   spi.o
    0x08005b3c   0x08005b3c   0x000000f8   Code   RO         7844    i.SPI5_DMA_Init     spi.o
    0x08005c34   0x08005c34   0x00000018   Code   RO         4188    i.SPI_Cmd           stm32f4xx_spi.o
    0x08005c4c   0x08005c4c   0x00000012   Code   RO         4194    i.SPI_I2S_DMACmd    stm32f4xx_spi.o
    0x08005c5e   0x08005c5e   0x00000012   Code   RO         4196    i.SPI_I2S_GetFlagStatus  stm32f4xx_spi.o
    0x08005c70   0x08005c70   0x00000006   Code   RO         4199    i.SPI_I2S_ReceiveData  stm32f4xx_spi.o
    0x08005c76   0x08005c76   0x00000004   Code   RO         4200    i.SPI_I2S_SendData  stm32f4xx_spi.o
    0x08005c7a   0x08005c7a   0x0000003c   Code   RO         4201    i.SPI_Init          stm32f4xx_spi.o
    0x08005cb6   0x08005cb6   0x00000020   Code   RO         7528    i.STMFLASH_Read     flash.o
    0x08005cd6   0x08005cd6   0x00000006   Code   RO         7529    i.STMFLASH_ReadWord  flash.o
    0x08005cdc   0x08005cdc   0x00000098   Code   RO         7530    i.STMFLASH_Write    flash.o
    0x08005d74   0x08005d74   0x00000040   Code   RO         4353    i.SYSCFG_EXTILineConfig  stm32f4xx_syscfg.o
    0x08005db4   0x08005db4   0x00000120   Code   RO          304    i.SetSysClock       system_stm32f4xx.o
    0x08005ed4   0x08005ed4   0x00000088   Code   RO         7250    i.Shoot_task        shoot_task.o
    0x08005f5c   0x08005f5c   0x0000002c   Code   RO         6490    i.StartTask         start_task.o
    0x08005f88   0x08005f88   0x00000028   Code   RO          480    i.SysTick_CLKSourceConfig  misc.o
    0x08005fb0   0x08005fb0   0x00000010   Code   RO         5241    i.SysTick_Handler   delay.o
    0x08005fc0   0x08005fc0   0x00000068   Code   RO          306    i.SystemInit        system_stm32f4xx.o
    0x08006028   0x08006028   0x00000108   Code   RO         7889    i.TIM1_Init         timer.o
    0x08006130   0x08006130   0x000000bc   Code   RO         7890    i.TIM3_Init         timer.o
    0x080061ec   0x080061ec   0x00000120   Code   RO         7892    i.TIM8_Init         timer.o
    0x0800630c   0x0800630c   0x00000018   Code   RO         4414    i.TIM_ARRPreloadConfig  stm32f4xx_tim.o
    0x08006324   0x08006324   0x00000018   Code   RO         4426    i.TIM_Cmd           stm32f4xx_tim.o
    0x0800633c   0x0800633c   0x0000001e   Code   RO         4428    i.TIM_CtrlPWMOutputs  stm32f4xx_tim.o
    0x0800635a   0x0800635a   0x00000012   Code   RO         4451    i.TIM_ITConfig      stm32f4xx_tim.o
    0x0800636c   0x0800636c   0x0000007c   Code   RO         4455    i.TIM_OC1Init       stm32f4xx_tim.o
    0x080063e8   0x080063e8   0x00000012   Code   RO         4458    i.TIM_OC1PreloadConfig  stm32f4xx_tim.o
    0x080063fa   0x080063fa   0x00000002   PAD
    0x080063fc   0x080063fc   0x000000a4   Code   RO         4460    i.TIM_OC2Init       stm32f4xx_tim.o
    0x080064a0   0x080064a0   0x0000001a   Code   RO         4463    i.TIM_OC2PreloadConfig  stm32f4xx_tim.o
    0x080064ba   0x080064ba   0x00000002   PAD
    0x080064bc   0x080064bc   0x000000a0   Code   RO         4465    i.TIM_OC3Init       stm32f4xx_tim.o
    0x0800655c   0x0800655c   0x00000012   Code   RO         4468    i.TIM_OC3PreloadConfig  stm32f4xx_tim.o
    0x0800656e   0x0800656e   0x00000002   PAD
    0x08006570   0x08006570   0x00000078   Code   RO         4470    i.TIM_OC4Init       stm32f4xx_tim.o
    0x080065e8   0x080065e8   0x0000001a   Code   RO         4472    i.TIM_OC4PreloadConfig  stm32f4xx_tim.o
    0x08006602   0x08006602   0x00000004   Code   RO         4488    i.TIM_SetCompare1   stm32f4xx_tim.o
    0x08006606   0x08006606   0x00000004   Code   RO         4489    i.TIM_SetCompare2   stm32f4xx_tim.o
    0x0800660a   0x0800660a   0x00000004   Code   RO         4490    i.TIM_SetCompare3   stm32f4xx_tim.o
    0x0800660e   0x0800660e   0x00000004   Code   RO         4491    i.TIM_SetCompare4   stm32f4xx_tim.o
    0x08006612   0x08006612   0x00000002   PAD
    0x08006614   0x08006614   0x00000084   Code   RO         4498    i.TIM_TimeBaseInit  stm32f4xx_tim.o
    0x08006698   0x08006698   0x000000e4   Code   RO         7251    i.Trigger_angle_PID_Calc  shoot_task.o
    0x0800677c   0x0800677c   0x00000040   Code   RO         7252    i.Trigger_angle_PID_Init  shoot_task.o
    0x080067bc   0x080067bc   0x00000038   Code   RO         8712    i.UART8_IRQHandler  fpv_control.o
    0x080067f4   0x080067f4   0x000000e4   Code   RO         8642    i.USART1_IRQHandler  remote_control.o
    0x080068d8   0x080068d8   0x00000012   Code   RO         4976    i.USART_ClearFlag   stm32f4xx_usart.o
    0x080068ea   0x080068ea   0x00000018   Code   RO         4980    i.USART_Cmd         stm32f4xx_usart.o
    0x08006902   0x08006902   0x00000012   Code   RO         4981    i.USART_DMACmd      stm32f4xx_usart.o
    0x08006914   0x08006914   0x000000f0   Code   RO         4982    i.USART_DeInit      stm32f4xx_usart.o
    0x08006a04   0x08006a04   0x0000001a   Code   RO         4983    i.USART_GetFlagStatus  stm32f4xx_usart.o
    0x08006a1e   0x08006a1e   0x00000054   Code   RO         4984    i.USART_GetITStatus  stm32f4xx_usart.o
    0x08006a72   0x08006a72   0x0000004a   Code   RO         4986    i.USART_ITConfig    stm32f4xx_usart.o
    0x08006abc   0x08006abc   0x000000d4   Code   RO         4987    i.USART_Init        stm32f4xx_usart.o
    0x08006b90   0x08006b90   0x0000000a   Code   RO         4994    i.USART_ReceiveData  stm32f4xx_usart.o
    0x08006b9a   0x08006b9a   0x00000008   Code   RO         4997    i.USART_SendData    stm32f4xx_usart.o
    0x08006ba2   0x08006ba2   0x00000004   Code   RO          252    i.UsageFault_Handler  stm32f4xx_it.o
    0x08006ba6   0x08006ba6   0x00000030   Code   RO         9904    i.__ARM_fpclassify  m_wm.l(fpclassify.o)
    0x08006bd6   0x08006bd6   0x00000026   Code   RO         9808    i.__ARM_fpclassifyf  m_wm.l(fpclassifyf.o)
    0x08006bfc   0x08006bfc   0x0000012c   Code   RO         9604    i.__hardfp_asinf    m_wm.l(asinf.o)
    0x08006d28   0x08006d28   0x00000250   Code   RO         9616    i.__hardfp_atan2f   m_wm.l(atan2f.o)
    0x08006f78   0x08006f78   0x00000014   Code   RO         9628    i.__hardfp_fabs     m_wm.l(fabs.o)
    0x08006f8c   0x08006f8c   0x00000004   PAD
    0x08006f90   0x08006f90   0x000000c8   Code   RO         9634    i.__hardfp_sin      m_wm.l(sin.o)
    0x08007058   0x08007058   0x00000438   Code   RO         9824    i.__ieee754_rem_pio2  m_wm.l(rred.o)
    0x08007490   0x08007490   0x00000170   Code   RO         9791    i.__kernel_cos      m_wm.l(cos_i.o)
    0x08007600   0x08007600   0x000000f8   Code   RO         9906    i.__kernel_poly     m_wm.l(poly.o)
    0x080076f8   0x080076f8   0x00000130   Code   RO         9832    i.__kernel_sin      m_wm.l(sin_i.o)
    0x08007828   0x08007828   0x00000014   Code   RO         9795    i.__mathlib_dbl_infnan  m_wm.l(dunder.o)
    0x0800783c   0x0800783c   0x00000004   PAD
    0x08007840   0x08007840   0x00000020   Code   RO         9797    i.__mathlib_dbl_invalid  m_wm.l(dunder.o)
    0x08007860   0x08007860   0x00000020   Code   RO         9800    i.__mathlib_dbl_underflow  m_wm.l(dunder.o)
    0x08007880   0x08007880   0x00000006   Code   RO         9811    i.__mathlib_flt_infnan  m_wm.l(funder.o)
    0x08007886   0x08007886   0x00000006   Code   RO         9812    i.__mathlib_flt_infnan2  m_wm.l(funder.o)
    0x0800788c   0x0800788c   0x00000010   Code   RO         9813    i.__mathlib_flt_invalid  m_wm.l(funder.o)
    0x0800789c   0x0800789c   0x00000010   Code   RO         9816    i.__mathlib_flt_underflow  m_wm.l(funder.o)
    0x080078ac   0x080078ac   0x0000000e   Code   RO         9719    i._is_digit         c_w.l(__printf_wp.o)
    0x080078ba   0x080078ba   0x00000030   Code   RO         8543    i.abs_limit         user_lib.o
    0x080078ea   0x080078ea   0x00000002   PAD
    0x080078ec   0x080078ec   0x000001d0   Code   RO         9394    i.accel_comple_filter  AHRS.lib(ahrs.o)
    0x08007abc   0x08007abc   0x0000018c   Code   RO         9395    i.accel_update_kp_ki  AHRS.lib(ahrs.o)
    0x08007c48   0x08007c48   0x000000c0   Code   RO         8495    i.activation_function  ambition_pid.o
    0x08007d08   0x08007d08   0x00000030   Code   RO         6658    i.amb_write_flash   led_task.o
    0x08007d38   0x08007d38   0x0000016c   Code   RO         9396    i.angle_to_quat     AHRS.lib(ahrs.o)
    0x08007ea4   0x08007ea4   0x00000124   Code   RO         7254    i.big_shoot_motor_speed_set  shoot_task.o
    0x08007fc8   0x08007fc8   0x00000100   Code   RO         7255    i.big_trigger_set   shoot_task.o
    0x080080c8   0x080080c8   0x0000009c   Code   RO         7982    i.button_AD_init    oled.o
    0x08008164   0x08008164   0x00000060   Code   RO         8788    i.chassis_behaviour_control_set  chassis_behaviour.o
    0x080081c4   0x080081c4   0x000000a8   Code   RO         8789    i.chassis_behaviour_mode_set  chassis_behaviour.o
    0x0800826c   0x0800826c   0x000000a0   Code   RO         7001    i.chassis_feedback_update  chassis_task.o
    0x0800830c   0x0800830c   0x00000048   Code   RO         8790    i.chassis_follow_chassis_yaw_control  chassis_behaviour.o
    0x08008354   0x08008354   0x00000060   Code   RO         8791    i.chassis_follow_gimbal_yaw_control  chassis_behaviour.o
    0x080083b4   0x080083b4   0x000000c4   Code   RO         7002    i.chassis_init      chassis_task.o
    0x08008478   0x08008478   0x00000040   Code   RO         7003    i.chassis_mode_change_control_transit  chassis_task.o
    0x080084b8   0x080084b8   0x000001bc   Code   RO         7004    i.chassis_rc_to_control_vector  chassis_task.o
    0x08008674   0x08008674   0x000002c4   Code   RO         7005    i.chassis_set_contorl  chassis_task.o
    0x08008938   0x08008938   0x00000012   Code   RO         7006    i.chassis_set_mode  chassis_task.o
    0x0800894a   0x0800894a   0x00000002   PAD
    0x0800894c   0x0800894c   0x0000009c   Code   RO         7007    i.chassis_task      chassis_task.o
    0x080089e8   0x080089e8   0x0000002c   Code   RO         8793    i.chassis_zero_force_control  chassis_behaviour.o
    0x08008a14   0x08008a14   0x0000001e   Code   RO         7008    i.data_rate_change_fp32_to_int16  chassis_task.o
    0x08008a32   0x08008a32   0x00000002   PAD
    0x08008a34   0x08008a34   0x000000ac   Code   RO         9057    i.deal_data         visual_recognition.o
    0x08008ae0   0x08008ae0   0x00000058   Code   RO         8496    i.deal_err          ambition_pid.o
    0x08008b38   0x08008b38   0x000000ac   Code   RO         8714    i.decision_mode_set  fpv_control.o
    0x08008be4   0x08008be4   0x00000024   Code   RO         8715    i.decision_reset_point  fpv_control.o
    0x08008c08   0x08008c08   0x000000cc   Code   RO         8716    i.decision_write_buffer  fpv_control.o
    0x08008cd4   0x08008cd4   0x00000044   Code   RO         5242    i.delay_init        delay.o
    0x08008d18   0x08008d18   0x00000040   Code   RO         5243    i.delay_ms          delay.o
    0x08008d58   0x08008d58   0x00000048   Code   RO         5244    i.delay_us          delay.o
    0x08008da0   0x08008da0   0x00000018   Code   RO         9630    i.fabs              m_wm.l(fabs.o)
    0x08008db8   0x08008db8   0x00000054   Code   RO         8544    i.first_order_filter_cali  user_lib.o
    0x08008e0c   0x08008e0c   0x00000024   Code   RO         8545    i.first_order_filter_init  user_lib.o
    0x08008e30   0x08008e30   0x00000018   Code   RO         7645    i.flow_led_off      led.o
    0x08008e48   0x08008e48   0x00000018   Code   RO         7646    i.flow_led_on       led.o
    0x08008e60   0x08008e60   0x00000018   Code   RO         7647    i.flow_led_toggle   led.o
    0x08008e78   0x08008e78   0x0000002a   Code   RO         8546    i.fp32_constrain    user_lib.o
    0x08008ea2   0x08008ea2   0x00000002   PAD
    0x08008ea4   0x08008ea4   0x00000038   Code   RO         7391    i.get_ADC           adc.o
    0x08008edc   0x08008edc   0x00000008   Code   RO         6721    i.get_INS_angle_point  ins_task.o
    0x08008ee4   0x08008ee4   0x00000008   Code   RO         6723    i.get_MPU6500_Gyro_Data_Point  ins_task.o
    0x08008eec   0x08008eec   0x0000000c   Code   RO         6724    i.get_MPU6500_temp  ins_task.o
    0x08008ef8   0x08008ef8   0x00000008   Code   RO         8963    i.get_Pitch_Gimbal_Motor_Measure_Point  can_receive.o
    0x08008f00   0x08008f00   0x00000008   Code   RO         8964    i.get_Shoot_Motor_L_Measure_Point  can_receive.o
    0x08008f08   0x08008f08   0x00000008   Code   RO         8965    i.get_Shoot_Motor_R_Measure_Point  can_receive.o
    0x08008f10   0x08008f10   0x00000008   Code   RO         8966    i.get_Small_Trigger_Measure_Point  can_receive.o
    0x08008f18   0x08008f18   0x00000008   Code   RO         8967    i.get_Trigger_Motor_Measure_Point  can_receive.o
    0x08008f20   0x08008f20   0x00000008   Code   RO         8968    i.get_Yaw_Gimbal_Motor_Measure_Point  can_receive.o
    0x08008f28   0x08008f28   0x000000e8   Code   RO         9397    i.get_angle         AHRS.lib(ahrs.o)
    0x08009010   0x08009010   0x0000000c   Code   RO         7256    i.get_big_trigger_motor_current  shoot_task.o
    0x0800901c   0x0800901c   0x000000e8   Code   RO         7105    i.get_cmd_id_2      gimbal_task.o
    0x08009104   0x08009104   0x00000004   Code   RO          345    i.get_flash_data_buffer_len  ambition_data_rule.o
    0x08009108   0x08009108   0x00000008   Code   RO          347    i.get_flash_data_list_point  ambition_data_rule.o
    0x08009110   0x08009110   0x00000008   Code   RO          348    i.get_flash_union_data_point  ambition_data_rule.o
    0x08009118   0x08009118   0x00000008   Code   RO         6725    i.get_gyro_offset_point  ins_task.o
    0x08009120   0x08009120   0x00000008   Code   RO         8969    i.get_judg_data_point  can_receive.o
    0x08009128   0x08009128   0x00000008   Code   RO         7106    i.get_pitch_motor_point  gimbal_task.o
    0x08009130   0x08009130   0x00000008   Code   RO         8643    i.get_remote_control_point  remote_control.o
    0x08009138   0x08009138   0x00000008   Code   RO         7107    i.get_yaw_motor_point  gimbal_task.o
    0x08009140   0x08009140   0x0000000c   Code   RO         8840    i.gimbal_absolute_angle_control  gimbal_behaviour.o
    0x0800914c   0x0800914c   0x00000140   Code   RO         8841    i.gimbal_behaviour_control_set  gimbal_behaviour.o
    0x0800928c   0x0800928c   0x0000006c   Code   RO         8842    i.gimbal_behaviour_mode_set  gimbal_behaviour.o
    0x080092f8   0x080092f8   0x000001a0   Code   RO         8843    i.gimbal_behavour_set  gimbal_behaviour.o
    0x08009498   0x08009498   0x000000c4   Code   RO         8846    i.gimbal_init_control  gimbal_behaviour.o
    0x0800955c   0x0800955c   0x00000028   Code   RO         7108    i.gimbal_motor_raw_angle_control  gimbal_task.o
    0x08009584   0x08009584   0x00000114   Code   RO         8847    i.gimbal_relative_angle_control  gimbal_behaviour.o
    0x08009698   0x08009698   0x00000020   Code   RO         8848    i.gimbal_zero_force_control  gimbal_behaviour.o
    0x080096b8   0x080096b8   0x00000068   Code   RO         8332    i.gyro_offset       mpu6500driver.o
    0x08009720   0x08009720   0x0000003c   Code   RO         7009    i.init_s_filter     chassis_task.o
    0x0800975c   0x0800975c   0x00000016   Code   RO         8548    i.int16_constrain   user_lib.o
    0x08009772   0x08009772   0x00000002   PAD
    0x08009774   0x08009774   0x00000058   Code   RO         8242    i.ist8310_GPIO_init  ist8310driver_middleware.o
    0x080097cc   0x080097cc   0x0000002c   Code   RO         8244    i.ist8310_IIC_read_single_reg  ist8310driver_middleware.o
    0x080097f8   0x080097f8   0x00000024   Code   RO         8246    i.ist8310_IIC_write_single_reg  ist8310driver_middleware.o
    0x0800981c   0x0800981c   0x00000010   Code   RO         8247    i.ist8310_RST_H     ist8310driver_middleware.o
    0x0800982c   0x0800982c   0x00000010   Code   RO         8248    i.ist8310_RST_L     ist8310driver_middleware.o
    0x0800983c   0x0800983c   0x00000018   Code   RO         8249    i.ist8310_auto_com_by_mpu6500  ist8310driver_middleware.o
    0x08009854   0x08009854   0x00000002   Code   RO         8250    i.ist8310_com_init  ist8310driver_middleware.o
    0x08009856   0x08009856   0x0000000c   Code   RO         8251    i.ist8310_delay_ms  ist8310driver_middleware.o
    0x08009862   0x08009862   0x0000000c   Code   RO         8252    i.ist8310_delay_us  ist8310driver_middleware.o
    0x0800986e   0x0800986e   0x00000002   PAD
    0x08009870   0x08009870   0x00000090   Code   RO         8207    i.ist8310_init      ist8310driver.o
    0x08009900   0x08009900   0x00000084   Code   RO         8209    i.ist8310_read_over  ist8310driver.o
    0x08009984   0x08009984   0x0000003c   Code   RO         7609    i.laser_configuration  laser.o
    0x080099c0   0x080099c0   0x00000014   Code   RO         7611    i.laser_on          laser.o
    0x080099d4   0x080099d4   0x00000074   Code   RO         7648    i.led_configuration  led.o
    0x08009a48   0x08009a48   0x00000014   Code   RO         7649    i.led_green_off     led.o
    0x08009a5c   0x08009a5c   0x00000014   Code   RO         7650    i.led_green_on      led.o
    0x08009a70   0x08009a70   0x00000014   Code   RO         7652    i.led_red_off       led.o
    0x08009a84   0x08009a84   0x00000014   Code   RO         7653    i.led_red_on        led.o
    0x08009a98   0x08009a98   0x0000001e   Code   RO         7983    i.loed_delay_ms     oled.o
    0x08009ab6   0x08009ab6   0x00000060   Code   RO         8551    i.loop_fp32_constrain  user_lib.o
    0x08009b16   0x08009b16   0x00000002   PAD
    0x08009b18   0x08009b18   0x00000044   Code   RO            5    i.main              main.o
    0x08009b5c   0x08009b5c   0x00000034   Code   RO         7109    i.motor_ecd_to_angle_change  gimbal_task.o
    0x08009b90   0x08009b90   0x00000034   Code   RO         8386    i.mpu6500_GPIO_init  mpu6500driver_middleware.o
    0x08009bc4   0x08009bc4   0x00000010   Code   RO         8387    i.mpu6500_SPI_NS_H  mpu6500driver_middleware.o
    0x08009bd4   0x08009bd4   0x00000010   Code   RO         8388    i.mpu6500_SPI_NS_L  mpu6500driver_middleware.o
    0x08009be4   0x08009be4   0x00000054   Code   RO         8389    i.mpu6500_SPI_read_write_byte  mpu6500driver_middleware.o
    0x08009c38   0x08009c38   0x00000008   Code   RO         8390    i.mpu6500_com_init  mpu6500driver_middleware.o
    0x08009c40   0x08009c40   0x000000c4   Code   RO         8333    i.mpu6500_init      mpu6500driver.o
    0x08009d04   0x08009d04   0x0000000c   Code   RO         8391    i.mpu6500_middleware_delay_ms  mpu6500driver_middleware.o
    0x08009d10   0x08009d10   0x0000000c   Code   RO         8392    i.mpu6500_middleware_delay_us  mpu6500driver_middleware.o
    0x08009d1c   0x08009d1c   0x00000140   Code   RO         8336    i.mpu6500_read_over  mpu6500driver.o
    0x08009e5c   0x08009e5c   0x00000020   Code   RO         8394    i.mpu6500_read_single_reg  mpu6500driver_middleware.o
    0x08009e7c   0x08009e7c   0x00000034   Code   RO         8395    i.mpu6500_write_muli_reg  mpu6500driver_middleware.o
    0x08009eb0   0x08009eb0   0x0000001c   Code   RO         8396    i.mpu6500_write_single_reg  mpu6500driver_middleware.o
    0x08009ecc   0x08009ecc   0x00000054   Code   RO         7985    i.oled_clear        oled.o
    0x08009f20   0x08009f20   0x0000008c   Code   RO         7989    i.oled_drawpoint    oled.o
    0x08009fac   0x08009fac   0x0000011c   Code   RO         7990    i.oled_init         oled.o
    0x0800a0c8   0x0800a0c8   0x00000058   Code   RO         7992    i.oled_printf       oled.o
    0x0800a120   0x0800a120   0x00000038   Code   RO         7993    i.oled_refresh_gram  oled.o
    0x0800a158   0x0800a158   0x0000002e   Code   RO         7994    i.oled_set_pos      oled.o
    0x0800a186   0x0800a186   0x00000002   PAD
    0x0800a188   0x0800a188   0x00000094   Code   RO         7995    i.oled_showchar     oled.o
    0x0800a21c   0x0800a21c   0x00000030   Code   RO         7997    i.oled_showstring   oled.o
    0x0800a24c   0x0800a24c   0x00000030   Code   RO         7998    i.oled_write_byte   oled.o
    0x0800a27c   0x0800a27c   0x00000030   Code   RO         5843    i.pcTaskGetName     tasks.o
    0x0800a2ac   0x0800a2ac   0x0000001a   Code   RO         8497    i.pid_abs           ambition_pid.o
    0x0800a2c6   0x0800a2c6   0x0000002e   Code   RO         8498    i.pid_max_limit     ambition_pid.o
    0x0800a2f4   0x0800a2f4   0x00000028   Code   RO         7110    i.pitch_limit       gimbal_task.o
    0x0800a31c   0x0800a31c   0x00000048   Code   RO         7723    i.power_ctrl_configuration  power_ctrl.o
    0x0800a364   0x0800a364   0x00000020   Code   RO         7724    i.power_ctrl_off    power_ctrl.o
    0x0800a384   0x0800a384   0x00000020   Code   RO         7725    i.power_ctrl_on     power_ctrl.o
    0x0800a3a4   0x0800a3a4   0x00000098   Code   RO         5844    i.prvAddCurrentTaskToDelayedList  tasks.o
    0x0800a43c   0x0800a43c   0x000000b8   Code   RO         5845    i.prvAddNewTaskToReadyList  tasks.o
    0x0800a4f4   0x0800a4f4   0x00000064   Code   RO         6207    i.prvCheckForValidListAndQueue  timers.o
    0x0800a558   0x0800a558   0x00000048   Code   RO         5846    i.prvCheckTasksWaitingTermination  tasks.o
    0x0800a5a0   0x0800a5a0   0x0000002a   Code   RO         5467    i.prvCopyDataFromQueue  queue.o
    0x0800a5ca   0x0800a5ca   0x0000007e   Code   RO         5468    i.prvCopyDataToQueue  queue.o
    0x0800a648   0x0800a648   0x00000012   Code   RO         5847    i.prvDeleteTCB      tasks.o
    0x0800a65a   0x0800a65a   0x00000002   PAD
    0x0800a65c   0x0800a65c   0x00000028   Code   RO         6208    i.prvGetNextExpireTime  timers.o
    0x0800a684   0x0800a684   0x0000007c   Code   RO         6438    i.prvHeapInit       heap_4.o
    0x0800a700   0x0800a700   0x00000028   Code   RO         5848    i.prvIdleTask       tasks.o
    0x0800a728   0x0800a728   0x0000002a   Code   RO         5471    i.prvInitialiseNewQueue  queue.o
    0x0800a752   0x0800a752   0x000000be   Code   RO         5849    i.prvInitialiseNewTask  tasks.o
    0x0800a810   0x0800a810   0x00000068   Code   RO         5850    i.prvInitialiseTaskLists  tasks.o
    0x0800a878   0x0800a878   0x00000068   Code   RO         6439    i.prvInsertBlockIntoFreeList  heap_4.o
    0x0800a8e0   0x0800a8e0   0x00000058   Code   RO         6210    i.prvInsertTimerInActiveList  timers.o
    0x0800a938   0x0800a938   0x0000001a   Code   RO         5472    i.prvIsQueueEmpty   queue.o
    0x0800a952   0x0800a952   0x0000001e   Code   RO         5473    i.prvIsQueueFull    queue.o
    0x0800a970   0x0800a970   0x00000074   Code   RO         6211    i.prvProcessExpiredTimer  timers.o
    0x0800a9e4   0x0800a9e4   0x00000138   Code   RO         6212    i.prvProcessReceivedCommands  timers.o
    0x0800ab1c   0x0800ab1c   0x00000074   Code   RO         6213    i.prvProcessTimerOrBlockTask  timers.o
    0x0800ab90   0x0800ab90   0x00000034   Code   RO         5852    i.prvResetNextTaskUnblockTime  tasks.o
    0x0800abc4   0x0800abc4   0x0000002c   Code   RO         6214    i.prvSampleTimeNow  timers.o
    0x0800abf0   0x0800abf0   0x000000b0   Code   RO         5853    i.prvSearchForNameWithinSingleList  tasks.o
    0x0800aca0   0x0800aca0   0x000000a4   Code   RO         6215    i.prvSwitchTimerLists  timers.o
    0x0800ad44   0x0800ad44   0x00000040   Code   RO         6362    i.prvTaskExitError  port.o
    0x0800ad84   0x0800ad84   0x0000001a   Code   RO         6216    i.prvTimerTask      timers.o
    0x0800ad9e   0x0800ad9e   0x0000007e   Code   RO         5474    i.prvUnlockQueue    queue.o
    0x0800ae1c   0x0800ae1c   0x0000013c   Code   RO         6440    i.pvPortMalloc      heap_4.o
    0x0800af58   0x0800af58   0x0000002c   Code   RO         6363    i.pxPortInitialiseStack  port.o
    0x0800af84   0x0800af84   0x00000084   Code   RO         9402    i.quat_normalization  AHRS.lib(ahrs.o)
    0x0800b008   0x0800b008   0x00000014   Code   RO         8644    i.remote_control_init  remote_control.o
    0x0800b01c   0x0800b01c   0x0000000c   Code   RO         7257    i.return_debug_snail_set  shoot_task.o
    0x0800b028   0x0800b028   0x00000014   Code   RO         8849    i.return_init_mode  gimbal_behaviour.o
    0x0800b03c   0x0800b03c   0x0000000c   Code   RO         6659    i.return_mpu_offset_is_ok  led_task.o
    0x0800b048   0x0800b048   0x00000038   Code   RO         8645    i.return_run_away_sign  remote_control.o
    0x0800b080   0x0800b080   0x00000008   Code   RO         7258    i.return_shoot_data_p  shoot_task.o
    0x0800b088   0x0800b088   0x00000008   Code   RO         7111    i.return_visual_control_data  gimbal_task.o
    0x0800b090   0x0800b090   0x00000008   Code   RO         9058    i.return_visual_data_point  visual_recognition.o
    0x0800b098   0x0800b098   0x00000010   Code   RO         7010    i.return_whip_open  chassis_task.o
    0x0800b0a8   0x0800b0a8   0x0000005c   Code   RO         9059    i.send_data_to_pc   visual_recognition.o
    0x0800b104   0x0800b104   0x0000000c   Code   RO         6660    i.set_offset_cail_is_ok  led_task.o
    0x0800b110   0x0800b110   0x00000014   Code   RO         7260    i.shoot_control_set  shoot_task.o
    0x0800b124   0x0800b124   0x00000464   Code   RO         7261    i.shoot_feedback_update  shoot_task.o
    0x0800b588   0x0800b588   0x0000013c   Code   RO         7262    i.shoot_pid_loop    shoot_task.o
    0x0800b6c4   0x0800b6c4   0x000000b0   Code   RO         7263    i.shoot_set_mode    shoot_task.o
    0x0800b774   0x0800b774   0x000000d4   Code   RO         7264    i.small_shoot_motor_speed_set  shoot_task.o
    0x0800b848   0x0800b848   0x000000bc   Code   RO         7265    i.small_trigger_set  shoot_task.o
    0x0800b904   0x0800b904   0x00000024   Code   RO         8915    i.snail_1_set       snail_motor.o
    0x0800b928   0x0800b928   0x00000024   Code   RO         8916    i.snail_2_set       snail_motor.o
    0x0800b94c   0x0800b94c   0x0000003c   Code   RO         8917    i.snail_init        snail_motor.o
    0x0800b988   0x0800b988   0x0000003e   Code   RO         9840    i.sqrtf             m_wm.l(sqrtf_full.o)
    0x0800b9c6   0x0800b9c6   0x00000002   PAD
    0x0800b9c8   0x0800b9c8   0x00000034   Code   RO         7112    i.start_sw_init     gimbal_task.o
    0x0800b9fc   0x0800b9fc   0x00000208   Code   RO         6491    i.start_task        start_task.o
    0x0800bc04   0x0800bc04   0x00000258   Code   RO         7266    i.sys_shoot_init    shoot_task.o
    0x0800be5c   0x0800be5c   0x00000074   Code   RO         5857    i.ulTaskNotifyTake  tasks.o
    0x0800bed0   0x0800bed0   0x0000007a   Code   RO         9403    i.update_w          AHRS.lib(ahrs.o)
    0x0800bf4a   0x0800bf4a   0x00000002   PAD
    0x0800bf4c   0x0800bf4c   0x00000144   Code   RO         7941    i.usart6_dma_init   usart.o
    0x0800c090   0x0800c090   0x0000002c   Code   RO         9060    i.usart_to_pc       visual_recognition.o
    0x0800c0bc   0x0800c0bc   0x00000034   Code   RO            6    i.user_key_init     main.o
    0x0800c0f0   0x0800c0f0   0x00000028   Code   RO         5427    i.uxListRemove      list.o
    0x0800c118   0x0800c118   0x0000001a   Code   RO         5428    i.vListInitialise   list.o
    0x0800c132   0x0800c132   0x00000006   Code   RO         5429    i.vListInitialiseItem  list.o
    0x0800c138   0x0800c138   0x00000034   Code   RO         5430    i.vListInsert       list.o
    0x0800c16c   0x0800c16c   0x00000018   Code   RO         5431    i.vListInsertEnd    list.o
    0x0800c184   0x0800c184   0x00000054   Code   RO         6365    i.vPortEnterCritical  port.o
    0x0800c1d8   0x0800c1d8   0x0000003c   Code   RO         6366    i.vPortExitCritical  port.o
    0x0800c214   0x0800c214   0x00000094   Code   RO         6441    i.vPortFree         heap_4.o
    0x0800c2a8   0x0800c2a8   0x00000028   Code   RO         6367    i.vPortSetupTimerInterrupt  port.o
    0x0800c2d0   0x0800c2d0   0x00000078   Code   RO         6368    i.vPortValidateInterruptPriority  port.o
    0x0800c348   0x0800c348   0x0000002c   Code   RO         5480    i.vQueueAddToRegistry  queue.o
    0x0800c374   0x0800c374   0x0000004a   Code   RO         5484    i.vQueueWaitForMessageRestricted  queue.o
    0x0800c3be   0x0800c3be   0x00000002   PAD
    0x0800c3c0   0x0800c3c0   0x0000005c   Code   RO         5864    i.vTaskDelay        tasks.o
    0x0800c41c   0x0800c41c   0x000000f4   Code   RO         5866    i.vTaskDelete       tasks.o
    0x0800c510   0x0800c510   0x00000018   Code   RO         5869    i.vTaskInternalSetTimeOutState  tasks.o
    0x0800c528   0x0800c528   0x0000000c   Code   RO         5870    i.vTaskMissedYield  tasks.o
    0x0800c534   0x0800c534   0x000000f0   Code   RO         5871    i.vTaskNotifyGiveFromISR  tasks.o
    0x0800c624   0x0800c624   0x00000038   Code   RO         5872    i.vTaskPlaceOnEventList  tasks.o
    0x0800c65c   0x0800c65c   0x00000040   Code   RO         5873    i.vTaskPlaceOnEventListRestricted  tasks.o
    0x0800c69c   0x0800c69c   0x00000094   Code   RO         5881    i.vTaskStartScheduler  tasks.o
    0x0800c730   0x0800c730   0x00000010   Code   RO         5883    i.vTaskSuspendAll   tasks.o
    0x0800c740   0x0800c740   0x0000008c   Code   RO         5884    i.vTaskSwitchContext  tasks.o
    0x0800c7cc   0x0800c7cc   0x00000040   Code   RO         7113    i.visual_absolute_pitch_set  gimbal_task.o
    0x0800c80c   0x0800c80c   0x00000054   Code   RO         7114    i.visual_absolute_yaw_set  gimbal_task.o
    0x0800c860   0x0800c860   0x00000010   Code   RO         9061    i.visual_recognition_init  visual_recognition.o
    0x0800c870   0x0800c870   0x00000040   Code   RO         7115    i.visual_relative_pitch_set  gimbal_task.o
    0x0800c8b0   0x0800c8b0   0x00000054   Code   RO         7116    i.visual_relative_yaw_set  gimbal_task.o
    0x0800c904   0x0800c904   0x0000001c   Code   RO         8720    i.write_data_from_buffer_to_uion  fpv_control.o
    0x0800c920   0x0800c920   0x00000040   Code   RO         6726    i.write_data_to_flash  ins_task.o
    0x0800c960   0x0800c960   0x00000040   Code   RO         6727    i.write_flash_to_data  ins_task.o
    0x0800c9a0   0x0800c9a0   0x00000168   Code   RO         6369    i.xPortStartScheduler  port.o
    0x0800cb08   0x0800cb08   0x00000034   Code   RO         6370    i.xPortSysTickHandler  port.o
    0x0800cb3c   0x0800cb3c   0x0000005a   Code   RO         5487    i.xQueueGenericCreate  queue.o
    0x0800cb96   0x0800cb96   0x00000002   PAD
    0x0800cb98   0x0800cb98   0x00000098   Code   RO         5488    i.xQueueGenericReset  queue.o
    0x0800cc30   0x0800cc30   0x000001a8   Code   RO         5489    i.xQueueGenericSend  queue.o
    0x0800cdd8   0x0800cdd8   0x000000f8   Code   RO         5490    i.xQueueGenericSendFromISR  queue.o
    0x0800ced0   0x0800ced0   0x00000168   Code   RO         5497    i.xQueueReceive     queue.o
    0x0800d038   0x0800d038   0x0000008c   Code   RO         5885    i.xTaskCheckForTimeOut  tasks.o
    0x0800d0c4   0x0800d0c4   0x00000060   Code   RO         5886    i.xTaskCreate       tasks.o
    0x0800d124   0x0800d124   0x000000a4   Code   RO         5890    i.xTaskGetHandle    tasks.o
    0x0800d1c8   0x0800d1c8   0x00000020   Code   RO         5891    i.xTaskGetSchedulerState  tasks.o
    0x0800d1e8   0x0800d1e8   0x0000000c   Code   RO         5892    i.xTaskGetTickCount  tasks.o
    0x0800d1f4   0x0800d1f4   0x00000148   Code   RO         5894    i.xTaskIncrementTick  tasks.o
    0x0800d33c   0x0800d33c   0x000000c8   Code   RO         5897    i.xTaskPriorityDisinherit  tasks.o
    0x0800d404   0x0800d404   0x00000098   Code   RO         5899    i.xTaskRemoveFromEventList  tasks.o
    0x0800d49c   0x0800d49c   0x00000104   Code   RO         5900    i.xTaskResumeAll    tasks.o
    0x0800d5a0   0x0800d5a0   0x00000058   Code   RO         6223    i.xTimerCreateTimerTask  timers.o
    0x0800d5f8   0x0800d5f8   0x00000084   Code   RO         6224    i.xTimerGenericCommand  timers.o
    0x0800d67c   0x0800d67c   0x000000fc   Code   RO         7117    i.yawmotor_ecd_to_angle_change  gimbal_task.o
    0x0800d778   0x0800d778   0x0000002c   Code   RO         9948    locale$$code        c_w.l(lc_numeric_c.o)
    0x0800d7a4   0x0800d7a4   0x0000002c   Code   RO         9969    locale$$code        c_w.l(lc_ctype_c.o)
    0x0800d7d0   0x0800d7d0   0x00000018   Code   RO         9756    x$fpl$basic         g_wm.l(basic.o)
    0x0800d7e8   0x0800d7e8   0x000002c4   Code   RO         9578    x$fpl$d2f           g_wm.l(d2f_clz.o)
    0x0800daac   0x0800daac   0x0000024c   Code   RO         9580    x$fpl$dadd          g_wm.l(daddsub_clz.o)
    0x0800dcf8   0x0800dcf8   0x00000018   Code   RO         9758    x$fpl$dcmpinf       g_wm.l(dcmpi.o)
    0x0800dd10   0x0800dd10   0x0000037c   Code   RO         9891    x$fpl$ddiv          g_wm.l(ddiv_clz.o)
    0x0800e08c   0x0800e08c   0x000000c8   Code   RO         9894    x$fpl$dfix          g_wm.l(dfix.o)
    0x0800e154   0x0800e154   0x0000002e   Code   RO         9761    x$fpl$dflt          g_wm.l(dflt_clz.o)
    0x0800e182   0x0800e182   0x0000001a   Code   RO         9762    x$fpl$dfltn         g_wm.l(dflt_clz.o)
    0x0800e19c   0x0800e19c   0x00000026   Code   RO         9760    x$fpl$dfltu         g_wm.l(dflt_clz.o)
    0x0800e1c2   0x0800e1c2   0x00000002   PAD
    0x0800e1c4   0x0800e1c4   0x00000078   Code   RO         9586    x$fpl$dleqf         g_wm.l(dleqf.o)
    0x0800e23c   0x0800e23c   0x000001c0   Code   RO         9898    x$fpl$dmul          g_wm.l(dmul_clz.o)
    0x0800e3fc   0x0800e3fc   0x00000102   Code   RO         9766    x$fpl$dnaninf       g_wm.l(dnaninf.o)
    0x0800e4fe   0x0800e4fe   0x00000070   Code   RO         9900    x$fpl$drenorm       g_wm.l(drenorm_clz.o)
    0x0800e56e   0x0800e56e   0x0000000c   Code   RO         9768    x$fpl$dretinf       g_wm.l(dretinf.o)
    0x0800e57a   0x0800e57a   0x00000062   Code   RO         9588    x$fpl$drleqf        g_wm.l(drleqf.o)
    0x0800e5dc   0x0800e5dc   0x00000050   Code   RO         9581    x$fpl$drsb          g_wm.l(daddsub_clz.o)
    0x0800e62c   0x0800e62c   0x0000029c   Code   RO         9582    x$fpl$dsub          g_wm.l(daddsub_clz.o)
    0x0800e8c8   0x0800e8c8   0x0000017a   Code   RO         9770    x$fpl$dunder        g_wm.l(dunder_clz.o)
    0x0800ea42   0x0800ea42   0x00000002   PAD
    0x0800ea44   0x0800ea44   0x000001ec   Code   RO         9772    x$fpl$exception     g_wm.l(except.o)
    0x0800ec30   0x0800ec30   0x0000007a   Code   RO         9590    x$fpl$f2d           g_wm.l(f2d.o)
    0x0800ecaa   0x0800ecaa   0x000000f2   Code   RO         9774    x$fpl$fnaninf       g_wm.l(fnaninf.o)
    0x0800ed9c   0x0800ed9c   0x0000000a   Code   RO        10037    x$fpl$fpinit        g_wm.l(fpinit.o)
    0x0800eda6   0x0800eda6   0x0000000a   Code   RO         9776    x$fpl$fretinf       g_wm.l(fretinf.o)
    0x0800edb0   0x0800edb0   0x0000013c   Code   RO         9778    x$fpl$funder        g_wm.l(funder_clz.o)
    0x0800eeec   0x0800eeec   0x00000020   Code   RO         9962    x$fpl$ieeestatus    g_wm.l(istatus.o)
    0x0800ef0c   0x0800ef0c   0x00000004   Code   RO         9780    x$fpl$printf1       g_wm.l(printf1.o)
    0x0800ef10   0x0800ef10   0x00000004   Code   RO         9782    x$fpl$printf2       g_wm.l(printf2.o)
    0x0800ef14   0x0800ef14   0x000000b2   Code   RO         9902    x$fpl$retnan        g_wm.l(retnan.o)
    0x0800efc6   0x0800efc6   0x0000007e   Code   RO         9788    x$fpl$trapveneer    g_wm.l(trapv.o)
    0x0800f044   0x0800f044   0x00000000   Code   RO         9790    x$fpl$usenofp       g_wm.l(usenofp.o)
    0x0800f044   0x0800f044   0x00000030   Data   RO         6729    .constdata          ins_task.o
    0x0800f074   0x0800f074   0x00000008   Data   RO         7012    .constdata          chassis_task.o
    0x0800f07c   0x0800f07c   0x00000028   Data   RO         7268    .constdata          shoot_task.o
    0x0800f0a4   0x0800f0a4   0x00000bb4   Data   RO         8000    .constdata          oled.o
    0x0800fc58   0x0800fc58   0x0000000c   Data   RO         8210    .constdata          ist8310driver.o
    0x0800fc64   0x0800fc64   0x0000002a   Data   RO         8338    .constdata          mpu6500driver.o
    0x0800fc8e   0x0800fc8e   0x00000002   PAD
    0x0800fc90   0x0800fc90   0x0000000c   Data   RO         9404    .constdata          AHRS.lib(ahrs.o)
    0x0800fc9c   0x0800fc9c   0x00000804   Data   RO         9537    .constdata          arm_cortexM4lf_math.lib(arm_common_tables.o)
    0x080104a0   0x080104a0   0x00000008   Data   RO         9678    .constdata          c_w.l(_printf_wctomb.o)
    0x080104a8   0x080104a8   0x00000028   Data   RO         9707    .constdata          c_w.l(_printf_hex_int_ll_ptr.o)
    0x080104d0   0x080104d0   0x00000011   Data   RO         9727    .constdata          c_w.l(__printf_flags_ss_wp.o)
    0x080104e1   0x080104e1   0x00000007   PAD
    0x080104e8   0x080104e8   0x00000030   Data   RO         9792    .constdata          m_wm.l(cos_i.o)
    0x08010518   0x08010518   0x000000c8   Data   RO         9826    .constdata          m_wm.l(rred.o)
    0x080105e0   0x080105e0   0x00000028   Data   RO         9833    .constdata          m_wm.l(sin_i.o)
    0x08010608   0x08010608   0x00000026   Data   RO         9879    .constdata          c_w.l(_printf_fp_hex.o)
    0x0801062e   0x0801062e   0x00000002   PAD
    0x08010630   0x08010630   0x00000094   Data   RO         9923    .constdata          c_w.l(bigflt0.o)
    0x080106c4   0x080106c4   0x00000020   Data   RO        10092    Region$$Table       anon$$obj.o
    0x080106e4   0x080106e4   0x0000001c   Data   RO         9947    locale$$data        c_w.l(lc_numeric_c.o)
    0x08010700   0x08010700   0x00000110   Data   RO         9968    locale$$data        c_w.l(lc_ctype_c.o)


    Execution Region RW_IRAM1 (Exec base: 0x20000000, Load base: 0x08010810, Size: 0x00014480, Max: 0x00030000, ABSOLUTE, COMPRESSED[0x00000064])

    Exec Addr    Load Addr    Size         Type   Attr      Idx    E Section Name        Object

    0x20000000   COMPRESSED   0x00000004   Data   RW            7    .data               main.o
    0x20000004   COMPRESSED   0x00000014   Data   RW          307    .data               system_stm32f4xx.o
    0x20000018   COMPRESSED   0x00000010   Data   RW         3101    .data               stm32f4xx_rcc.o
    0x20000028   COMPRESSED   0x00000004   Data   RW         5246    .data               delay.o
    0x2000002c   COMPRESSED   0x0000003c   Data   RW         5903    .data               tasks.o
    0x20000068   COMPRESSED   0x00000014   Data   RW         6230    .data               timers.o
    0x2000007c   COMPRESSED   0x0000000c   Data   RW         6371    .data               port.o
    0x20000088   COMPRESSED   0x00000018   Data   RW         6446    .data               heap_4.o
    0x200000a0   COMPRESSED   0x00000018   Data   RW         6492    .data               start_task.o
    0x200000b8   COMPRESSED   0x00000033   Data   RW         6661    .data               led_task.o
    0x200000eb   COMPRESSED   0x00000001   PAD
    0x200000ec   COMPRESSED   0x00000084   Data   RW         6730    .data               ins_task.o
    0x20000170   COMPRESSED   0x0000000b   Data   RW         7013    .data               chassis_task.o
    0x2000017b   COMPRESSED   0x00000001   PAD
    0x2000017c   COMPRESSED   0x0000003c   Data   RW         7119    .data               gimbal_task.o
    0x200001b8   COMPRESSED   0x00000029   Data   RW         7269    .data               shoot_task.o
    0x200001e1   COMPRESSED   0x00000001   Data   RW         8339    .data               mpu6500driver.o
    0x200001e2   COMPRESSED   0x00000002   Data   RW         8649    .data               remote_control.o
    0x200001e4   COMPRESSED   0x00000011   Data   RW         8722    .data               fpv_control.o
    0x200001f5   COMPRESSED   0x00000003   Data   RW         8794    .data               chassis_behaviour.o
    0x200001f8   COMPRESSED   0x0000001f   Data   RW         8850    .data               gimbal_behaviour.o
    0x20000217   COMPRESSED   0x00000008   Data   RW         8971    .data               can_receive.o
    0x2000021f   COMPRESSED   0x00000001   PAD
    0x20000220   COMPRESSED   0x00000010   Data   RW         9063    .data               visual_recognition.o
    0x20000230   COMPRESSED   0x00000010   Data   RW         9405    .data               AHRS.lib(ahrs.o)
    0x20000240        -       0x00000100   Zero   RW          349    .bss                ambition_data_rule.o
    0x20000340        -       0x00000040   Zero   RW         5501    .bss                queue.o
    0x20000380        -       0x000000c8   Zero   RW         5902    .bss                tasks.o
    0x20000448        -       0x00000028   Zero   RW         6229    .bss                timers.o
    0x20000470        -       0x00012c00   Zero   RW         6445    .bss                heap_4.o
    0x20013070        -       0x00000214   Zero   RW         6728    .bss                ins_task.o
    0x20013284        -       0x00000184   Zero   RW         7011    .bss                chassis_task.o
    0x20013408        -       0x000003d8   Zero   RW         7118    .bss                gimbal_task.o
    0x200137e0        -       0x000002ec   Zero   RW         7267    .bss                shoot_task.o
    0x20013acc        -       0x00000400   Zero   RW         7999    .bss                oled.o
    0x20013ecc        -       0x0000005e   Zero   RW         8648    .bss                remote_control.o
    0x20013f2a        -       0x0000002c   Zero   RW         8721    .bss                fpv_control.o
    0x20013f56   COMPRESSED   0x00000002   PAD
    0x20013f58        -       0x00000078   Zero   RW         8970    .bss                can_receive.o
    0x20013fd0        -       0x0000004a   Zero   RW         9062    .bss                visual_recognition.o
    0x2001401a   COMPRESSED   0x00000002   PAD
    0x2001401c        -       0x00000060   Zero   RW         9909    .bss                c_w.l(libspace.o)
    0x2001407c   COMPRESSED   0x00000004   PAD
    0x20014080        -       0x00000000   Zero   RW         5232    HEAP                startup_stm32f427xx.o
    0x20014080        -       0x00000400   Zero   RW         5231    STACK               startup_stm32f427xx.o


==============================================================================

Image component sizes


      Code (inc. data)   RO Data    RW Data    ZI Data      Debug   Object Name

        56          4          0          0          0        554   adc.o
       196         12          0          0          0       5280   ahrs_middleware.o
        20          8          0          0        256       3840   ambition_data_rule.o
      1072         32          0          0          0       4778   ambition_pid.o
       548         16          0          0          0       1994   can.o
      1004         98          0          8        120       9313   can_receive.o
       476         46          0          3          0       4389   chassis_behaviour.o
      1852        140          8         11        388       8791   chassis_task.o
       220         18          0          4          0       2509   delay.o
         0          0          0          0          0       9656   event_groups.o
       136          6          0          0          0        708   exit_init.o
       654         96          0          0          0       3345   flash.o
       496         82          0         17         44       3725   fpv_control.o
      1380        144          0         31          0       6862   gimbal_behaviour.o
      3166        312          0         60        984      21052   gimbal_task.o
       692         62          0         24      76800       4391   heap_4.o
      1784        220         48        132        532      22402   ins_task.o
       276         10         12          0          0       2603   ist8310driver.o
       250         24          0          0          0       5728   ist8310driver_middleware.o
        80         12          0          0          0       1037   laser.o
       268         50          0          0          0       4113   led.o
      1176        322          0         51          0       4951   led_task.o
       148          0          0          0          0       3218   list.o
       240         22          0          4          0      95286   main.o
       180         24          0          0          0     271417   misc.o
       620         26         42          1          0       4341   mpu6500driver.o
       312         18          0          0          0       6515   mpu6500driver_middleware.o
      1128         46       2996          0       1024       8838   oled.o
       592          8          0          0          0       1826   pid.o
      1014         92          0         12          0      11529   port.o
       136         18          0          0          0       1764   power_ctrl.o
      1784         20          0          0         64      15462   queue.o
       332         20          0          0          0       1238   rc.o
       530         36          0          2         94       3672   remote_control.o
      3644        306         40         41        748      24720   shoot_task.o
       132         18          0          0          0       1629   snail_motor.o
       840         50          0          0          0       3306   spi.o
       564        122          0         24          0     335988   start_task.o
        76         28        428          0       1024        852   startup_stm32f427xx.o
       380         24          0          0          0       6074   stm32f4xx_adc.o
      1566         16          0          0          0       6398   stm32f4xx_can.o
       782         68          0          0          0       9350   stm32f4xx_dma.o
       184         16          0          0          0       2092   stm32f4xx_exti.o
       426         40          0          0          0       4488   stm32f4xx_flash.o
       248          0          0          0          0       4077   stm32f4xx_gpio.o
        20          0          0          0          0       2745   stm32f4xx_it.o
       392         48          0         16          0       5865   stm32f4xx_rcc.o
       130          0          0          0          0       4099   stm32f4xx_spi.o
        64          4          0          0          0        656   stm32f4xx_syscfg.o
       900         66          0          0          0      11140   stm32f4xx_tim.o
       714         42          0          0          0       7301   stm32f4xx_usart.o
       392         32          0         20          0       1789   system_stm32f4xx.o
      3572        450          0         60        200      29017   tasks.o
       740         28          0          0          0       2424   timer.o
      1226        116          0         20         40      22319   timers.o
       324         12          0          0          0       1330   usart.o
       328          4          0          0          0       4377   user_lib.o
       400         62          0         16         74       4652   visual_recognition.o

    ----------------------------------------------------------------------
     40914       3596       3608        560      82396    1053815   Object Totals
         0          0         32          0          0          0   (incl. Generated)
        52          0          2          3          4          0   (incl. Padding)

    ----------------------------------------------------------------------

      Code (inc. data)   RO Data    RW Data    ZI Data      Debug   Library Member Name

      2718         84         12         16          0       9922   ahrs.o
         0          0       2052          0          0       4636   arm_common_tables.o
       120         12          0          0          0      16970   arm_cos_f32.o
       116         12          0          0          0        658   arm_sin_f32.o
        90          0          0          0          0          0   __dczerorl2.o
         8          0          0          0          0         68   __main.o
       392          4         17          0          0         92   __printf_flags_ss_wp.o
        14          0          0          0          0         68   __printf_wp.o
         0          0          0          0          0          0   __rtentry.o
        12          0          0          0          0          0   __rtentry2.o
         6          0          0          0          0          0   __rtentry4.o
        52          8          0          0          0          0   __scatter.o
        28          0          0          0          0          0   __scatter_zi.o
        48          4          0          0          0         84   _fptrap.o
         6          0          0          0          0          0   _printf_a.o
         6          0          0          0          0          0   _printf_c.o
        44          0          0          0          0        108   _printf_char.o
        48          6          0          0          0         96   _printf_char_common.o
        40          0          0          0          0         68   _printf_charcount.o
         6          0          0          0          0          0   _printf_d.o
       120         16          0          0          0         92   _printf_dec.o
         6          0          0          0          0          0   _printf_e.o
         6          0          0          0          0          0   _printf_f.o
      1050          0          0          0          0        216   _printf_fp_dec.o
       764         10         38          0          0        100   _printf_fp_hex.o
       128         16          0          0          0         84   _printf_fp_infnan.o
         6          0          0          0          0          0   _printf_g.o
       148          4         40          0          0        160   _printf_hex_int_ll_ptr.o
         6          0          0          0          0          0   _printf_i.o
       178          0          0          0          0         88   _printf_intcommon.o
        10          0          0          0          0          0   _printf_l.o
         6          0          0          0          0          0   _printf_lc.o
        10          0          0          0          0          0   _printf_ll.o
         6          0          0          0          0          0   _printf_lld.o
         6          0          0          0          0          0   _printf_lli.o
         6          0          0          0          0          0   _printf_llo.o
         6          0          0          0          0          0   _printf_llu.o
         6          0          0          0          0          0   _printf_llx.o
       124         16          0          0          0         92   _printf_longlong_dec.o
         6          0          0          0          0          0   _printf_ls.o
         6          0          0          0          0          0   _printf_n.o
         6          0          0          0          0          0   _printf_o.o
       112          8          0          0          0        124   _printf_oct_int_ll.o
         6          0          0          0          0          0   _printf_p.o
        78          0          0          0          0        108   _printf_pad.o
         0          0          0          0          0          0   _printf_percent.o
         4          0          0          0          0          0   _printf_percent_end.o
         6          0          0          0          0          0   _printf_s.o
        82          0          0          0          0         80   _printf_str.o
        36          0          0          0          0         84   _printf_truncate.o
         6          0          0          0          0          0   _printf_u.o
        44          0          0          0          0        108   _printf_wchar.o
       188          6          8          0          0         92   _printf_wctomb.o
         6          0          0          0          0          0   _printf_x.o
        22          0          0          0          0        100   _rserrno.o
        10          0          0          0          0         68   _sputc.o
        64          0          0          0          0         92   _wcrtomb.o
        16          0          0          0          0         68   aeabi_memset.o
       220          4        148          0          0         96   bigflt0.o
      1910        128          0          0          0        672   btod.o
        10          0          0          0          0         68   defsig_exit.o
       172        110          0          0          0         76   defsig_fpe_inner.o
        14          0          0          0          0         80   defsig_fpe_outer.o
        50          0          0          0          0         88   defsig_general.o
        12          0          0          0          0         72   exit.o
         6          0          0          0          0        152   heapauxi.o
         0          0          0          0          0          0   indicate_semi.o
        44         10        272          0          0         76   lc_ctype_c.o
        44         10         28          0          0         76   lc_numeric_c.o
         2          0          0          0          0          0   libinit.o
        34          0          0          0          0          0   libinit2.o
         2          0          0          0          0          0   libshutdown.o
         2          0          0          0          0          0   libshutdown2.o
         8          4          0          0         96         68   libspace.o
       138          0          0          0          0         80   lludiv10.o
        16          4          0          0          0         76   rt_ctype_table.o
         8          4          0          0          0         68   rt_errno_addr_intlibspace.o
         8          4          0          0          0         68   rt_locale_intlibspace.o
        68          0          0          0          0         68   rt_memclr.o
        78          0          0          0          0         80   rt_memclr_w.o
       138          0          0          0          0         68   rt_memcpy_v6.o
       100          0          0          0          0         80   rt_memcpy_w.o
         2          0          0          0          0          0   rtexit.o
        10          0          0          0          0          0   rtexit2.o
       128          0          0          0          0         68   strcmpv7m.o
        62          0          0          0          0         76   strlen.o
        12          4          0          0          0         68   sys_exit.o
        74          0          0          0          0         80   sys_stackheap_outer.o
        14          0          0          0          0         76   sys_wrch.o
         2          0          0          0          0         68   use_no_semi.o
        36          4          0          0          0         76   vsprintf.o
        24          0          0          0          0        164   basic.o
       708         16          0          0          0        140   d2f_clz.o
      1336         32          0          0          0        532   daddsub_clz.o
        24          0          0          0          0        116   dcmpi.o
       892        152          0          0          0        292   ddiv_clz.o
       200         16          0          0          0        184   dfix.o
       110          0          0          0          0        348   dflt_clz.o
       120          8          0          0          0        140   dleqf.o
       448         16          0          0          0        164   dmul_clz.o
       258          4          0          0          0        156   dnaninf.o
       112          0          0          0          0        160   drenorm_clz.o
        12          0          0          0          0        116   dretinf.o
        98          0          0          0          0        128   drleqf.o
       378          0          0          0          0        168   dunder_clz.o
       492         36          0          0          0        148   except.o
       122          8          0          0          0        132   f2d.o
       242          4          0          0          0        144   fnaninf.o
        10          0          0          0          0        116   fpinit.o
        10          0          0          0          0        116   fretinf.o
       316          0          0          0          0        132   funder_clz.o
        32          4          0          0          0        116   istatus.o
         4          0          0          0          0        116   printf1.o
         4          0          0          0          0        116   printf2.o
       178          0          0          0          0        116   retnan.o
       126          0          0          0          0        148   trapv.o
         0          0          0          0          0          0   usenofp.o
       300         42          0          0          0        176   asinf.o
       592         90          0          0          0        184   atan2f.o
       368         46         48          0          0        200   cos_i.o
        84         16          0          0          0        372   dunder.o
        44          0          0          0          0        248   fabs.o
        48          0          0          0          0        124   fpclassify.o
        38          0          0          0          0        116   fpclassifyf.o
        44         12          0          0          0        464   funder.o
       248          0          0          0          0        152   poly.o
      1080        142        200          0          0        188   rred.o
       200         20          0          0          0        164   sin.o
       304         24         40          0          0        208   sin_i.o
        62          0          0          0          0        136   sqrtf_full.o

    ----------------------------------------------------------------------
     20166       1180       2912         16        100      44090   Library Totals
        30          0          9          0          4          0   (incl. Padding)

    ----------------------------------------------------------------------

      Code (inc. data)   RO Data    RW Data    ZI Data      Debug   Library Name

      2718         84         12         16          0       9922   AHRS.lib
       236         24       2052          0          0      22264   arm_cortexM4lf_math.lib
      7514        384        551          0         96       4964   c_w.l
      6256        296          0          0          0       4208   g_wm.l
      3412        392        288          0          0       2732   m_wm.l

    ----------------------------------------------------------------------
     20166       1180       2912         16        100      44090   Library Totals

    ----------------------------------------------------------------------

==============================================================================


      Code (inc. data)   RO Data    RW Data    ZI Data      Debug   

     61080       4776       6520        576      82496    1053497   Grand Totals
     61080       4776       6520        100      82496    1053497   ELF Image Totals (compressed)
     61080       4776       6520        100          0          0   ROM Totals

==============================================================================

    Total RO  Size (Code + RO Data)                67600 (  66.02kB)
    Total RW  Size (RW Data + ZI Data)             83072 (  81.13kB)
    Total ROM Size (Code + RO Data + RW Data)      67700 (  66.11kB)

==============================================================================

