Component: ARM Compiler 5.05 update 1 (build 106) Tool: armlink [4d0efa]

==============================================================================

Section Cross References

    main.o(i.main) refers to misc.o(i.NVIC_PriorityGroupConfig) for NVIC_PriorityGroupConfig
    main.o(i.main) refers to delay.o(i.delay_init) for delay_init
    main.o(i.main) refers to led.o(i.led_configuration) for led_configuration
    main.o(i.main) refers to usart.o(i.usart2_init) for usart2_init
    main.o(i.main) refers to can.o(i.CAN1_mode_init) for CAN1_mode_init
    main.o(i.main) refers to can.o(i.CAN2_mode_init) for CAN2_mode_init
    main.o(i.main) refers to start_task.o(i.StartTask) for StartTask
    main.o(i.main) refers to tasks.o(i.vTaskStartScheduler) for vTaskStartScheduler
    system_stm32f4xx.o(i.SystemCoreClockUpdate) refers to system_stm32f4xx.o(.data) for SystemCoreClock
    system_stm32f4xx.o(i.SystemInit) refers to system_stm32f4xx.o(i.SetSysClock) for SetSysClock
    stm32f4xx_adc.o(i.ADC_DeInit) refers to stm32f4xx_rcc.o(i.RCC_APB2PeriphResetCmd) for RCC_APB2PeriphResetCmd
    stm32f4xx_can.o(i.CAN_DeInit) refers to stm32f4xx_rcc.o(i.RCC_APB1PeriphResetCmd) for RCC_APB1PeriphResetCmd
    stm32f4xx_can.o(i.CAN_GetITStatus) refers to stm32f4xx_can.o(i.CheckITStatus) for CheckITStatus
    stm32f4xx_cryp.o(i.CRYP_DeInit) refers to stm32f4xx_rcc.o(i.RCC_AHB2PeriphResetCmd) for RCC_AHB2PeriphResetCmd
    stm32f4xx_cryp_aes.o(i.CRYP_AES_CBC) refers to stm32f4xx_cryp.o(i.CRYP_KeyStructInit) for CRYP_KeyStructInit
    stm32f4xx_cryp_aes.o(i.CRYP_AES_CBC) refers to stm32f4xx_cryp.o(i.CRYP_FIFOFlush) for CRYP_FIFOFlush
    stm32f4xx_cryp_aes.o(i.CRYP_AES_CBC) refers to stm32f4xx_cryp.o(i.CRYP_Init) for CRYP_Init
    stm32f4xx_cryp_aes.o(i.CRYP_AES_CBC) refers to stm32f4xx_cryp.o(i.CRYP_KeyInit) for CRYP_KeyInit
    stm32f4xx_cryp_aes.o(i.CRYP_AES_CBC) refers to stm32f4xx_cryp.o(i.CRYP_Cmd) for CRYP_Cmd
    stm32f4xx_cryp_aes.o(i.CRYP_AES_CBC) refers to stm32f4xx_cryp.o(i.CRYP_GetFlagStatus) for CRYP_GetFlagStatus
    stm32f4xx_cryp_aes.o(i.CRYP_AES_CBC) refers to stm32f4xx_cryp.o(i.CRYP_IVInit) for CRYP_IVInit
    stm32f4xx_cryp_aes.o(i.CRYP_AES_CBC) refers to stm32f4xx_cryp.o(i.CRYP_GetCmdStatus) for CRYP_GetCmdStatus
    stm32f4xx_cryp_aes.o(i.CRYP_AES_CBC) refers to stm32f4xx_cryp.o(i.CRYP_DataIn) for CRYP_DataIn
    stm32f4xx_cryp_aes.o(i.CRYP_AES_CBC) refers to stm32f4xx_cryp.o(i.CRYP_DataOut) for CRYP_DataOut
    stm32f4xx_cryp_aes.o(i.CRYP_AES_CCM) refers to stm32f4xx_cryp.o(i.CRYP_KeyStructInit) for CRYP_KeyStructInit
    stm32f4xx_cryp_aes.o(i.CRYP_AES_CCM) refers to stm32f4xx_cryp.o(i.CRYP_FIFOFlush) for CRYP_FIFOFlush
    stm32f4xx_cryp_aes.o(i.CRYP_AES_CCM) refers to stm32f4xx_cryp.o(i.CRYP_KeyInit) for CRYP_KeyInit
    stm32f4xx_cryp_aes.o(i.CRYP_AES_CCM) refers to stm32f4xx_cryp.o(i.CRYP_IVInit) for CRYP_IVInit
    stm32f4xx_cryp_aes.o(i.CRYP_AES_CCM) refers to stm32f4xx_cryp.o(i.CRYP_Init) for CRYP_Init
    stm32f4xx_cryp_aes.o(i.CRYP_AES_CCM) refers to stm32f4xx_cryp.o(i.CRYP_PhaseConfig) for CRYP_PhaseConfig
    stm32f4xx_cryp_aes.o(i.CRYP_AES_CCM) refers to stm32f4xx_cryp.o(i.CRYP_DataIn) for CRYP_DataIn
    stm32f4xx_cryp_aes.o(i.CRYP_AES_CCM) refers to stm32f4xx_cryp.o(i.CRYP_Cmd) for CRYP_Cmd
    stm32f4xx_cryp_aes.o(i.CRYP_AES_CCM) refers to stm32f4xx_cryp.o(i.CRYP_GetCmdStatus) for CRYP_GetCmdStatus
    stm32f4xx_cryp_aes.o(i.CRYP_AES_CCM) refers to stm32f4xx_cryp.o(i.CRYP_GetFlagStatus) for CRYP_GetFlagStatus
    stm32f4xx_cryp_aes.o(i.CRYP_AES_CCM) refers to stm32f4xx_cryp.o(i.CRYP_DataOut) for CRYP_DataOut
    stm32f4xx_cryp_aes.o(i.CRYP_AES_CTR) refers to stm32f4xx_cryp.o(i.CRYP_KeyStructInit) for CRYP_KeyStructInit
    stm32f4xx_cryp_aes.o(i.CRYP_AES_CTR) refers to stm32f4xx_cryp.o(i.CRYP_KeyInit) for CRYP_KeyInit
    stm32f4xx_cryp_aes.o(i.CRYP_AES_CTR) refers to stm32f4xx_cryp.o(i.CRYP_Init) for CRYP_Init
    stm32f4xx_cryp_aes.o(i.CRYP_AES_CTR) refers to stm32f4xx_cryp.o(i.CRYP_IVInit) for CRYP_IVInit
    stm32f4xx_cryp_aes.o(i.CRYP_AES_CTR) refers to stm32f4xx_cryp.o(i.CRYP_FIFOFlush) for CRYP_FIFOFlush
    stm32f4xx_cryp_aes.o(i.CRYP_AES_CTR) refers to stm32f4xx_cryp.o(i.CRYP_Cmd) for CRYP_Cmd
    stm32f4xx_cryp_aes.o(i.CRYP_AES_CTR) refers to stm32f4xx_cryp.o(i.CRYP_GetCmdStatus) for CRYP_GetCmdStatus
    stm32f4xx_cryp_aes.o(i.CRYP_AES_CTR) refers to stm32f4xx_cryp.o(i.CRYP_DataIn) for CRYP_DataIn
    stm32f4xx_cryp_aes.o(i.CRYP_AES_CTR) refers to stm32f4xx_cryp.o(i.CRYP_GetFlagStatus) for CRYP_GetFlagStatus
    stm32f4xx_cryp_aes.o(i.CRYP_AES_CTR) refers to stm32f4xx_cryp.o(i.CRYP_DataOut) for CRYP_DataOut
    stm32f4xx_cryp_aes.o(i.CRYP_AES_ECB) refers to stm32f4xx_cryp.o(i.CRYP_KeyStructInit) for CRYP_KeyStructInit
    stm32f4xx_cryp_aes.o(i.CRYP_AES_ECB) refers to stm32f4xx_cryp.o(i.CRYP_FIFOFlush) for CRYP_FIFOFlush
    stm32f4xx_cryp_aes.o(i.CRYP_AES_ECB) refers to stm32f4xx_cryp.o(i.CRYP_Init) for CRYP_Init
[...]
    x$fpl$dfix                               0x08005efc   Section       94  dfix.o(x$fpl$dfix)
    $v0                                      0x08005efc   Number         0  dfix.o(x$fpl$dfix)
    x$fpl$dflt                               0x08005f5a   Section       46  dflt_clz.o(x$fpl$dflt)
    $v0                                      0x08005f5a   Number         0  dflt_clz.o(x$fpl$dflt)
    x$fpl$dfltu                              0x08005f88   Section       38  dflt_clz.o(x$fpl$dfltu)
    $v0                                      0x08005f88   Number         0  dflt_clz.o(x$fpl$dfltu)
    x$fpl$dmul                               0x08005fb0   Section      340  dmul.o(x$fpl$dmul)
    $v0                                      0x08005fb0   Number         0  dmul.o(x$fpl$dmul)
    x$fpl$dnaninf                            0x08006104   Section      156  dnaninf.o(x$fpl$dnaninf)
    $v0                                      0x08006104   Number         0  dnaninf.o(x$fpl$dnaninf)
    x$fpl$dretinf                            0x080061a0   Section       12  dretinf.o(x$fpl$dretinf)
    $v0                                      0x080061a0   Number         0  dretinf.o(x$fpl$dretinf)
    x$fpl$drsb                               0x080061ac   Section       22  daddsub_clz.o(x$fpl$drsb)
    $v0                                      0x080061ac   Number         0  daddsub_clz.o(x$fpl$drsb)
    x$fpl$dsub                               0x080061c4   Section      468  daddsub_clz.o(x$fpl$dsub)
    $v0                                      0x080061c4   Number         0  daddsub_clz.o(x$fpl$dsub)
    _dsub1                                   0x080061d5   Thumb Code     0  daddsub_clz.o(x$fpl$dsub)
    x$fpl$f2d                                0x08006398   Section       86  f2d.o(x$fpl$f2d)
    $v0                                      0x08006398   Number         0  f2d.o(x$fpl$f2d)
    x$fpl$fnaninf                            0x080063ee   Section      140  fnaninf.o(x$fpl$fnaninf)
    $v0                                      0x080063ee   Number         0  fnaninf.o(x$fpl$fnaninf)
    x$fpl$fpinit                             0x0800647a   Section       10  fpinit.o(x$fpl$fpinit)
    $v0                                      0x0800647a   Number         0  fpinit.o(x$fpl$fpinit)
    x$fpl$fretinf                            0x08006484   Section       10  fretinf.o(x$fpl$fretinf)
    $v0                                      0x08006484   Number         0  fretinf.o(x$fpl$fretinf)
    .constdata                               0x0800648e   Section      770  crc8_crc16.o(.constdata)
    x$fpl$usenofp                            0x0800648e   Section        0  usenofp.o(x$fpl$usenofp)
    .constdata                               0x08006790   Section       48  cos_i.o(.constdata)
    C                                        0x08006790   Data          48  cos_i.o(.constdata)
    .constdata                               0x080067c0   Section      200  rred.o(.constdata)
    pio2s                                    0x080067c0   Data          48  rred.o(.constdata)
    twooverpi                                0x080067f0   Data         152  rred.o(.constdata)
    .constdata                               0x08006888   Section       40  sin_i.o(.constdata)
    S                                        0x08006888   Data          40  sin_i.o(.constdata)
    .data                                    0x20000000   Section       20  system_stm32f4xx.o(.data)
    .data                                    0x20000014   Section       16  stm32f4xx_rcc.o(.data)
    APBAHBPrescTable                         0x20000014   Data          16  stm32f4xx_rcc.o(.data)
    .data                                    0x20000024   Section        4  delay.o(.data)
    fac_us                                   0x20000024   Data           1  delay.o(.data)
    fac_ms                                   0x20000026   Data           2  delay.o(.data)
    .data                                    0x20000028   Section       60  tasks.o(.data)
    pxDelayedTaskList                        0x2000002c   Data           4  tasks.o(.data)
    pxOverflowDelayedTaskList                0x20000030   Data           4  tasks.o(.data)
    uxDeletedTasksWaitingCleanUp             0x20000034   Data           4  tasks.o(.data)
    uxCurrentNumberOfTasks                   0x20000038   Data           4  tasks.o(.data)
    xTickCount                               0x2000003c   Data           4  tasks.o(.data)
    uxTopReadyPriority                       0x20000040   Data           4  tasks.o(.data)
    xSchedulerRunning                        0x20000044   Data           4  tasks.o(.data)
    uxPendedTicks                            0x20000048   Data           4  tasks.o(.data)
    xYieldPending                            0x2000004c   Data           4  tasks.o(.data)
    xNumOfOverflows                          0x20000050   Data           4  tasks.o(.data)
    uxTaskNumber                             0x20000054   Data           4  tasks.o(.data)
    xNextTaskUnblockTime                     0x20000058   Data           4  tasks.o(.data)
    xIdleTaskHandle                          0x2000005c   Data           4  tasks.o(.data)
    uxSchedulerSuspended                     0x20000060   Data           4  tasks.o(.data)
    .data                                    0x20000064   Section       20  timers.o(.data)
    pxCurrentTimerList                       0x20000064   Data           4  timers.o(.data)
    pxOverflowTimerList                      0x20000068   Data           4  timers.o(.data)
    xTimerQueue                              0x2000006c   Data           4  timers.o(.data)
    xTimerTaskHandle                         0x20000070   Data           4  timers.o(.data)
    xLastTime                                0x20000074   Data           4  timers.o(.data)
    .data                                    0x20000078   Section       12  port.o(.data)
    uxCriticalNesting                        0x20000078   Data           4  port.o(.data)
    ucMaxSysCallPriority                     0x2000007c   Data           1  port.o(.data)
    ulMaxPRIGROUPValue                       0x20000080   Data           4  port.o(.data)
    .data                                    0x20000084   Section       24  heap_4.o(.data)
    xStart                                   0x20000084   Data           8  heap_4.o(.data)
    pxEnd                                    0x2000008c   Data           4  heap_4.o(.data)
    xFreeBytesRemaining                      0x20000090   Data           4  heap_4.o(.data)
    xMinimumEverFreeBytesRemaining           0x20000094   Data           4  heap_4.o(.data)
    xBlockAllocatedBit                       0x20000098   Data           4  heap_4.o(.data)
    .data                                    0x2000009c   Section       16  start_task.o(.data)
    StartTask_Handler                        0x2000009c   Data           4  start_task.o(.data)
    LEDTask_Handler                          0x200000a0   Data           4  start_task.o(.data)
    .data                                    0x200000ac   Section       12  led_task.o(.data)
    .data                                    0x200000b8   Section       12  chassis_task.o(.data)
    .data                                    0x200000c4   Section       17  decision.o(.data)
    Res                                      0x200000d4   Data           1  decision.o(.data)
    .data                                    0x200000d8   Section       34  data_core.o(.data)
    float_ui_start                           0x200000f9   Data           1  data_core.o(.data)
    .data                                    0x200000fa   Section        1  ui.o(.data)
    .data                                    0x200000fc   Section        2  crc8_crc16.o(.data)
    .data                                    0x20000100   Section       13  can_receive.o(.data)
    cmd_id_2                                 0x20000104   Data           2  can_receive.o(.data)
    rx_float                                 0x20000108   Data           4  can_receive.o(.data)
    i                                        0x2000010c   Data           1  can_receive.o(.data)
    .bss                                     0x20000110   Section       64  queue.o(.bss)
    .bss                                     0x20000150   Section      200  tasks.o(.bss)
    pxReadyTasksLists                        0x20000150   Data         100  tasks.o(.bss)
    xDelayedTaskList1                        0x200001b4   Data          20  tasks.o(.bss)
    xDelayedTaskList2                        0x200001c8   Data          20  tasks.o(.bss)
    xPendingReadyList                        0x200001dc   Data          20  tasks.o(.bss)
    xTasksWaitingTermination                 0x200001f0   Data          20  tasks.o(.bss)
    xSuspendedTaskList                       0x20000204   Data          20  tasks.o(.bss)
    .bss                                     0x20000218   Section       40  timers.o(.bss)
    xActiveTimerList1                        0x20000218   Data          20  timers.o(.bss)
    xActiveTimerList2                        0x2000022c   Data          20  timers.o(.bss)
    .bss                                     0x20000240   Section    76800  heap_4.o(.bss)
    ucHeap                                   0x20000240   Data       76800  heap_4.o(.bss)
    .bss                                     0x20012e40   Section      712  chassis_task.o(.bss)
    chassis_move                             0x20012e40   Data         168  chassis_task.o(.bss)
    .bss                                     0x20013108   Section      171  decision.o(.bss)
    .bss                                     0x200131b4   Section       16  data_core.o(.bss)
    .bss                                     0x200131c4   Section      112  can_receive.o(.bss)
    motor_chassis                            0x200131c4   Data          40  can_receive.o(.bss)
    CHRX_data                                0x200131ec   Data          20  can_receive.o(.bss)
    cap_data                                 0x20013200   Data          12  can_receive.o(.bss)
    rx1_message                              0x2001320c   Data          20  can_receive.o(.bss)
    rx2_message                              0x20013220   Data          20  can_receive.o(.bss)
    .bss                                     0x20013234   Section       96  libspace.o(.bss)
    HEAP                                     0x20013298   Section        0  startup_stm32f427xx.o(HEAP)
    STACK                                    0x20013298   Section     1024  startup_stm32f427xx.o(STACK)
    Heap_Mem                                 0x20013298   Data           0  startup_stm32f427xx.o(HEAP)
    Stack_Mem                                0x20013298   Data        1024  startup_stm32f427xx.o(STACK)
    __initial_sp                             0x20013698   Data           0  startup_stm32f427xx.o(STACK)

    Global Symbols

    Symbol Name                              Value     Ov Type        Size  Object(Section)

    BuildAttributes$$THM_ISAv4$E$P$D$K$B$S$7EM$VFPi3$EXTD16$VFPS$VFMA$PE$A:L22UL41UL21$X:L11$S22US41US21$IEEE1$IW$USESV6$~STKCKD$USESV7$~SHL$OTIME$ROPI$IEEEX$EBA8$UX$STANDARDLIB$REQ8$PRES8$EABIv2 0x00000000   Number         0  anon$$obj.o ABSOLUTE
    __ARM_use_no_argv                        0x00000000   Number         0  main.o ABSOLUTE
    _printf_flags                            0x00000000   Number         0  printf_stubs.o ABSOLUTE
    _printf_return_value                     0x00000000   Number         0  printf_stubs.o ABSOLUTE
    _printf_sizespec                         0x00000000   Number         0  printf_stubs.o ABSOLUTE
    _printf_widthprec                        0x00000000   Number         0  printf_stubs.o ABSOLUTE
    __ARM_exceptions_init                     - Undefined Weak Reference
    __alloca_initialize                       - Undefined Weak Reference
    __arm_preinit_                            - Undefined Weak Reference
    __cpp_initialize__aeabi_                  - Undefined Weak Reference
    __cxa_finalize                            - Undefined Weak Reference
    __sigvec_lookup                           - Undefined Weak Reference
    _atexit_init                              - Undefined Weak Reference
    _call_atexit_fns                          - Undefined Weak Reference
    _clock_init                               - Undefined Weak Reference
    _fp_trap_init                             - Undefined Weak Reference
    _fp_trap_shutdown                         - Undefined Weak Reference
    _get_lc_collate                           - Undefined Weak Reference
    _get_lc_monetary                          - Undefined Weak Reference
    _get_lc_time                              - Undefined Weak Reference
    _getenv_init                              - Undefined Weak Reference
    _handle_redirection                       - Undefined Weak Reference
    _init_alloc                               - Undefined Weak Reference
    _init_user_alloc                          - Undefined Weak Reference
    _initio                                   - Undefined Weak Reference
    _printf_mbtowc                            - Undefined Weak Reference
    _printf_wc                                - Undefined Weak Reference
    _rand_init                                - Undefined Weak Reference
    _signal_finish                            - Undefined Weak Reference
    _signal_init                              - Undefined Weak Reference
    _terminate_alloc                          - Undefined Weak Reference
    _terminate_user_alloc                     - Undefined Weak Reference
    _terminateio                              - Undefined Weak Reference
    __Vectors_Size                           0x000001ac   Number         0  startup_stm32f427xx.o ABSOLUTE
    __Vectors                                0x08000000   Data           4  startup_stm32f427xx.o(RESET)
    __Vectors_End                            0x080001ac   Data           0  startup_stm32f427xx.o(RESET)
    __main                                   0x080001ad   Thumb Code     8  __main.o(!!!main)
    __scatterload                            0x080001b5   Thumb Code     0  __scatter.o(!!!scatter)
    __scatterload_rt2                        0x080001b5   Thumb Code    44  __scatter.o(!!!scatter)
    __scatterload_rt2_thumb_only             0x080001b5   Thumb Code     0  __scatter.o(!!!scatter)
    __scatterload_null                       0x080001c3   Thumb Code     0  __scatter.o(!!!scatter)
    __scatterload_copy                       0x080001e9   Thumb Code    26  __scatter_copy.o(!!handler_copy)
    __scatterload_zeroinit                   0x08000205   Thumb Code    28  __scatter_zi.o(!!handler_zi)
    __rt_lib_init                            0x08000221   Thumb Code     0  libinit.o(.ARM.Collect$$libinit$$00000000)
    __rt_lib_init_fp_1                       0x08000223   Thumb Code     0  libinit2.o(.ARM.Collect$$libinit$$00000001)
    __rt_lib_init_alloca_1                   0x08000227   Thumb Code     0  libinit2.o(.ARM.Collect$$libinit$$0000002E)
    __rt_lib_init_argv_1                     0x08000227   Thumb Code     0  libinit2.o(.ARM.Collect$$libinit$$0000002C)
    __rt_lib_init_atexit_1                   0x08000227   Thumb Code     0  libinit2.o(.ARM.Collect$$libinit$$0000001B)
    __rt_lib_init_clock_1                    0x08000227   Thumb Code     0  libinit2.o(.ARM.Collect$$libinit$$00000021)
    __rt_lib_init_cpp_1                      0x08000227   Thumb Code     0  libinit2.o(.ARM.Collect$$libinit$$00000032)
    __rt_lib_init_exceptions_1               0x08000227   Thumb Code     0  libinit2.o(.ARM.Collect$$libinit$$00000030)
    __rt_lib_init_fp_trap_1                  0x08000227   Thumb Code     0  libinit2.o(.ARM.Collect$$libinit$$0000001F)
    __rt_lib_init_getenv_1                   0x08000227   Thumb Code     0  libinit2.o(.ARM.Collect$$libinit$$00000023)
    __rt_lib_init_heap_1                     0x08000227   Thumb Code     0  libinit2.o(.ARM.Collect$$libinit$$0000000A)
    __rt_lib_init_lc_collate_1               0x08000227   Thumb Code     0  libinit2.o(.ARM.Collect$$libinit$$00000011)
    __rt_lib_init_lc_ctype_1                 0x08000227   Thumb Code     0  libinit2.o(.ARM.Collect$$libinit$$00000013)
    __rt_lib_init_lc_monetary_1              0x08000227   Thumb Code     0  libinit2.o(.ARM.Collect$$libinit$$00000015)
    __rt_lib_init_lc_numeric_1               0x08000227   Thumb Code     0  libinit2.o(.ARM.Collect$$libinit$$00000017)
    __rt_lib_init_lc_time_1                  0x08000227   Thumb Code     0  libinit2.o(.ARM.Collect$$libinit$$00000019)
    __rt_lib_init_preinit_1                  0x08000227   Thumb Code     0  libinit2.o(.ARM.Collect$$libinit$$00000004)
    __rt_lib_init_rand_1                     0x08000227   Thumb Code     0  libinit2.o(.ARM.Collect$$libinit$$0000000E)
    __rt_lib_init_return                     0x08000227   Thumb Code     0  libinit2.o(.ARM.Collect$$libinit$$00000033)
    __rt_lib_init_signal_1                   0x08000227   Thumb Code     0  libinit2.o(.ARM.Collect$$libinit$$0000001D)
    __rt_lib_init_stdio_1                    0x08000227   Thumb Code     0  libinit2.o(.ARM.Collect$$libinit$$00000025)
    __rt_lib_init_user_alloc_1               0x08000227   Thumb Code     0  libinit2.o(.ARM.Collect$$libinit$$0000000C)
    __rt_lib_shutdown                        0x08000229   Thumb Code     0  libshutdown.o(.ARM.Collect$$libshutdown$$00000000)
    __rt_lib_shutdown_fp_trap_1              0x0800022b   Thumb Code     0  libshutdown2.o(.ARM.Collect$$libshutdown$$00000006)
    __rt_lib_shutdown_heap_1                 0x0800022b   Thumb Code     0  libshutdown2.o(.ARM.Collect$$libshutdown$$0000000E)
    __rt_lib_shutdown_return                 0x0800022b   Thumb Code     0  libshutdown2.o(.ARM.Collect$$libshutdown$$0000000F)
    __rt_lib_shutdown_signal_1               0x0800022b   Thumb Code     0  libshutdown2.o(.ARM.Collect$$libshutdown$$00000009)
    __rt_lib_shutdown_stdio_1                0x0800022b   Thumb Code     0  libshutdown2.o(.ARM.Collect$$libshutdown$$00000003)
    __rt_lib_shutdown_user_alloc_1           0x0800022b   Thumb Code     0  libshutdown2.o(.ARM.Collect$$libshutdown$$0000000B)
    __rt_entry                               0x0800022d   Thumb Code     0  __rtentry.o(.ARM.Collect$$rtentry$$00000000)
    __rt_entry_presh_1                       0x0800022d   Thumb Code     0  __rtentry2.o(.ARM.Collect$$rtentry$$00000002)
    __rt_entry_sh                            0x0800022d   Thumb Code     0  __rtentry4.o(.ARM.Collect$$rtentry$$00000004)
    __rt_entry_li                            0x08000233   Thumb Code     0  __rtentry2.o(.ARM.Collect$$rtentry$$0000000A)
    __rt_entry_postsh_1                      0x08000233   Thumb Code     0  __rtentry2.o(.ARM.Collect$$rtentry$$00000009)
    __rt_entry_main                          0x08000237   Thumb Code     0  __rtentry2.o(.ARM.Collect$$rtentry$$0000000D)
    __rt_entry_postli_1                      0x08000237   Thumb Code     0  __rtentry2.o(.ARM.Collect$$rtentry$$0000000C)
    __rt_exit                                0x0800023f   Thumb Code     0  rtexit.o(.ARM.Collect$$rtexit$$00000000)
    __rt_exit_ls                             0x08000241   Thumb Code     0  rtexit2.o(.ARM.Collect$$rtexit$$00000003)
    __rt_exit_prels_1                        0x08000241   Thumb Code     0  rtexit2.o(.ARM.Collect$$rtexit$$00000002)
    __rt_exit_exit                           0x08000245   Thumb Code     0  rtexit2.o(.ARM.Collect$$rtexit$$00000004)
    SVC_Handler                              0x0800024d   Thumb Code    28  port.o(.emb_text)
    __asm___6_port_c_39a90d8d__prvStartFirstTask 0x0800026d   Thumb Code    36  port.o(.emb_text)
    __asm___6_port_c_39a90d8d__prvEnableVFP  0x08000295   Thumb Code    16  port.o(.emb_text)
    PendSV_Handler                           0x080002a9   Thumb Code    88  port.o(.emb_text)
    vPortGetIPSR                             0x08000305   Thumb Code     6  port.o(.emb_text)
    Reset_Handler                            0x0800030d   Thumb Code    18  startup_stm32f427xx.o(.text)
    ADC_IRQHandler                           0x08000331   Thumb Code     0  startup_stm32f427xx.o(.text)
    CAN1_RX1_IRQHandler                      0x08000331   Thumb Code     0  startup_stm32f427xx.o(.text)
    CAN1_SCE_IRQHandler                      0x08000331   Thumb Code     0  startup_stm32f427xx.o(.text)
    CAN1_TX_IRQHandler                       0x08000331   Thumb Code     0  startup_stm32f427xx.o(.text)
    CAN2_RX1_IRQHandler                      0x08000331   Thumb Code     0  startup_stm32f427xx.o(.text)
    CAN2_SCE_IRQHandler                      0x08000331   Thumb Code     0  startup_stm32f427xx.o(.text)
    CAN2_TX_IRQHandler                       0x08000331   Thumb Code     0  startup_stm32f427xx.o(.text)
    DCMI_IRQHandler                          0x08000331   Thumb Code     0  startup_stm32f427xx.o(.text)
    DMA1_Stream0_IRQHandler                  0x08000331   Thumb Code     0  startup_stm32f427xx.o(.text)
    DMA1_Stream1_IRQHandler                  0x08000331   Thumb Code     0  startup_stm32f427xx.o(.text)
    DMA1_Stream2_IRQHandler                  0x08000331   Thumb Code     0  startup_stm32f427xx.o(.text)
    DMA1_Stream3_IRQHandler                  0x08000331   Thumb Code     0  startup_stm32f427xx.o(.text)
    DMA1_Stream4_IRQHandler                  0x08000331   Thumb Code     0  startup_stm32f427xx.o(.text)
    DMA1_Stream5_IRQHandler                  0x08000331   Thumb Code     0  startup_stm32f427xx.o(.text)
    DMA1_Stream6_IRQHandler                  0x08000331   Thumb Code     0  startup_stm32f427xx.o(.text)
    DMA1_Stream7_IRQHandler                  0x08000331   Thumb Code     0  startup_stm32f427xx.o(.text)
    DMA2D_IRQHandler                         0x08000331   Thumb Code     0  startup_stm32f427xx.o(.text)
    DMA2_Stream0_IRQHandler                  0x08000331   Thumb Code     0  startup_stm32f427xx.o(.text)
    DMA2_Stream1_IRQHandler                  0x08000331   Thumb Code     0  startup_stm32f427xx.o(.text)
    DMA2_Stream2_IRQHandler                  0x08000331   Thumb Code     0  startup_stm32f427xx.o(.text)
    DMA2_Stream3_IRQHandler                  0x08000331   Thumb Code     0  startup_stm32f427xx.o(.text)
    DMA2_Stream4_IRQHandler                  0x08000331   Thumb Code     0  startup_stm32f427xx.o(.text)
    DMA2_Stream5_IRQHandler                  0x08000331   Thumb Code     0  startup_stm32f427xx.o(.text)
    DMA2_Stream6_IRQHandler                  0x08000331   Thumb Code     0  startup_stm32f427xx.o(.text)
    DMA2_Stream7_IRQHandler                  0x08000331   Thumb Code     0  startup_stm32f427xx.o(.text)
    ETH_IRQHandler                           0x08000331   Thumb Code     0  startup_stm32f427xx.o(.text)
    ETH_WKUP_IRQHandler                      0x08000331   Thumb Code     0  startup_stm32f427xx.o(.text)
    EXTI0_IRQHandler                         0x08000331   Thumb Code     0  startup_stm32f427xx.o(.text)
    EXTI15_10_IRQHandler                     0x08000331   Thumb Code     0  startup_stm32f427xx.o(.text)
    EXTI1_IRQHandler                         0x08000331   Thumb Code     0  startup_stm32f427xx.o(.text)
    EXTI2_IRQHandler                         0x08000331   Thumb Code     0  startup_stm32f427xx.o(.text)
    EXTI3_IRQHandler                         0x08000331   Thumb Code     0  startup_stm32f427xx.o(.text)
    EXTI4_IRQHandler                         0x08000331   Thumb Code     0  startup_stm32f427xx.o(.text)
    EXTI9_5_IRQHandler                       0x08000331   Thumb Code     0  startup_stm32f427xx.o(.text)
    FLASH_IRQHandler                         0x08000331   Thumb Code     0  startup_stm32f427xx.o(.text)
    FMC_IRQHandler                           0x08000331   Thumb Code     0  startup_stm32f427xx.o(.text)
    FPU_IRQHandler                           0x08000331   Thumb Code     0  startup_stm32f427xx.o(.text)
    HASH_RNG_IRQHandler                      0x08000331   Thumb Code     0  startup_stm32f427xx.o(.text)
    I2C1_ER_IRQHandler                       0x08000331   Thumb Code     0  startup_stm32f427xx.o(.text)
    I2C1_EV_IRQHandler                       0x08000331   Thumb Code     0  startup_stm32f427xx.o(.text)
    I2C2_ER_IRQHandler                       0x08000331   Thumb Code     0  startup_stm32f427xx.o(.text)
    I2C2_EV_IRQHandler                       0x08000331   Thumb Code     0  startup_stm32f427xx.o(.text)
    I2C3_ER_IRQHandler                       0x08000331   Thumb Code     0  startup_stm32f427xx.o(.text)
    I2C3_EV_IRQHandler                       0x08000331   Thumb Code     0  startup_stm32f427xx.o(.text)
    OTG_FS_IRQHandler                        0x08000331   Thumb Code     0  startup_stm32f427xx.o(.text)
    OTG_FS_WKUP_IRQHandler                   0x08000331   Thumb Code     0  startup_stm32f427xx.o(.text)
    OTG_HS_EP1_IN_IRQHandler                 0x08000331   Thumb Code     0  startup_stm32f427xx.o(.text)
    OTG_HS_EP1_OUT_IRQHandler                0x08000331   Thumb Code     0  startup_stm32f427xx.o(.text)
    OTG_HS_IRQHandler                        0x08000331   Thumb Code     0  startup_stm32f427xx.o(.text)
    OTG_HS_WKUP_IRQHandler                   0x08000331   Thumb Code     0  startup_stm32f427xx.o(.text)
    PVD_IRQHandler                           0x08000331   Thumb Code     0  startup_stm32f427xx.o(.text)
    RCC_IRQHandler                           0x08000331   Thumb Code     0  startup_stm32f427xx.o(.text)
    RTC_Alarm_IRQHandler                     0x08000331   Thumb Code     0  startup_stm32f427xx.o(.text)
    RTC_WKUP_IRQHandler                      0x08000331   Thumb Code     0  startup_stm32f427xx.o(.text)
    SAI1_IRQHandler                          0x08000331   Thumb Code     0  startup_stm32f427xx.o(.text)
    SDIO_IRQHandler                          0x08000331   Thumb Code     0  startup_stm32f427xx.o(.text)
    SPI1_IRQHandler                          0x08000331   Thumb Code     0  startup_stm32f427xx.o(.text)
    SPI2_IRQHandler                          0x08000331   Thumb Code     0  startup_stm32f427xx.o(.text)
    SPI3_IRQHandler                          0x08000331   Thumb Code     0  startup_stm32f427xx.o(.text)
    SPI4_IRQHandler                          0x08000331   Thumb Code     0  startup_stm32f427xx.o(.text)
    SPI5_IRQHandler                          0x08000331   Thumb Code     0  startup_stm32f427xx.o(.text)
    SPI6_IRQHandler                          0x08000331   Thumb Code     0  startup_stm32f427xx.o(.text)
    TAMP_STAMP_IRQHandler                    0x08000331   Thumb Code     0  startup_stm32f427xx.o(.text)
    TIM1_BRK_TIM9_IRQHandler                 0x08000331   Thumb Code     0  startup_stm32f427xx.o(.text)
    TIM1_CC_IRQHandler                       0x08000331   Thumb Code     0  startup_stm32f427xx.o(.text)
    TIM1_TRG_COM_TIM11_IRQHandler            0x08000331   Thumb Code     0  startup_stm32f427xx.o(.text)
    TIM1_UP_TIM10_IRQHandler                 0x08000331   Thumb Code     0  startup_stm32f427xx.o(.text)
    TIM2_IRQHandler                          0x08000331   Thumb Code     0  startup_stm32f427xx.o(.text)
    TIM3_IRQHandler                          0x08000331   Thumb Code     0  startup_stm32f427xx.o(.text)
    TIM4_IRQHandler                          0x08000331   Thumb Code     0  startup_stm32f427xx.o(.text)
    TIM5_IRQHandler                          0x08000331   Thumb Code     0  startup_stm32f427xx.o(.text)
    TIM6_DAC_IRQHandler                      0x08000331   Thumb Code     0  startup_stm32f427xx.o(.text)
    TIM7_IRQHandler                          0x08000331   Thumb Code     0  startup_stm32f427xx.o(.text)
    TIM8_BRK_TIM12_IRQHandler                0x08000331   Thumb Code     0  startup_stm32f427xx.o(.text)
    TIM8_CC_IRQHandler                       0x08000331   Thumb Code     0  startup_stm32f427xx.o(.text)
    TIM8_TRG_COM_TIM14_IRQHandler            0x08000331   Thumb Code     0  startup_stm32f427xx.o(.text)
    TIM8_UP_TIM13_IRQHandler                 0x08000331   Thumb Code     0  startup_stm32f427xx.o(.text)
    UART4_IRQHandler                         0x08000331   Thumb Code     0  startup_stm32f427xx.o(.text)
    UART5_IRQHandler                         0x08000331   Thumb Code     0  startup_stm32f427xx.o(.text)
    UART7_IRQHandler                         0x08000331   Thumb Code     0  startup_stm32f427xx.o(.text)
    UART8_IRQHandler                         0x08000331   Thumb Code     0  startup_stm32f427xx.o(.text)
    USART1_IRQHandler                        0x08000331   Thumb Code     0  startup_stm32f427xx.o(.text)
    USART3_IRQHandler                        0x08000331   Thumb Code     0  startup_stm32f427xx.o(.text)
    USART6_IRQHandler                        0x08000331   Thumb Code     0  startup_stm32f427xx.o(.text)
    WWDG_IRQHandler                          0x08000331   Thumb Code     0  startup_stm32f427xx.o(.text)
    __user_initial_stackheap                 0x08000335   Thumb Code     0  startup_stm32f427xx.o(.text)
    __aeabi_memcpy                           0x08000359   Thumb Code     0  rt_memcpy_v6.o(.text)
    __rt_memcpy                              0x08000359   Thumb Code   138  rt_memcpy_v6.o(.text)
    _memcpy_lastbytes                        0x080003bf   Thumb Code     0  rt_memcpy_v6.o(.text)
    __aeabi_memset                           0x080003e3   Thumb Code    16  aeabi_memset.o(.text)
    __aeabi_memclr4                          0x080003f3   Thumb Code     0  rt_memclr_w.o(.text)
    __aeabi_memclr8                          0x080003f3   Thumb Code     0  rt_memclr_w.o(.text)
    __rt_memclr_w                            0x080003f3   Thumb Code    78  rt_memclr_w.o(.text)
    _memset_w                                0x080003f7   Thumb Code     0  rt_memclr_w.o(.text)
    __use_two_region_memory                  0x08000441   Thumb Code     2  heapauxi.o(.text)
    __rt_heap_escrow$2region                 0x08000443   Thumb Code     2  heapauxi.o(.text)
    __rt_heap_expand$2region                 0x08000445   Thumb Code     2  heapauxi.o(.text)
    __read_errno                             0x08000447   Thumb Code    10  _rserrno.o(.text)
    __set_errno                              0x08000451   Thumb Code    12  _rserrno.o(.text)
    __aeabi_memcpy4                          0x0800045d   Thumb Code     0  rt_memcpy_w.o(.text)
    __aeabi_memcpy8                          0x0800045d   Thumb Code     0  rt_memcpy_w.o(.text)
    __rt_memcpy_w                            0x0800045d   Thumb Code   100  rt_memcpy_w.o(.text)
    _memcpy_lastbytes_aligned                0x080004a5   Thumb Code     0  rt_memcpy_w.o(.text)
    __aeabi_memclr                           0x080004c1   Thumb Code     0  rt_memclr.o(.text)
    __rt_memclr                              0x080004c1   Thumb Code    68  rt_memclr.o(.text)
    _memset                                  0x080004c5   Thumb Code     0  rt_memclr.o(.text)
    __aeabi_errno_addr                       0x08000505   Thumb Code     8  rt_errno_addr_intlibspace.o(.text)
    __errno$intlibspace                      0x08000505   Thumb Code     0  rt_errno_addr_intlibspace.o(.text)
    __rt_errno_addr$intlibspace              0x08000505   Thumb Code     0  rt_errno_addr_intlibspace.o(.text)
    __user_libspace                          0x0800050d   Thumb Code     8  libspace.o(.text)
    __user_perproc_libspace                  0x0800050d   Thumb Code     0  libspace.o(.text)
    __user_perthread_libspace                0x0800050d   Thumb Code     0  libspace.o(.text)
    __user_setup_stackheap                   0x08000515   Thumb Code    74  sys_stackheap_outer.o(.text)
    exit                                     0x0800055f   Thumb Code    12  exit.o(.text)
    _sys_exit                                0x0800056d   Thumb Code     8  sys_exit.o(.text)
    __I$use$semihosting                      0x08000579   Thumb Code     0  use_no_semi.o(.text)
    __use_no_semihosting_swi                 0x08000579   Thumb Code     2  use_no_semi.o(.text)
    __semihosting_library_function           0x0800057b   Thumb Code     0  indicate_semi.o(.text)
    Abm_PID_init                             0x0800057d   Thumb Code   214  ambition_pid.o(i.Abm_PID_init)
    Amb_PID_cail                             0x08000659   Thumb Code   490  ambition_pid.o(i.Amb_PID_cail)
    BusFault_Handler                         0x0800084d   Thumb Code     4  stm32f4xx_it.o(i.BusFault_Handler)
    CAN1_RX0_IRQHandler                      0x08000851   Thumb Code    38  can_receive.o(i.CAN1_RX0_IRQHandler)
    CAN1_mode_init                           0x08000881   Thumb Code   264  can.o(i.CAN1_mode_init)
    CAN2_RX0_IRQHandler                      0x08000991   Thumb Code    38  can_receive.o(i.CAN2_RX0_IRQHandler)
    CAN2_mode_init                           0x080009c1   Thumb Code   268  can.o(i.CAN2_mode_init)
    CAN_CMD_CHASSIS                          0x08000ad5   Thumb Code    94  can_receive.o(i.CAN_CMD_CHASSIS)
    CAN_CMD_JUDGMENT_DATA                    0x08000b39   Thumb Code    86  can_receive.o(i.CAN_CMD_JUDGMENT_DATA)
    CAN_CMD_POWER_DATA                       0x08000b95   Thumb Code    80  can_receive.o(i.CAN_CMD_POWER_DATA)
    CAN_ClearITPendingBit                    0x08000be9   Thumb Code   162  stm32f4xx_can.o(i.CAN_ClearITPendingBit)
    CAN_FilterInit                           0x08000c91   Thumb Code   258  stm32f4xx_can.o(i.CAN_FilterInit)
    CAN_GetITStatus                          0x08000d99   Thumb Code   284  stm32f4xx_can.o(i.CAN_GetITStatus)
    CAN_ITConfig                             0x08000eb9   Thumb Code    18  stm32f4xx_can.o(i.CAN_ITConfig)
    CAN_Init                                 0x08000ecb   Thumb Code   276  stm32f4xx_can.o(i.CAN_Init)
    CAN_Receive                              0x08000fdf   Thumb Code   240  stm32f4xx_can.o(i.CAN_Receive)
    CAN_Transmit                             0x080010cf   Thumb Code   294  stm32f4xx_can.o(i.CAN_Transmit)
    DebugMon_Handler                         0x0800135b   Thumb Code     2  stm32f4xx_it.o(i.DebugMon_Handler)
    GPIO_Init                                0x0800135d   Thumb Code   144  stm32f4xx_gpio.o(i.GPIO_Init)
    GPIO_PinAFConfig                         0x080013ed   Thumb Code    70  stm32f4xx_gpio.o(i.GPIO_PinAFConfig)
    GPIO_SetBits                             0x08001433   Thumb Code     4  stm32f4xx_gpio.o(i.GPIO_SetBits)
    GPIO_ToggleBits                          0x08001437   Thumb Code     8  stm32f4xx_gpio.o(i.GPIO_ToggleBits)
    HardFault_Handler                        0x0800143f   Thumb Code     4  stm32f4xx_it.o(i.HardFault_Handler)
    LEDTask                                  0x08001445   Thumb Code    66  led_task.o(i.LEDTask)
    MemManage_Handler                        0x08001491   Thumb Code     4  stm32f4xx_it.o(i.MemManage_Handler)
    NMI_Handler                              0x08001495   Thumb Code     2  stm32f4xx_it.o(i.NMI_Handler)
    NVIC_Init                                0x08001499   Thumb Code   106  misc.o(i.NVIC_Init)
    NVIC_PriorityGroupConfig                 0x08001511   Thumb Code    10  misc.o(i.NVIC_PriorityGroupConfig)
    RCC_AHB1PeriphClockCmd                   0x08001525   Thumb Code    26  stm32f4xx_rcc.o(i.RCC_AHB1PeriphClockCmd)
    RCC_APB1PeriphClockCmd                   0x08001545   Thumb Code    26  stm32f4xx_rcc.o(i.RCC_APB1PeriphClockCmd)
    RCC_APB1PeriphResetCmd                   0x08001565   Thumb Code    26  stm32f4xx_rcc.o(i.RCC_APB1PeriphResetCmd)
    RCC_GetClocksFreq                        0x08001585   Thumb Code   214  stm32f4xx_rcc.o(i.RCC_GetClocksFreq)
    StartTask                                0x0800178d   Thumb Code    24  start_task.o(i.StartTask)
    SysTick_CLKSourceConfig                  0x080017b9   Thumb Code    40  misc.o(i.SysTick_CLKSourceConfig)
    SysTick_Handler                          0x080017e1   Thumb Code    16  delay.o(i.SysTick_Handler)
    SystemInit                               0x080017f1   Thumb Code    88  system_stm32f4xx.o(i.SystemInit)
    USART2_IRQHandler                        0x08001859   Thumb Code    46  decision.o(i.USART2_IRQHandler)
    USART_ClearFlag                          0x08001891   Thumb Code    18  stm32f4xx_usart.o(i.USART_ClearFlag)
    USART_Cmd                                0x080018a3   Thumb Code    24  stm32f4xx_usart.o(i.USART_Cmd)
    USART_GetFlagStatus                      0x080018bb   Thumb Code    26  stm32f4xx_usart.o(i.USART_GetFlagStatus)
    USART_GetITStatus                        0x080018d5   Thumb Code    84  stm32f4xx_usart.o(i.USART_GetITStatus)
    USART_ITConfig                           0x08001929   Thumb Code    74  stm32f4xx_usart.o(i.USART_ITConfig)
    USART_Init                               0x08001975   Thumb Code   204  stm32f4xx_usart.o(i.USART_Init)
    USART_ReceiveData                        0x08001a49   Thumb Code    10  stm32f4xx_usart.o(i.USART_ReceiveData)
    USART_SendData                           0x08001a53   Thumb Code     8  stm32f4xx_usart.o(i.USART_SendData)
    UsageFault_Handler                       0x08001a5b   Thumb Code     4  stm32f4xx_it.o(i.UsageFault_Handler)
    __ARM_fpclassify                         0x08001a5f   Thumb Code    48  fpclassify.o(i.__ARM_fpclassify)
    __hardfp_fabs                            0x08001a8f   Thumb Code    20  fabs.o(i.__hardfp_fabs)
    __hardfp_sin                             0x08001aa9   Thumb Code   180  sin.o(i.__hardfp_sin)
    __ieee754_rem_pio2                       0x08001b71   Thumb Code   938  rred.o(i.__ieee754_rem_pio2)
    __kernel_cos                             0x08001fa9   Thumb Code   322  cos_i.o(i.__kernel_cos)
    __kernel_poly                            0x08002119   Thumb Code   248  poly.o(i.__kernel_poly)
    __kernel_sin                             0x08002211   Thumb Code   280  sin_i.o(i.__kernel_sin)
    __mathlib_dbl_infnan                     0x08002341   Thumb Code    20  dunder.o(i.__mathlib_dbl_infnan)
    __mathlib_dbl_invalid                    0x08002359   Thumb Code    24  dunder.o(i.__mathlib_dbl_invalid)
    __mathlib_dbl_underflow                  0x08002379   Thumb Code    24  dunder.o(i.__mathlib_dbl_underflow)
    append_CRC16_check_sum                   0x08002471   Thumb Code    44  crc8_crc16.o(i.append_CRC16_check_sum)
    append_CRC8_check_sum                    0x080024a1   Thumb Code    36  crc8_crc16.o(i.append_CRC8_check_sum)
    chassis_task                             0x08002901   Thumb Code    58  chassis_task.o(i.chassis_task)
    clean_ui                                 0x08002991   Thumb Code   206  ui.o(i.clean_ui)
    data_core_task                           0x08002a9d   Thumb Code   644  data_core.o(i.data_core_task)
    delay_init                               0x08003095   Thumb Code    58  delay.o(i.delay_init)
    drawOnePicture                           0x080030d9   Thumb Code   196  ui.o(i.drawOnePicture)
    fabs                                     0x080031a1   Thumb Code    24  fabs.o(i.fabs)
    flow_led_off                             0x080031b9   Thumb Code    20  led.o(i.flow_led_off)
    get_CHRX_data_Point                      0x080031d1   Thumb Code     4  can_receive.o(i.get_CHRX_data_Point)
    get_CRC16_check_sum                      0x080031d9   Thumb Code    46  crc8_crc16.o(i.get_CRC16_check_sum)
    get_CRC8_check_sum                       0x0800320d   Thumb Code    30  crc8_crc16.o(i.get_CRC8_check_sum)
    get_Chassis_Motor_Measure_Point          0x08003231   Thumb Code    18  can_receive.o(i.get_Chassis_Motor_Measure_Point)
    get_cap_data                             0x08003249   Thumb Code    84  can_receive.o(i.get_cap_data)
    get_cap_data_Point                       0x080032a1   Thumb Code     4  can_receive.o(i.get_cap_data_Point)
    get_user_rx_data_Point                   0x080032a9   Thumb Code     4  can_receive.o(i.get_user_rx_data_Point)
    led_configuration                        0x080032b1   Thumb Code    94  led.o(i.led_configuration)
    led_green_off                            0x0800331d   Thumb Code    14  led.o(i.led_green_off)
    led_green_toggle                         0x08003331   Thumb Code    14  led.o(i.led_green_toggle)
    led_red_off                              0x08003345   Thumb Code    14  led.o(i.led_red_off)
    loop_fp32_constrain                      0x08003359   Thumb Code    96  user_lib.o(i.loop_fp32_constrain)
    main                                     0x080033b9   Thumb Code    64  main.o(i.main)
    pvPortMalloc                             0x08003e09   Thumb Code   296  heap_4.o(i.pvPortMalloc)
    pxPortInitialiseStack                    0x08003f45   Thumb Code    38  port.o(i.pxPortInitialiseStack)
    return_decision_data_point               0x08003f71   Thumb Code     4  decision.o(i.return_decision_data_point)
    scale_ui                                 0x08003f79   Thumb Code   492  data_core.o(i.scale_ui)
    start_task                               0x08004199   Thumb Code    88  start_task.o(i.start_task)
    test_ui                                  0x08004231   Thumb Code   404  data_core.o(i.test_ui)
    ui_float                                 0x080043d1   Thumb Code   244  data_core.o(i.ui_float)
    usart2_init                              0x080044d5   Thumb Code   172  usart.o(i.usart2_init)
    user_ui_1                                0x08004589   Thumb Code   684  data_core.o(i.user_ui_1)
    uxListRemove                             0x08004841   Thumb Code    40  list.o(i.uxListRemove)
    vListInitialise                          0x08004869   Thumb Code    26  list.o(i.vListInitialise)
    vListInitialiseItem                      0x08004883   Thumb Code     6  list.o(i.vListInitialiseItem)
    vListInsert                              0x08004889   Thumb Code    52  list.o(i.vListInsert)
    vListInsertEnd                           0x080048bd   Thumb Code    24  list.o(i.vListInsertEnd)
    vPortEnterCritical                       0x080048d5   Thumb Code    76  port.o(i.vPortEnterCritical)
    vPortExitCritical                        0x08004929   Thumb Code    56  port.o(i.vPortExitCritical)
    vPortFree                                0x08004965   Thumb Code   140  heap_4.o(i.vPortFree)
    vPortSetupTimerInterrupt                 0x080049f9   Thumb Code    36  port.o(i.vPortSetupTimerInterrupt)
    vPortValidateInterruptPriority           0x08004a21   Thumb Code   106  port.o(i.vPortValidateInterruptPriority)
    vQueueAddToRegistry                      0x08004a99   Thumb Code    38  queue.o(i.vQueueAddToRegistry)
    vQueueWaitForMessageRestricted           0x08004ac5   Thumb Code    74  queue.o(i.vQueueWaitForMessageRestricted)
    vTaskDelay                               0x08004b11   Thumb Code    82  tasks.o(i.vTaskDelay)
    vTaskDelete                              0x08004b6d   Thumb Code   202  tasks.o(i.vTaskDelete)
    vTaskInternalSetTimeOutState             0x08004c61   Thumb Code    14  tasks.o(i.vTaskInternalSetTimeOutState)
    vTaskMissedYield                         0x08004c79   Thumb Code     8  tasks.o(i.vTaskMissedYield)
    vTaskPlaceOnEventList                    0x08004c85   Thumb Code    52  tasks.o(i.vTaskPlaceOnEventList)
    vTaskPlaceOnEventListRestricted          0x08004cbd   Thumb Code    60  tasks.o(i.vTaskPlaceOnEventListRestricted)
    vTaskStartScheduler                      0x08004cfd   Thumb Code   118  tasks.o(i.vTaskStartScheduler)
    vTaskSuspendAll                          0x08004d91   Thumb Code    12  tasks.o(i.vTaskSuspendAll)
    vTaskSwitchContext                       0x08004da1   Thumb Code   118  tasks.o(i.vTaskSwitchContext)
    xPortStartScheduler                      0x08004e49   Thumb Code   330  port.o(i.xPortStartScheduler)
    xPortSysTickHandler                      0x08004fb1   Thumb Code    46  port.o(i.xPortSysTickHandler)
    xQueueGenericCreate                      0x08004fe5   Thumb Code    90  queue.o(i.xQueueGenericCreate)
    xQueueGenericReset                       0x08005041   Thumb Code   146  queue.o(i.xQueueGenericReset)
    xQueueGenericSend                        0x080050d9   Thumb Code   420  queue.o(i.xQueueGenericSend)
    xQueueGenericSendFromISR                 0x08005281   Thumb Code   248  queue.o(i.xQueueGenericSendFromISR)
    xQueueReceive                            0x08005379   Thumb Code   356  queue.o(i.xQueueReceive)
    xTaskCheckForTimeOut                     0x080054e1   Thumb Code   132  tasks.o(i.xTaskCheckForTimeOut)
    xTaskCreate                              0x0800556d   Thumb Code    96  tasks.o(i.xTaskCreate)
    xTaskGetSchedulerState                   0x080055cd   Thumb Code    24  tasks.o(i.xTaskGetSchedulerState)
    xTaskGetTickCount                        0x080055ed   Thumb Code     6  tasks.o(i.xTaskGetTickCount)
    xTaskIncrementTick                       0x080055f9   Thumb Code   282  tasks.o(i.xTaskIncrementTick)
    xTaskPriorityDisinherit                  0x08005741   Thumb Code   188  tasks.o(i.xTaskPriorityDisinherit)
    xTaskRemoveFromEventList                 0x08005809   Thumb Code   128  tasks.o(i.xTaskRemoveFromEventList)
    xTaskResumeAll                           0x080058a1   Thumb Code   224  tasks.o(i.xTaskResumeAll)
    xTimerCreateTimerTask                    0x080059a5   Thumb Code    66  timers.o(i.xTimerCreateTimerTask)
    xTimerGenericCommand                     0x080059fd   Thumb Code   126  timers.o(i.xTimerGenericCommand)
    __aeabi_dneg                             0x08005a81   Thumb Code     0  basic.o(x$fpl$basic)
    _dneg                                    0x08005a81   Thumb Code     6  basic.o(x$fpl$basic)
    __aeabi_fneg                             0x08005a87   Thumb Code     0  basic.o(x$fpl$basic)
    _fneg                                    0x08005a87   Thumb Code     6  basic.o(x$fpl$basic)
    _dabs                                    0x08005a8d   Thumb Code     6  basic.o(x$fpl$basic)
    _fabs                                    0x08005a93   Thumb Code     6  basic.o(x$fpl$basic)
    __aeabi_d2f                              0x08005a99   Thumb Code     0  d2f.o(x$fpl$d2f)
    _d2f                                     0x08005a99   Thumb Code    98  d2f.o(x$fpl$d2f)
    __aeabi_dadd                             0x08005afd   Thumb Code     0  daddsub_clz.o(x$fpl$dadd)
    _dadd                                    0x08005afd   Thumb Code   332  daddsub_clz.o(x$fpl$dadd)
    __aeabi_ddiv                             0x08005c4d   Thumb Code     0  ddiv.o(x$fpl$ddiv)
    _ddiv                                    0x08005c4d   Thumb Code   552  ddiv.o(x$fpl$ddiv)
    __aeabi_d2iz                             0x08005efd   Thumb Code     0  dfix.o(x$fpl$dfix)
    _dfix                                    0x08005efd   Thumb Code    94  dfix.o(x$fpl$dfix)
    __aeabi_i2d                              0x08005f5b   Thumb Code     0  dflt_clz.o(x$fpl$dflt)
    _dflt                                    0x08005f5b   Thumb Code    46  dflt_clz.o(x$fpl$dflt)
    __aeabi_ui2d                             0x08005f89   Thumb Code     0  dflt_clz.o(x$fpl$dfltu)
    _dfltu                                   0x08005f89   Thumb Code    38  dflt_clz.o(x$fpl$dfltu)
    __aeabi_dmul                             0x08005fb1   Thumb Code     0  dmul.o(x$fpl$dmul)
    _dmul                                    0x08005fb1   Thumb Code   332  dmul.o(x$fpl$dmul)
    __fpl_dnaninf                            0x08006105   Thumb Code   156  dnaninf.o(x$fpl$dnaninf)
    __fpl_dretinf                            0x080061a1   Thumb Code    12  dretinf.o(x$fpl$dretinf)
    __aeabi_drsub                            0x080061ad   Thumb Code     0  daddsub_clz.o(x$fpl$drsb)
    _drsb                                    0x080061ad   Thumb Code    22  daddsub_clz.o(x$fpl$drsb)
    __aeabi_dsub                             0x080061c5   Thumb Code     0  daddsub_clz.o(x$fpl$dsub)
    _dsub                                    0x080061c5   Thumb Code   464  daddsub_clz.o(x$fpl$dsub)
    __aeabi_f2d                              0x08006399   Thumb Code     0  f2d.o(x$fpl$f2d)
    _f2d                                     0x08006399   Thumb Code    86  f2d.o(x$fpl$f2d)
    __fpl_fnaninf                            0x080063ef   Thumb Code   140  fnaninf.o(x$fpl$fnaninf)
    _fp_init                                 0x0800647b   Thumb Code    10  fpinit.o(x$fpl$fpinit)
    __fplib_config_fpu_vfp                   0x08006483   Thumb Code     0  fpinit.o(x$fpl$fpinit)
    __fplib_config_pureend_doubles           0x08006483   Thumb Code     0  fpinit.o(x$fpl$fpinit)
    __fpl_fretinf                            0x08006485   Thumb Code    10  fretinf.o(x$fpl$fretinf)
    CRC8_INIT                                0x0800648e   Data           1  crc8_crc16.o(.constdata)
    __I$use$fp                               0x0800648e   Number         0  usenofp.o(x$fpl$usenofp)
    CRC8_table                               0x0800648f   Data         256  crc8_crc16.o(.constdata)
    wCRC_table                               0x08006590   Data         512  crc8_crc16.o(.constdata)
    Region$$Table$$Base                      0x080068b0   Number         0  anon$$obj.o(Region$$Table)
    Region$$Table$$Limit                     0x080068d0   Number         0  anon$$obj.o(Region$$Table)
    SystemCoreClock                          0x20000000   Data           4  system_stm32f4xx.o(.data)
    AHBPrescTable                            0x20000004   Data          16  system_stm32f4xx.o(.data)
    pxCurrentTCB                             0x20000028   Data           4  tasks.o(.data)
    ChassisTask_Handler                      0x200000a4   Data           4  start_task.o(.data)
    DACESIONTask_Handler                     0x200000a8   Data           4  start_task.o(.data)
    send_power                               0x200000ac   Data           2  led_task.o(.data)
    now_power                                0x200000b0   Data           4  led_task.o(.data)
    dec_data                                 0x200000b4   Data           4  led_task.o(.data)
    i_block                                  0x200000b8   Data           8  chassis_task.o(.data)
    cap_data_ch                              0x200000c0   Data           4  chassis_task.o(.data)
    Buffer_point                             0x200000c4   Data           2  decision.o(.data)
    Segment_len                              0x200000c6   Data           2  decision.o(.data)
    farme_mode                               0x200000c8   Data           1  decision.o(.data)
    farme_mode_q                             0x200000c9   Data           1  decision.o(.data)
    farme_header_data                        0x200000ca   Data           6  decision.o(.data)
    d_cmd_id                                 0x200000d0   Data           2  decision.o(.data)
    d_CRC16                                  0x200000d2   Data           2  decision.o(.data)
    task_dec_data                            0x200000d8   Data           4  data_core.o(.data)
    cap_data_ui                              0x200000dc   Data           4  data_core.o(.data)
    user_rx_data_ui                          0x200000e0   Data           4  data_core.o(.data)
    can_cmd_1                                0x200000e4   Data           1  data_core.o(.data)
    _42mm_remain_heat                        0x200000e6   Data           2  data_core.o(.data)
    shoot_lock_42                            0x200000e8   Data           1  data_core.o(.data)
    _17mm_remain_heat                        0x200000ea   Data           2  data_core.o(.data)
    shoot_lock_17                            0x200000ec   Data           1  data_core.o(.data)
    send_data_cnt                            0x200000ee   Data           2  data_core.o(.data)
    send_data_cnt2                           0x200000f0   Data           2  data_core.o(.data)
    tx_robot                                 0x200000f2   Data           2  data_core.o(.data)
    rx_client                                0x200000f4   Data           2  data_core.o(.data)
    _remain_42mm_num                         0x200000f6   Data           2  data_core.o(.data)
    _small_shoot_power                       0x200000f8   Data           1  data_core.o(.data)
    bao                                      0x200000fa   Data           1  ui.o(.data)
    CRC16_INIT                               0x200000fc   Data           2  crc8_crc16.o(.data)
    user_rx_data                             0x20000100   Data           4  can_receive.o(.data)
    xQueueRegistry                           0x20000110   Data          64  queue.o(.bss)
    CM_pid_1                                 0x20012ee8   Data         136  chassis_task.o(.bss)
    CM_pid_2                                 0x20012f70   Data         136  chassis_task.o(.bss)
    CM_pid_3                                 0x20012ff8   Data         136  chassis_task.o(.bss)
    CM_pid_4                                 0x20013080   Data         136  chassis_task.o(.bss)
    RX_buffer                                0x20013108   Data          32  decision.o(.bss)
    decision_all_data                        0x20013128   Data         139  decision.o(.bss)
    LINE1                                    0x200131b4   Data          16  data_core.o(.bss)
    __libspace_start                         0x20013234   Data          96  libspace.o(.bss)
    __temporary_stack_top$libspace           0x20013294   Data           0  libspace.o(.bss)



==============================================================================

Memory Map of the image

  Image Entry point : 0x080001ad

  Load Region LR_IROM1 (Base: 0x08000000, Size: 0x000069e0, Max: 0x00200000, ABSOLUTE)

    Execution Region ER_IROM1 (Exec base: 0x08000000, Load base: 0x08000000, Size: 0x000068d0, Max: 0x00200000, ABSOLUTE)

    Exec Addr    Load Addr    Size         Type   Attr      Idx    E Section Name        Object

    0x08000000   0x08000000   0x000001ac   Data   RO         5065    RESET               startup_stm32f427xx.o
    0x080001ac   0x080001ac   0x00000008   Code   RO         7480  * !!!main             c_w.l(__main.o)
    0x080001b4   0x080001b4   0x00000034   Code   RO         7895    !!!scatter          c_w.l(__scatter.o)
    0x080001e8   0x080001e8   0x0000001a   Code   RO         7897    !!handler_copy      c_w.l(__scatter_copy.o)
    0x08000202   0x08000202   0x00000002   PAD
    0x08000204   0x08000204   0x0000001c   Code   RO         7899    !!handler_zi        c_w.l(__scatter_zi.o)
    0x08000220   0x08000220   0x00000002   Code   RO         7762    .ARM.Collect$$libinit$$00000000  c_w.l(libinit.o)
    0x08000222   0x08000222   0x00000004   Code   RO         7772    .ARM.Collect$$libinit$$00000001  c_w.l(libinit2.o)
    0x08000226   0x08000226   0x00000000   Code   RO         7775    .ARM.Collect$$libinit$$00000004  c_w.l(libinit2.o)
    0x08000226   0x08000226   0x00000000   Code   RO         7778    .ARM.Collect$$libinit$$0000000A  c_w.l(libinit2.o)
    0x08000226   0x08000226   0x00000000   Code   RO         7780    .ARM.Collect$$libinit$$0000000C  c_w.l(libinit2.o)
    0x08000226   0x08000226   0x00000000   Code   RO         7782    .ARM.Collect$$libinit$$0000000E  c_w.l(libinit2.o)
    0x08000226   0x08000226   0x00000000   Code   RO         7785    .ARM.Collect$$libinit$$00000011  c_w.l(libinit2.o)
    0x08000226   0x08000226   0x00000000   Code   RO         7787    .ARM.Collect$$libinit$$00000013  c_w.l(libinit2.o)
    0x08000226   0x08000226   0x00000000   Code   RO         7789    .ARM.Collect$$libinit$$00000015  c_w.l(libinit2.o)
    0x08000226   0x08000226   0x00000000   Code   RO         7791    .ARM.Collect$$libinit$$00000017  c_w.l(libinit2.o)
    0x08000226   0x08000226   0x00000000   Code   RO         7793    .ARM.Collect$$libinit$$00000019  c_w.l(libinit2.o)
    0x08000226   0x08000226   0x00000000   Code   RO         7795    .ARM.Collect$$libinit$$0000001B  c_w.l(libinit2.o)
    0x08000226   0x08000226   0x00000000   Code   RO         7797    .ARM.Collect$$libinit$$0000001D  c_w.l(libinit2.o)
    0x08000226   0x08000226   0x00000000   Code   RO         7799    .ARM.Collect$$libinit$$0000001F  c_w.l(libinit2.o)
    0x08000226   0x08000226   0x00000000   Code   RO         7801    .ARM.Collect$$libinit$$00000021  c_w.l(libinit2.o)
    0x08000226   0x08000226   0x00000000   Code   RO         7803    .ARM.Collect$$libinit$$00000023  c_w.l(libinit2.o)
    0x08000226   0x08000226   0x00000000   Code   RO         7805    .ARM.Collect$$libinit$$00000025  c_w.l(libinit2.o)
    0x08000226   0x08000226   0x00000000   Code   RO         7809    .ARM.Collect$$libinit$$0000002C  c_w.l(libinit2.o)
    0x08000226   0x08000226   0x00000000   Code   RO         7811    .ARM.Collect$$libinit$$0000002E  c_w.l(libinit2.o)
    0x08000226   0x08000226   0x00000000   Code   RO         7813    .ARM.Collect$$libinit$$00000030  c_w.l(libinit2.o)
    0x08000226   0x08000226   0x00000000   Code   RO         7815    .ARM.Collect$$libinit$$00000032  c_w.l(libinit2.o)
    0x08000226   0x08000226   0x00000002   Code   RO         7816    .ARM.Collect$$libinit$$00000033  c_w.l(libinit2.o)
    0x08000228   0x08000228   0x00000002   Code   RO         7836    .ARM.Collect$$libshutdown$$00000000  c_w.l(libshutdown.o)
    0x0800022a   0x0800022a   0x00000000   Code   RO         7850    .ARM.Collect$$libshutdown$$00000003  c_w.l(libshutdown2.o)
    0x0800022a   0x0800022a   0x00000000   Code   RO         7853    .ARM.Collect$$libshutdown$$00000006  c_w.l(libshutdown2.o)
    0x0800022a   0x0800022a   0x00000000   Code   RO         7856    .ARM.Collect$$libshutdown$$00000009  c_w.l(libshutdown2.o)
    0x0800022a   0x0800022a   0x00000000   Code   RO         7858    .ARM.Collect$$libshutdown$$0000000B  c_w.l(libshutdown2.o)
    0x0800022a   0x0800022a   0x00000000   Code   RO         7861    .ARM.Collect$$libshutdown$$0000000E  c_w.l(libshutdown2.o)
    0x0800022a   0x0800022a   0x00000002   Code   RO         7862    .ARM.Collect$$libshutdown$$0000000F  c_w.l(libshutdown2.o)
    0x0800022c   0x0800022c   0x00000000   Code   RO         7504    .ARM.Collect$$rtentry$$00000000  c_w.l(__rtentry.o)
    0x0800022c   0x0800022c   0x00000000   Code   RO         7650    .ARM.Collect$$rtentry$$00000002  c_w.l(__rtentry2.o)
    0x0800022c   0x0800022c   0x00000006   Code   RO         7662    .ARM.Collect$$rtentry$$00000004  c_w.l(__rtentry4.o)
    0x08000232   0x08000232   0x00000000   Code   RO         7652    .ARM.Collect$$rtentry$$00000009  c_w.l(__rtentry2.o)
    0x08000232   0x08000232   0x00000004   Code   RO         7653    .ARM.Collect$$rtentry$$0000000A  c_w.l(__rtentry2.o)
    0x08000236   0x08000236   0x00000000   Code   RO         7655    .ARM.Collect$$rtentry$$0000000C  c_w.l(__rtentry2.o)
    0x08000236   0x08000236   0x00000008   Code   RO         7656    .ARM.Collect$$rtentry$$0000000D  c_w.l(__rtentry2.o)
    0x0800023e   0x0800023e   0x00000002   Code   RO         7765    .ARM.Collect$$rtexit$$00000000  c_w.l(rtexit.o)
    0x08000240   0x08000240   0x00000000   Code   RO         7818    .ARM.Collect$$rtexit$$00000002  c_w.l(rtexit2.o)
    0x08000240   0x08000240   0x00000004   Code   RO         7819    .ARM.Collect$$rtexit$$00000003  c_w.l(rtexit2.o)
    0x08000244   0x08000244   0x00000006   Code   RO         7820    .ARM.Collect$$rtexit$$00000004  c_w.l(rtexit2.o)
    0x0800024a   0x0800024a   0x00000002   PAD
    0x0800024c   0x0800024c   0x000000be   Code   RO         6193    .emb_text           port.o
    0x0800030a   0x0800030a   0x00000002   PAD
    0x0800030c   0x0800030c   0x0000004c   Code   RO         5066    .text               startup_stm32f427xx.o
    0x08000358   0x08000358   0x0000008a   Code   RO         7470    .text               c_w.l(rt_memcpy_v6.o)
    0x080003e2   0x080003e2   0x00000010   Code   RO         7474    .text               c_w.l(aeabi_memset.o)
    0x080003f2   0x080003f2   0x0000004e   Code   RO         7476    .text               c_w.l(rt_memclr_w.o)
    0x08000440   0x08000440   0x00000006   Code   RO         7478    .text               c_w.l(heapauxi.o)
    0x08000446   0x08000446   0x00000016   Code   RO         7505    .text               c_w.l(_rserrno.o)
    0x0800045c   0x0800045c   0x00000064   Code   RO         7598    .text               c_w.l(rt_memcpy_w.o)
    0x080004c0   0x080004c0   0x00000044   Code   RO         7600    .text               c_w.l(rt_memclr.o)
    0x08000504   0x08000504   0x00000008   Code   RO         7667    .text               c_w.l(rt_errno_addr_intlibspace.o)
    0x0800050c   0x0800050c   0x00000008   Code   RO         7713    .text               c_w.l(libspace.o)
    0x08000514   0x08000514   0x0000004a   Code   RO         7716    .text               c_w.l(sys_stackheap_outer.o)
    0x0800055e   0x0800055e   0x0000000c   Code   RO         7755    .text               c_w.l(exit.o)
    0x0800056a   0x0800056a   0x00000002   PAD
    0x0800056c   0x0800056c   0x0000000c   Code   RO         7828    .text               c_w.l(sys_exit.o)
    0x08000578   0x08000578   0x00000002   Code   RO         7839    .text               c_w.l(use_no_semi.o)
    0x0800057a   0x0800057a   0x00000000   Code   RO         7841    .text               c_w.l(indicate_semi.o)
    0x0800057a   0x0800057a   0x00000002   PAD
    0x0800057c   0x0800057c   0x000000dc   Code   RO         7126    i.Abm_PID_init      ambition_pid.o
    0x08000658   0x08000658   0x000001f4   Code   RO         7127    i.Amb_PID_cail      ambition_pid.o
    0x0800084c   0x0800084c   0x00000004   Code   RO          207    i.BusFault_Handler  stm32f4xx_it.o
    0x08000850   0x08000850   0x00000030   Code   RO         7374    i.CAN1_RX0_IRQHandler  can_receive.o
    0x08000880   0x08000880   0x00000110   Code   RO         6724    i.CAN1_mode_init    can.o
    0x08000990   0x08000990   0x00000030   Code   RO         7375    i.CAN2_RX0_IRQHandler  can_receive.o
    0x080009c0   0x080009c0   0x00000114   Code   RO         6725    i.CAN2_mode_init    can.o
    0x08000ad4   0x08000ad4   0x00000064   Code   RO         7376    i.CAN_CMD_CHASSIS   can_receive.o
    0x08000b38   0x08000b38   0x0000005c   Code   RO         7378    i.CAN_CMD_JUDGMENT_DATA  can_receive.o
    0x08000b94   0x08000b94   0x00000054   Code   RO         7379    i.CAN_CMD_POWER_DATA  can_receive.o
    0x08000be8   0x08000be8   0x000000a8   Code   RO          627    i.CAN_ClearITPendingBit  stm32f4xx_can.o
    0x08000c90   0x08000c90   0x00000108   Code   RO          631    i.CAN_FilterInit    stm32f4xx_can.o
    0x08000d98   0x08000d98   0x00000120   Code   RO          633    i.CAN_GetITStatus   stm32f4xx_can.o
    0x08000eb8   0x08000eb8   0x00000012   Code   RO          637    i.CAN_ITConfig      stm32f4xx_can.o
    0x08000eca   0x08000eca   0x00000114   Code   RO          638    i.CAN_Init          stm32f4xx_can.o
    0x08000fde   0x08000fde   0x000000f0   Code   RO          641    i.CAN_Receive       stm32f4xx_can.o
    0x080010ce   0x080010ce   0x00000126   Code   RO          646    i.CAN_Transmit      stm32f4xx_can.o
    0x080011f4   0x080011f4   0x00000154   Code   RO         7380    i.CAN_hook          can_receive.o
    0x08001348   0x08001348   0x00000012   Code   RO          649    i.CheckITStatus     stm32f4xx_can.o
    0x0800135a   0x0800135a   0x00000002   Code   RO          208    i.DebugMon_Handler  stm32f4xx_it.o
    0x0800135c   0x0800135c   0x00000090   Code   RO         1984    i.GPIO_Init         stm32f4xx_gpio.o
    0x080013ec   0x080013ec   0x00000046   Code   RO         1985    i.GPIO_PinAFConfig  stm32f4xx_gpio.o
    0x08001432   0x08001432   0x00000004   Code   RO         1992    i.GPIO_SetBits      stm32f4xx_gpio.o
    0x08001436   0x08001436   0x00000008   Code   RO         1994    i.GPIO_ToggleBits   stm32f4xx_gpio.o
    0x0800143e   0x0800143e   0x00000004   Code   RO          209    i.HardFault_Handler  stm32f4xx_it.o
    0x08001442   0x08001442   0x00000002   PAD
    0x08001444   0x08001444   0x0000004c   Code   RO         6389    i.LEDTask           led_task.o
    0x08001490   0x08001490   0x00000004   Code   RO          210    i.MemManage_Handler  stm32f4xx_it.o
    0x08001494   0x08001494   0x00000002   Code   RO          211    i.NMI_Handler       stm32f4xx_it.o
    0x08001496   0x08001496   0x00000002   PAD
    0x08001498   0x08001498   0x00000078   Code   RO          305    i.NVIC_Init         misc.o
    0x08001510   0x08001510   0x00000014   Code   RO          306    i.NVIC_PriorityGroupConfig  misc.o
    0x08001524   0x08001524   0x00000020   Code   RO         2880    i.RCC_AHB1PeriphClockCmd  stm32f4xx_rcc.o
    0x08001544   0x08001544   0x00000020   Code   RO         2889    i.RCC_APB1PeriphClockCmd  stm32f4xx_rcc.o
    0x08001564   0x08001564   0x00000020   Code   RO         2891    i.RCC_APB1PeriphResetCmd  stm32f4xx_rcc.o
    0x08001584   0x08001584   0x000000e8   Code   RO         2901    i.RCC_GetClocksFreq  stm32f4xx_rcc.o
    0x0800166c   0x0800166c   0x00000120   Code   RO          264    i.SetSysClock       system_stm32f4xx.o
    0x0800178c   0x0800178c   0x0000002c   Code   RO         6319    i.StartTask         start_task.o
    0x080017b8   0x080017b8   0x00000028   Code   RO          309    i.SysTick_CLKSourceConfig  misc.o
    0x080017e0   0x080017e0   0x00000010   Code   RO         5073    i.SysTick_Handler   delay.o
    0x080017f0   0x080017f0   0x00000068   Code   RO          266    i.SystemInit        system_stm32f4xx.o
    0x08001858   0x08001858   0x00000038   Code   RO         6561    i.USART2_IRQHandler  decision.o
    0x08001890   0x08001890   0x00000012   Code   RO         4808    i.USART_ClearFlag   stm32f4xx_usart.o
    0x080018a2   0x080018a2   0x00000018   Code   RO         4812    i.USART_Cmd         stm32f4xx_usart.o
    0x080018ba   0x080018ba   0x0000001a   Code   RO         4815    i.USART_GetFlagStatus  stm32f4xx_usart.o
    0x080018d4   0x080018d4   0x00000054   Code   RO         4816    i.USART_GetITStatus  stm32f4xx_usart.o
    0x08001928   0x08001928   0x0000004a   Code   RO         4818    i.USART_ITConfig    stm32f4xx_usart.o
    0x08001972   0x08001972   0x00000002   PAD
    0x08001974   0x08001974   0x000000d4   Code   RO         4819    i.USART_Init        stm32f4xx_usart.o
    0x08001a48   0x08001a48   0x0000000a   Code   RO         4826    i.USART_ReceiveData  stm32f4xx_usart.o
    0x08001a52   0x08001a52   0x00000008   Code   RO         4829    i.USART_SendData    stm32f4xx_usart.o
    0x08001a5a   0x08001a5a   0x00000004   Code   RO          212    i.UsageFault_Handler  stm32f4xx_it.o
    0x08001a5e   0x08001a5e   0x00000030   Code   RO         7709    i.__ARM_fpclassify  m_wm.l(fpclassify.o)
    0x08001a8e   0x08001a8e   0x00000014   Code   RO         7486    i.__hardfp_fabs     m_wm.l(fabs.o)
    0x08001aa2   0x08001aa2   0x00000006   PAD
    0x08001aa8   0x08001aa8   0x000000c8   Code   RO         7492    i.__hardfp_sin      m_wm.l(sin.o)
    0x08001b70   0x08001b70   0x00000438   Code   RO         7638    i.__ieee754_rem_pio2  m_wm.l(rred.o)
    0x08001fa8   0x08001fa8   0x00000170   Code   RO         7621    i.__kernel_cos      m_wm.l(cos_i.o)
    0x08002118   0x08002118   0x000000f8   Code   RO         7711    i.__kernel_poly     m_wm.l(poly.o)
    0x08002210   0x08002210   0x00000130   Code   RO         7643    i.__kernel_sin      m_wm.l(sin_i.o)
    0x08002340   0x08002340   0x00000014   Code   RO         7625    i.__mathlib_dbl_infnan  m_wm.l(dunder.o)
    0x08002354   0x08002354   0x00000004   PAD
    0x08002358   0x08002358   0x00000020   Code   RO         7627    i.__mathlib_dbl_invalid  m_wm.l(dunder.o)
    0x08002378   0x08002378   0x00000020   Code   RO         7630    i.__mathlib_dbl_underflow  m_wm.l(dunder.o)
    0x08002398   0x08002398   0x000000c0   Code   RO         7128    i.activation_function  ambition_pid.o
    0x08002458   0x08002458   0x00000018   Code   RO         7272    i.addCRC            ui.o
    0x08002470   0x08002470   0x00000030   Code   RO         7325    i.append_CRC16_check_sum  crc8_crc16.o
    0x080024a0   0x080024a0   0x00000024   Code   RO         7326    i.append_CRC8_check_sum  crc8_crc16.o
    0x080024c4   0x080024c4   0x000001e0   Code   RO         6492    i.chassis_control_loop  chassis_task.o
    0x080026a4   0x080026a4   0x0000012c   Code   RO         6493    i.chassis_feedback_update  chassis_task.o
    0x080027d0   0x080027d0   0x00000130   Code   RO         6494    i.chassis_init      chassis_task.o
    0x08002900   0x08002900   0x00000040   Code   RO         6495    i.chassis_task      chassis_task.o
    0x08002940   0x08002940   0x00000050   Code   RO         6496    i.chassis_vector_to_mecanum_wheel_speed  chassis_task.o
    0x08002990   0x08002990   0x000000d4   Code   RO         7273    i.clean_ui          ui.o
    0x08002a64   0x08002a64   0x00000014   Code   RO         7274    i.copy              ui.o
    0x08002a78   0x08002a78   0x00000024   Code   RO         7275    i.copy_s            ui.o
    0x08002a9c   0x08002a9c   0x000002b4   Code   RO         6669    i.data_core_task    data_core.o
    0x08002d50   0x08002d50   0x00000022   Code   RO         6497    i.data_rate_change_int16_to_fp32  chassis_task.o
    0x08002d72   0x08002d72   0x00000002   PAD
    0x08002d74   0x08002d74   0x00000058   Code   RO         7129    i.deal_err          ambition_pid.o
    0x08002dcc   0x08002dcc   0x000000b4   Code   RO         6563    i.decision_mode_set  decision.o
    0x08002e80   0x08002e80   0x00000024   Code   RO         6564    i.decision_reset_point  decision.o
    0x08002ea4   0x08002ea4   0x000000c8   Code   RO         6565    i.decision_write_buffer  decision.o
    0x08002f6c   0x08002f6c   0x00000128   Code   RO         6566    i.decision_write_datasegment_struct  decision.o
    0x08003094   0x08003094   0x00000044   Code   RO         5074    i.delay_init        delay.o
    0x080030d8   0x080030d8   0x000000c8   Code   RO         7276    i.drawOnePicture    ui.o
    0x080031a0   0x080031a0   0x00000018   Code   RO         7488    i.fabs              m_wm.l(fabs.o)
    0x080031b8   0x080031b8   0x00000018   Code   RO         6754    i.flow_led_off      led.o
    0x080031d0   0x080031d0   0x00000008   Code   RO         7381    i.get_CHRX_data_Point  can_receive.o
    0x080031d8   0x080031d8   0x00000034   Code   RO         7327    i.get_CRC16_check_sum  crc8_crc16.o
    0x0800320c   0x0800320c   0x00000024   Code   RO         7328    i.get_CRC8_check_sum  crc8_crc16.o
    0x08003230   0x08003230   0x00000018   Code   RO         7382    i.get_Chassis_Motor_Measure_Point  can_receive.o
    0x08003248   0x08003248   0x00000058   Code   RO         7383    i.get_cap_data      can_receive.o
    0x080032a0   0x080032a0   0x00000008   Code   RO         7384    i.get_cap_data_Point  can_receive.o
    0x080032a8   0x080032a8   0x00000008   Code   RO         7385    i.get_user_rx_data_Point  can_receive.o
    0x080032b0   0x080032b0   0x0000006c   Code   RO         6757    i.led_configuration  led.o
    0x0800331c   0x0800331c   0x00000014   Code   RO         6758    i.led_green_off     led.o
    0x08003330   0x08003330   0x00000014   Code   RO         6760    i.led_green_toggle  led.o
    0x08003344   0x08003344   0x00000014   Code   RO         6761    i.led_red_off       led.o
    0x08003358   0x08003358   0x00000060   Code   RO         7184    i.loop_fp32_constrain  user_lib.o
    0x080033b8   0x080033b8   0x00000040   Code   RO            4    i.main              main.o
    0x080033f8   0x080033f8   0x0000001a   Code   RO         7130    i.pid_abs           ambition_pid.o
    0x08003412   0x08003412   0x0000002e   Code   RO         7131    i.pid_max_limit     ambition_pid.o
    0x08003440   0x08003440   0x00000098   Code   RO         5676    i.prvAddCurrentTaskToDelayedList  tasks.o
    0x080034d8   0x080034d8   0x000000b8   Code   RO         5677    i.prvAddNewTaskToReadyList  tasks.o
    0x08003590   0x08003590   0x00000064   Code   RO         6039    i.prvCheckForValidListAndQueue  timers.o
    0x080035f4   0x080035f4   0x00000048   Code   RO         5678    i.prvCheckTasksWaitingTermination  tasks.o
    0x0800363c   0x0800363c   0x0000002a   Code   RO         5299    i.prvCopyDataFromQueue  queue.o
    0x08003666   0x08003666   0x0000007e   Code   RO         5300    i.prvCopyDataToQueue  queue.o
    0x080036e4   0x080036e4   0x00000012   Code   RO         5679    i.prvDeleteTCB      tasks.o
    0x080036f6   0x080036f6   0x00000002   PAD
    0x080036f8   0x080036f8   0x00000028   Code   RO         6040    i.prvGetNextExpireTime  timers.o
    0x08003720   0x08003720   0x0000007c   Code   RO         6270    i.prvHeapInit       heap_4.o
    0x0800379c   0x0800379c   0x00000028   Code   RO         5680    i.prvIdleTask       tasks.o
    0x080037c4   0x080037c4   0x0000002a   Code   RO         5303    i.prvInitialiseNewQueue  queue.o
    0x080037ee   0x080037ee   0x000000be   Code   RO         5681    i.prvInitialiseNewTask  tasks.o
    0x080038ac   0x080038ac   0x00000068   Code   RO         5682    i.prvInitialiseTaskLists  tasks.o
    0x08003914   0x08003914   0x00000068   Code   RO         6271    i.prvInsertBlockIntoFreeList  heap_4.o
    0x0800397c   0x0800397c   0x00000058   Code   RO         6042    i.prvInsertTimerInActiveList  timers.o
    0x080039d4   0x080039d4   0x0000001a   Code   RO         5304    i.prvIsQueueEmpty   queue.o
    0x080039ee   0x080039ee   0x0000001e   Code   RO         5305    i.prvIsQueueFull    queue.o
    0x08003a0c   0x08003a0c   0x00000074   Code   RO         6043    i.prvProcessExpiredTimer  timers.o
    0x08003a80   0x08003a80   0x00000138   Code   RO         6044    i.prvProcessReceivedCommands  timers.o
    0x08003bb8   0x08003bb8   0x00000074   Code   RO         6045    i.prvProcessTimerOrBlockTask  timers.o
    0x08003c2c   0x08003c2c   0x00000034   Code   RO         5684    i.prvResetNextTaskUnblockTime  tasks.o
    0x08003c60   0x08003c60   0x0000002c   Code   RO         6046    i.prvSampleTimeNow  timers.o
    0x08003c8c   0x08003c8c   0x000000a4   Code   RO         6047    i.prvSwitchTimerLists  timers.o
    0x08003d30   0x08003d30   0x00000040   Code   RO         6194    i.prvTaskExitError  port.o
    0x08003d70   0x08003d70   0x0000001a   Code   RO         6048    i.prvTimerTask      timers.o
    0x08003d8a   0x08003d8a   0x0000007e   Code   RO         5306    i.prvUnlockQueue    queue.o
    0x08003e08   0x08003e08   0x0000013c   Code   RO         6272    i.pvPortMalloc      heap_4.o
    0x08003f44   0x08003f44   0x0000002c   Code   RO         6195    i.pxPortInitialiseStack  port.o
    0x08003f70   0x08003f70   0x00000008   Code   RO         6568    i.return_decision_data_point  decision.o
    0x08003f78   0x08003f78   0x000001f4   Code   RO         6670    i.scale_ui          data_core.o
    0x0800416c   0x0800416c   0x0000002c   Code   RO         7277    i.sendData          ui.o
    0x08004198   0x08004198   0x00000098   Code   RO         6320    i.start_task        start_task.o
    0x08004230   0x08004230   0x000001a0   Code   RO         6671    i.test_ui           data_core.o
    0x080043d0   0x080043d0   0x00000104   Code   RO         6672    i.ui_float          data_core.o
    0x080044d4   0x080044d4   0x000000b4   Code   RO         6877    i.usart2_init       usart.o
    0x08004588   0x08004588   0x000002b8   Code   RO         6673    i.user_ui_1         data_core.o
    0x08004840   0x08004840   0x00000028   Code   RO         5259    i.uxListRemove      list.o
    0x08004868   0x08004868   0x0000001a   Code   RO         5260    i.vListInitialise   list.o
    0x08004882   0x08004882   0x00000006   Code   RO         5261    i.vListInitialiseItem  list.o
    0x08004888   0x08004888   0x00000034   Code   RO         5262    i.vListInsert       list.o
    0x080048bc   0x080048bc   0x00000018   Code   RO         5263    i.vListInsertEnd    list.o
    0x080048d4   0x080048d4   0x00000054   Code   RO         6197    i.vPortEnterCritical  port.o
    0x08004928   0x08004928   0x0000003c   Code   RO         6198    i.vPortExitCritical  port.o
    0x08004964   0x08004964   0x00000094   Code   RO         6273    i.vPortFree         heap_4.o
    0x080049f8   0x080049f8   0x00000028   Code   RO         6199    i.vPortSetupTimerInterrupt  port.o
    0x08004a20   0x08004a20   0x00000078   Code   RO         6200    i.vPortValidateInterruptPriority  port.o
    0x08004a98   0x08004a98   0x0000002c   Code   RO         5312    i.vQueueAddToRegistry  queue.o
    0x08004ac4   0x08004ac4   0x0000004a   Code   RO         5316    i.vQueueWaitForMessageRestricted  queue.o
    0x08004b0e   0x08004b0e   0x00000002   PAD
    0x08004b10   0x08004b10   0x0000005c   Code   RO         5696    i.vTaskDelay        tasks.o
    0x08004b6c   0x08004b6c   0x000000f4   Code   RO         5698    i.vTaskDelete       tasks.o
    0x08004c60   0x08004c60   0x00000018   Code   RO         5701    i.vTaskInternalSetTimeOutState  tasks.o
    0x08004c78   0x08004c78   0x0000000c   Code   RO         5702    i.vTaskMissedYield  tasks.o
    0x08004c84   0x08004c84   0x00000038   Code   RO         5704    i.vTaskPlaceOnEventList  tasks.o
    0x08004cbc   0x08004cbc   0x00000040   Code   RO         5705    i.vTaskPlaceOnEventListRestricted  tasks.o
    0x08004cfc   0x08004cfc   0x00000094   Code   RO         5713    i.vTaskStartScheduler  tasks.o
    0x08004d90   0x08004d90   0x00000010   Code   RO         5715    i.vTaskSuspendAll   tasks.o
    0x08004da0   0x08004da0   0x0000008c   Code   RO         5716    i.vTaskSwitchContext  tasks.o
    0x08004e2c   0x08004e2c   0x0000001c   Code   RO         6573    i.write_data_from_buffer_to_uion  decision.o
    0x08004e48   0x08004e48   0x00000168   Code   RO         6201    i.xPortStartScheduler  port.o
    0x08004fb0   0x08004fb0   0x00000034   Code   RO         6202    i.xPortSysTickHandler  port.o
    0x08004fe4   0x08004fe4   0x0000005a   Code   RO         5319    i.xQueueGenericCreate  queue.o
    0x0800503e   0x0800503e   0x00000002   PAD
    0x08005040   0x08005040   0x00000098   Code   RO         5320    i.xQueueGenericReset  queue.o
    0x080050d8   0x080050d8   0x000001a8   Code   RO         5321    i.xQueueGenericSend  queue.o
    0x08005280   0x08005280   0x000000f8   Code   RO         5322    i.xQueueGenericSendFromISR  queue.o
    0x08005378   0x08005378   0x00000168   Code   RO         5329    i.xQueueReceive     queue.o
    0x080054e0   0x080054e0   0x0000008c   Code   RO         5717    i.xTaskCheckForTimeOut  tasks.o
    0x0800556c   0x0800556c   0x00000060   Code   RO         5718    i.xTaskCreate       tasks.o
    0x080055cc   0x080055cc   0x00000020   Code   RO         5723    i.xTaskGetSchedulerState  tasks.o
    0x080055ec   0x080055ec   0x0000000c   Code   RO         5724    i.xTaskGetTickCount  tasks.o
    0x080055f8   0x080055f8   0x00000148   Code   RO         5726    i.xTaskIncrementTick  tasks.o
    0x08005740   0x08005740   0x000000c8   Code   RO         5729    i.xTaskPriorityDisinherit  tasks.o
    0x08005808   0x08005808   0x00000098   Code   RO         5731    i.xTaskRemoveFromEventList  tasks.o
    0x080058a0   0x080058a0   0x00000104   Code   RO         5732    i.xTaskResumeAll    tasks.o
    0x080059a4   0x080059a4   0x00000058   Code   RO         6055    i.xTimerCreateTimerTask  timers.o
    0x080059fc   0x080059fc   0x00000084   Code   RO         6056    i.xTimerGenericCommand  timers.o
    0x08005a80   0x08005a80   0x00000018   Code   RO         7602    x$fpl$basic         fz_wm.l(basic.o)
    0x08005a98   0x08005a98   0x00000062   Code   RO         7482    x$fpl$d2f           fz_wm.l(d2f.o)
    0x08005afa   0x08005afa   0x00000002   PAD
    0x08005afc   0x08005afc   0x00000150   Code   RO         7687    x$fpl$dadd          fz_wm.l(daddsub_clz.o)
    0x08005c4c   0x08005c4c   0x000002b0   Code   RO         7694    x$fpl$ddiv          fz_wm.l(ddiv.o)
    0x08005efc   0x08005efc   0x0000005e   Code   RO         7697    x$fpl$dfix          fz_wm.l(dfix.o)
    0x08005f5a   0x08005f5a   0x0000002e   Code   RO         7702    x$fpl$dflt          fz_wm.l(dflt_clz.o)
    0x08005f88   0x08005f88   0x00000026   Code   RO         7701    x$fpl$dfltu         fz_wm.l(dflt_clz.o)
    0x08005fae   0x08005fae   0x00000002   PAD
    0x08005fb0   0x08005fb0   0x00000154   Code   RO         7707    x$fpl$dmul          fz_wm.l(dmul.o)
    0x08006104   0x08006104   0x0000009c   Code   RO         7604    x$fpl$dnaninf       fz_wm.l(dnaninf.o)
    0x080061a0   0x080061a0   0x0000000c   Code   RO         7606    x$fpl$dretinf       fz_wm.l(dretinf.o)
    0x080061ac   0x080061ac   0x00000016   Code   RO         7688    x$fpl$drsb          fz_wm.l(daddsub_clz.o)
    0x080061c2   0x080061c2   0x00000002   PAD
    0x080061c4   0x080061c4   0x000001d4   Code   RO         7689    x$fpl$dsub          fz_wm.l(daddsub_clz.o)
    0x08006398   0x08006398   0x00000056   Code   RO         7484    x$fpl$f2d           fz_wm.l(f2d.o)
    0x080063ee   0x080063ee   0x0000008c   Code   RO         7608    x$fpl$fnaninf       fz_wm.l(fnaninf.o)
    0x0800647a   0x0800647a   0x0000000a   Code   RO         7826    x$fpl$fpinit        fz_wm.l(fpinit.o)
    0x08006484   0x08006484   0x0000000a   Code   RO         7610    x$fpl$fretinf       fz_wm.l(fretinf.o)
    0x0800648e   0x0800648e   0x00000000   Code   RO         7620    x$fpl$usenofp       fz_wm.l(usenofp.o)
    0x0800648e   0x0800648e   0x00000302   Data   RO         7331    .constdata          crc8_crc16.o
    0x08006790   0x08006790   0x00000030   Data   RO         7622    .constdata          m_wm.l(cos_i.o)
    0x080067c0   0x080067c0   0x000000c8   Data   RO         7640    .constdata          m_wm.l(rred.o)
    0x08006888   0x08006888   0x00000028   Data   RO         7644    .constdata          m_wm.l(sin_i.o)
    0x080068b0   0x080068b0   0x00000020   Data   RO         7893    Region$$Table       anon$$obj.o


    Execution Region RW_IRAM1 (Exec base: 0x20000000, Load base: 0x080068d0, Size: 0x00013698, Max: 0x00030000, ABSOLUTE)

    Exec Addr    Load Addr    Size         Type   Attr      Idx    E Section Name        Object

    0x20000000   0x080068d0   0x00000014   Data   RW          267    .data               system_stm32f4xx.o
    0x20000014   0x080068e4   0x00000010   Data   RW         2933    .data               stm32f4xx_rcc.o
    0x20000024   0x080068f4   0x00000004   Data   RW         5078    .data               delay.o
    0x20000028   0x080068f8   0x0000003c   Data   RW         5735    .data               tasks.o
    0x20000064   0x08006934   0x00000014   Data   RW         6062    .data               timers.o
    0x20000078   0x08006948   0x0000000c   Data   RW         6203    .data               port.o
    0x20000084   0x08006954   0x00000018   Data   RW         6278    .data               heap_4.o
    0x2000009c   0x0800696c   0x00000010   Data   RW         6321    .data               start_task.o
    0x200000ac   0x0800697c   0x0000000c   Data   RW         6390    .data               led_task.o
    0x200000b8   0x08006988   0x0000000c   Data   RW         6499    .data               chassis_task.o
    0x200000c4   0x08006994   0x00000011   Data   RW         6576    .data               decision.o
    0x200000d5   0x080069a5   0x00000003   PAD
    0x200000d8   0x080069a8   0x00000022   Data   RW         6675    .data               data_core.o
    0x200000fa   0x080069ca   0x00000001   Data   RW         7278    .data               ui.o
    0x200000fb   0x080069cb   0x00000001   PAD
    0x200000fc   0x080069cc   0x00000002   Data   RW         7332    .data               crc8_crc16.o
    0x200000fe   0x080069ce   0x00000002   PAD
    0x20000100   0x080069d0   0x0000000d   Data   RW         7387    .data               can_receive.o
    0x2000010d   0x080069dd   0x00000003   PAD
    0x20000110        -       0x00000040   Zero   RW         5333    .bss                queue.o
    0x20000150        -       0x000000c8   Zero   RW         5734    .bss                tasks.o
    0x20000218        -       0x00000028   Zero   RW         6061    .bss                timers.o
    0x20000240        -       0x00012c00   Zero   RW         6277    .bss                heap_4.o
    0x20012e40        -       0x000002c8   Zero   RW         6498    .bss                chassis_task.o
    0x20013108        -       0x000000ab   Zero   RW         6575    .bss                decision.o
    0x200131b3   0x080069dd   0x00000001   PAD
    0x200131b4        -       0x00000010   Zero   RW         6674    .bss                data_core.o
    0x200131c4        -       0x00000070   Zero   RW         7386    .bss                can_receive.o
    0x20013234        -       0x00000060   Zero   RW         7714    .bss                c_w.l(libspace.o)
    0x20013294   0x080069dd   0x00000004   PAD
    0x20013298        -       0x00000000   Zero   RW         5064    HEAP                startup_stm32f427xx.o
    0x20013298        -       0x00000400   Zero   RW         5063    STACK               startup_stm32f427xx.o


==============================================================================

Image component sizes


      Code (inc. data)   RO Data    RW Data    ZI Data      Debug   Object Name

      1072         32          0          0          0       4790   ambition_pid.o
       548         16          0          0          0       1994   can.o
       848         84          0         13        112       8155   can_receive.o
      1262         84          0         12        712       6181   chassis_task.o
       172         16        770          2          0       3541   crc8_crc16.o
      2564         96          0         34         16       7481   data_core.o
       804        104          0         17        171       5027   decision.o
        84         10          0          4          0       1295   delay.o
         0          0          0          0          0       9656   event_groups.o
       692         62          0         24      76800       4395   heap_4.o
       192         36          0          0          0       2540   led.o
        76         10          0         12          0     272650   led_task.o
       148          0          0          0          0       3222   list.o
        64          0          0          0          0      40987   main.o
       180         24          0          0          0     255149   misc.o
      1014         92          0         12          0      11529   port.o
      1784         20          0          0         64      15474   queue.o
       196         84          0         16          0      12624   start_task.o
        76         28        428          0       1024        848   startup_stm32f427xx.o
      1566         16          0          0          0       6410   stm32f4xx_can.o
       226          0          0          0          0       2888   stm32f4xx_gpio.o
        20          0          0          0          0       2753   stm32f4xx_it.o
       328         36          0         16          0       4691   stm32f4xx_rcc.o
       456          8          0          0          0       6023   stm32f4xx_usart.o
       392         32          0         20          0       1789   system_stm32f4xx.o
      2828        390          0         60        200      24684   tasks.o
      1226        116          0         20         40      22343   timers.o
       536         14          0          1          0       4502   ui.o
       180          8          0          0          0        710   usart.o
        96          0          0          0          0        842   user_lib.o

    ----------------------------------------------------------------------
     19646       1418       1230        272      79140     745173   Object Totals
         0          0         32          0          0          0   (incl. Generated)
        16          0          0          9          1          0   (incl. Padding)

    ----------------------------------------------------------------------

      Code (inc. data)   RO Data    RW Data    ZI Data      Debug   Library Member Name

         8          0          0          0          0         68   __main.o
         0          0          0          0          0          0   __rtentry.o
        12          0          0          0          0          0   __rtentry2.o
         6          0          0          0          0          0   __rtentry4.o
        52          8          0          0          0          0   __scatter.o
        26          0          0          0          0          0   __scatter_copy.o
        28          0          0          0          0          0   __scatter_zi.o
        22          0          0          0          0        100   _rserrno.o
        16          0          0          0          0         68   aeabi_memset.o
        12          0          0          0          0         72   exit.o
         6          0          0          0          0        152   heapauxi.o
         0          0          0          0          0          0   indicate_semi.o
         2          0          0          0          0          0   libinit.o
         6          0          0          0          0          0   libinit2.o
         2          0          0          0          0          0   libshutdown.o
         2          0          0          0          0          0   libshutdown2.o
         8          4          0          0         96         68   libspace.o
         8          4          0          0          0         68   rt_errno_addr_intlibspace.o
        68          0          0          0          0         68   rt_memclr.o
        78          0          0          0          0         80   rt_memclr_w.o
       138          0          0          0          0         68   rt_memcpy_v6.o
       100          0          0          0          0         80   rt_memcpy_w.o
         2          0          0          0          0          0   rtexit.o
        10          0          0          0          0          0   rtexit2.o
        12          4          0          0          0         68   sys_exit.o
        74          0          0          0          0         80   sys_stackheap_outer.o
         2          0          0          0          0         68   use_no_semi.o
        24          0          0          0          0        164   basic.o
        98          4          0          0          0        140   d2f.o
       826         16          0          0          0        492   daddsub_clz.o
       688        140          0          0          0        256   ddiv.o
        94          4          0          0          0        140   dfix.o
        84          0          0          0          0        232   dflt_clz.o
       340         12          0          0          0        152   dmul.o
       156          4          0          0          0        140   dnaninf.o
        12          0          0          0          0        116   dretinf.o
        86          4          0          0          0        132   f2d.o
       140          4          0          0          0        132   fnaninf.o
        10          0          0          0          0        116   fpinit.o
        10          0          0          0          0        116   fretinf.o
         0          0          0          0          0          0   usenofp.o
       368         46         48          0          0        200   cos_i.o
        84         16          0          0          0        372   dunder.o
        44          0          0          0          0        248   fabs.o
        48          0          0          0          0        124   fpclassify.o
       248          0          0          0          0        152   poly.o
      1080        142        200          0          0        188   rred.o
       200         20          0          0          0        164   sin.o
       304         24         40          0          0        208   sin_i.o

    ----------------------------------------------------------------------
      5668        456        288          0        100       5092   Library Totals
        24          0          0          0          4          0   (incl. Padding)

    ----------------------------------------------------------------------

      Code (inc. data)   RO Data    RW Data    ZI Data      Debug   Library Name

       700         20          0          0         96       1108   c_w.l
      2568        188          0          0          0       2328   fz_wm.l
      2376        248        288          0          0       1656   m_wm.l

    ----------------------------------------------------------------------
      5668        456        288          0        100       5092   Library Totals

    ----------------------------------------------------------------------

==============================================================================


      Code (inc. data)   RO Data    RW Data    ZI Data      Debug   

     25314       1874       1518        272      79240     731845   Grand Totals
     25314       1874       1518        272      79240     731845   ELF Image Totals
     25314       1874       1518        272          0          0   ROM Totals

==============================================================================

    Total RO  Size (Code + RO Data)                26832 (  26.20kB)
    Total RW  Size (RW Data + ZI Data)             79512 (  77.65kB)
    Total ROM Size (Code + RO Data + RW Data)      27104 (  26.47kB)

==============================================================================

